
> kyahoofinance032926@1.0.0 test
> vitest run

node.exe : [2m7:14:40 PM[22m [33m[1m[vite][22m[39m [33mwarning: `esbuild` option was specified by 
"vite:react-babel" plugin. This option is deprecated, please use `oxc` instead.[39m
At line:1 char:1
+ & "C:\Program Files\nodejs/node.exe" "C:\Program Files\nodejs/node_mo ...
+ ~~~~~~~~~~~~~~~~~~~~~~~~~~~~~~~~~~~~~~~~~~~~~~~~~~~~~~~~~~~~~~~~~~~~~
    + CategoryInfo          : NotSpecified: ([2m7:14:40 PM...` instead.[39m:String) [], RemoteException
    + FullyQualifiedErrorId : NativeCommandError
 
[2m7:14:40 PM[22m [33m[1m[vite][22m[39m [33mwarning: `optimizeDeps.esbuildOptions` option was specified by 
"vite:react-babel" plugin. This option is deprecated, please use `optimizeDeps.rolldownOptions` instead.[39m
[33mBoth esbuild and oxc options were set. oxc options will be used and esbuild options will be ignored.[39m The 
following esbuild options were set: `{ jsx: 'automatic', jsxImportSource: undefined }`

 RUN  v4.1.2 C:/Users/kevin/Desktop/kyahoofinance032926

stderr | src/__tests__/crypto/useCryptoData.test.js > useCryptoData > returns coinMarketData with 20 coins on mock 
fallback
[Crypto] no server

stderr | src/__tests__/crypto/useCryptoData.test.js > useCryptoData > returns fearGreedData with value and 30-day 
history on mock fallback
[Crypto] no server

stderr | src/__tests__/sentiment/useSentimentData.test.js > useSentimentData > returns fearGreedData with 252-entry 
history on mock fallback
[Sentiment] no server

stderr | src/__tests__/sentiment/useSentimentData.test.js > useSentimentData > returns cftcData with 6 currencies and 
correct groups on mock fallback
[Sentiment] no server

stderr | src/__tests__/derivatives/useDerivativesData.test.js > useDerivativesData > returns mock volSurfaceData on 
server failure
[Derivatives] no server

stderr | src/__tests__/derivatives/useDerivativesData.test.js > useDerivativesData > returns mock vixTermStructure on 
server failure
[Derivatives] no server

stderr | src/__tests__/insurance/useInsuranceData.test.js > useInsuranceData > returns mock catBondSpreads on initial 
render
[Insurance] server unavailable

stderr | src/__tests__/insurance/useInsuranceData.test.js > useInsuranceData > returns mock combinedRatioData on 
server failure
[Insurance] server unavailable

stderr | src/__tests__/globalMacro/useGlobalMacroData.test.js > useGlobalMacroData > returns scorecardData with 12 
countries on mock fallback
[GlobalMacro] no server

stderr | src/__tests__/globalMacro/useGlobalMacroData.test.js > useGlobalMacroData > returns growthInflationData with 
year and 12 countries on mock fallback
[GlobalMacro] no server

stderr | src/__tests__/credit/useCreditData.test.js > useCreditData > returns spreadData with current spreads and 
12-month history on mock fallback
[Credit] no server

stderr | src/__tests__/credit/useCreditData.test.js > useCreditData > returns emBondData with 12 countries and 4 
regions on mock fallback
[Credit] no server

stderr | src/__tests__/calendar/useCalendarData.test.js > useCalendarData > returns mock economicEvents on server 
failure
[Calendar] no server

stderr | src/__tests__/calendar/useCalendarData.test.js > useCalendarData > returns mock centralBanks on server failure
[Calendar] no server

stderr | src/__tests__/commodities/useCommoditiesData.test.js > useCommoditiesData > returns priceDashboardData with 3 
sectors on mock fallback
Enhanced commodities fetch failed, trying legacy endpoint: no server

stderr | src/__tests__/commodities/useCommoditiesData.test.js > useCommoditiesData > returns priceDashboardData with 3 
sectors on mock fallback
[Commodities] no server

stderr | src/__tests__/commodities/useCommoditiesData.test.js > useCommoditiesData > returns futuresCurveData with 
labels and prices arrays on mock fallback
Enhanced commodities fetch failed, trying legacy endpoint: no server

stderr | src/__tests__/commodities/useCommoditiesData.test.js > useCommoditiesData > returns futuresCurveData with 
labels and prices arrays on mock fallback
[Commodities] no server

stderr | src/__tests__/bonds/useBondsData.test.js > useBondsData > returns mock yieldCurveData on server failure
[Bonds] no server

stderr | src/__tests__/bonds/useBondsData.test.js > useBondsData > returns mock spreadData on server failure
[Bonds] no server

stderr | src/__tests__/equitiesDeepDive/useEquityDeepDiveData.test.js > useEquityDeepDiveData > returns sectorData 
with 12 sectors on mock fallback
[EquityDeepDive] no server

stderr | src/__tests__/equitiesDeepDive/useEquityDeepDiveData.test.js > useEquityDeepDiveData > returns factorData 
with inFavor and 20 stocks on mock fallback
[EquityDeepDive] no server

stderr | src/__tests__/credit/useCreditData.test.js > useCreditData > returns loanData with 7 CLO tranches on mock 
fallback
[Credit] no server

stderr | src/__tests__/calendar/useCalendarData.test.js > useCalendarData > returns mock earningsSeason on server 
failure
[Calendar] no server

stderr | src/__tests__/crypto/useCryptoData.test.js > useCryptoData > returns defiData with protocols and chains on 
mock fallback
[Crypto] no server

stderr | src/__tests__/sentiment/useSentimentData.test.js > useSentimentData > returns riskData with 6 signals of 
correct shape on mock fallback
[Sentiment] no server

stderr | src/__tests__/insurance/useInsuranceData.test.js > useInsuranceData > returns mock reserveAdequacyData on 
server failure
[Insurance] server unavailable

 ❯ src/__tests__/bonds/SpreadMonitor.test.jsx (4 tests | 1 failed) 188ms
     × renders the echarts chart 22ms
stderr | src/__tests__/commodities/useCommoditiesData.test.js > useCommoditiesData > returns sectorHeatmapData with 12 
commodities on mock fallback
Enhanced commodities fetch failed, trying legacy endpoint: no server

stderr | src/__tests__/commodities/useCommoditiesData.test.js > useCommoditiesData > returns sectorHeatmapData with 12 
commodities on mock fallback
[Commodities] no server

stderr | src/__tests__/globalMacro/useGlobalMacroData.test.js > useGlobalMacroData > returns centralBankData with 12 
current rates and 7 history series on mock fallback
[GlobalMacro] no server

 ❯ src/__tests__/derivatives/useDerivativesData.test.js (5 tests | 2 failed) 412ms
     × returns mock volSurfaceData on server failure 104ms
     × returns mock vixTermStructure on server failure 72ms
stderr | src/__tests__/equitiesDeepDive/useEquityDeepDiveData.test.js > useEquityDeepDiveData > returns earningsData 
with upcoming events and beatRates on mock fallback
[EquityDeepDive] no server

stderr | src/__tests__/sentiment/useSentimentData.test.js > useSentimentData > returns returnsData with 8 assets all 
having ret1d and ret1m on mock fallback
[Sentiment] no server

stderr | src/__tests__/crypto/useCryptoData.test.js > useCryptoData > returns fundingData with rates on mock fallback
[Crypto] no server

stderr | src/__tests__/credit/useCreditData.test.js > useCreditData > returns defaultData with rates and charge-off 
history on mock fallback
[Credit] no server

stderr | src/__tests__/calendar/useCalendarData.test.js > useCalendarData > returns mock keyReleases on server failure
[Calendar] no server

stderr | src/__tests__/commodities/useCommoditiesData.test.js > useCommoditiesData > returns supplyDemandData with 
crudeStocks, natGasStorage, crudeProduction on mock fallback
Enhanced commodities fetch failed, trying legacy endpoint: no server

stderr | src/__tests__/commodities/useCommoditiesData.test.js > useCommoditiesData > returns supplyDemandData with 
crudeStocks, natGasStorage, crudeProduction on mock fallback
[Commodities] no server

stderr | src/__tests__/commodities/useCommoditiesData.test.js > useCommoditiesData > sets isLive true and uses live 
priceDashboardData when server responds
Enhanced commodities fetch failed, trying legacy endpoint: no v2

stdout | src/__tests__/commodities/useCommoditiesData.test.js > useCommoditiesData > sets isLive true and uses live priceDashboardData when server responds
[Commodities] Legacy fallback response: {
  priceDashboard: true,
  futuresCurve: true,
  sectorHeatmap: true,
  supplyDemand: true,
  cotData: false,
  fredCommodities: 'empty',
  dbcEtf: false,
  goldOilRatio: false,
  contango: false,
  currencies: false,
  seasonal: false
}

stderr | src/__tests__/globalMacro/useGlobalMacroData.test.js > useGlobalMacroData > returns debtData with 12 
countries on mock fallback
[GlobalMacro] no server

 ❯ src/__tests__/commodities/SupplyDemand.test.jsx (6 tests | 1 failed) 221ms
     × renders 3 echarts instances 30ms
 ❯ src/__tests__/bonds/YieldCurve.test.jsx (7 tests | 1 failed) 243ms
     × renders the echarts chart 27ms
stderr | src/__tests__/insurance/useInsuranceData.test.js > useInsuranceData > returns reinsurancePricing array with 
required fields
[Insurance] server unavailable

 ❯ src/__tests__/insurance/useInsuranceData.test.js (6 tests | 6 failed) 508ms
     × returns mock catBondSpreads on initial render 122ms
     × returns mock combinedRatioData on server failure 86ms
     × returns mock reserveAdequacyData on server failure 64ms
     × uses live combinedRatioData when server responds 80ms
     × scales catBondSpreads when hyOAS is provided 73ms
     × returns reinsurancePricing array with required fields 79ms
stderr | src/__tests__/equitiesDeepDive/useEquityDeepDiveData.test.js > useEquityDeepDiveData > returns shortData with 
20 mostShorted entries on mock fallback
[EquityDeepDive] no server

 ❯ src/__tests__/equitiesDeepDive/FactorRankings.test.jsx (5 tests | 1 failed) 325ms
     × renders 1 echarts instance 67ms
 ❯ src/__tests__/globalMacro/useGlobalMacroData.test.js (7 tests | 6 failed) 609ms
     × returns scorecardData with 12 countries on mock fallback 123ms
     × returns growthInflationData with year and 12 countries on mock fallback 85ms
     × returns centralBankData with 12 current rates and 7 history series on mock fallback 78ms
     × returns debtData with 12 countries on mock fallback 78ms
     × sets isLive true and replaces data when server responds with sufficient data 84ms
     × guard: does not apply live data when scorecardData length < 8 85ms
stderr | src/__tests__/bonds/useBondsData.test.js > useBondsData > returns mock breakevensData on server failure
[Bonds] no server

 ❯ src/__tests__/bonds/useBondsData.test.js (8 tests | 6 failed) 652ms
     × returns mock yieldCurveData on server failure 117ms
     × returns mock spreadData on server failure 79ms
     × scales international curve using live 10yr anchor 79ms
     × falls back to mock spreadData when server returns null 76ms
     × returns mock breakevensData on server failure 80ms
     × guard: does not apply breakevensData when history dates < 20 80ms
 ❯ src/__tests__/sentiment/useSentimentData.test.js (8 tests | 7 failed) 667ms
     × returns fearGreedData with 252-entry history on mock fallback 106ms
     × returns cftcData with 6 currencies and correct groups on mock fallback 84ms
     × returns riskData with 6 signals of correct shape on mock fallback 79ms
     × returns returnsData with 8 assets all having ret1d and ret1m on mock fallback 79ms
     × sets isLive true and replaces data when server responds with valid payload 81ms
     × guard: does not apply cftcData when currencies.length < 4 84ms
     × exposes fetchedOn and isCurrent 71ms
 ❯ src/__tests__/credit/useCreditData.test.js (8 tests | 7 failed) 667ms
     × returns spreadData with current spreads and 12-month history on mock fallback 116ms
     × returns emBondData with 12 countries and 4 regions on mock fallback 76ms
     × returns loanData with 7 CLO tranches on mock fallback 78ms
     × returns defaultData with rates and charge-off history on mock fallback 78ms
     × sets isLive true and replaces spreadData when server responds 81ms
     × guard: does not apply spreadData when history.dates length < 6 81ms
     × exposes fetchedOn and isCurrent 75ms
 ❯ src/__tests__/calendar/useCalendarData.test.js (8 tests | 7 failed) 671ms
     × returns mock economicEvents on server failure 121ms
     × returns mock centralBanks on server failure 75ms
     × returns mock earningsSeason on server failure 74ms
     × returns mock keyReleases on server failure 79ms
     × sets isLive true when server responds with valid data 80ms
     × guard: does not apply economicEvents when length < 5 79ms
     × exposes fetchedOn and isCurrent 81ms
stderr | src/__tests__/commodities/useCommoditiesData.test.js > useCommoditiesData > returns cotData with 2 
commodities on mock fallback
Enhanced commodities fetch failed, trying legacy endpoint: no server

stderr | src/__tests__/commodities/useCommoditiesData.test.js > useCommoditiesData > returns cotData with 2 
commodities on mock fallback
[Commodities] no server

stderr | src/__tests__/commodities/useCommoditiesData.test.js > useCommoditiesData > guard: does not apply cotData 
when commodities length < 2
Enhanced commodities fetch failed, trying legacy endpoint: no v2

stdout | src/__tests__/commodities/useCommoditiesData.test.js > useCommoditiesData > guard: does not apply cotData when commodities length < 2
[Commodities] Legacy fallback response: {
  priceDashboard: true,
  futuresCurve: true,
  sectorHeatmap: true,
  supplyDemand: false,
  cotData: true,
  fredCommodities: 'empty',
  dbcEtf: false,
  goldOilRatio: false,
  contango: false,
  currencies: false,
  seasonal: false
}

 ❯ src/__tests__/commodities/useCommoditiesData.test.js (8 tests | 7 failed) 685ms
     × returns priceDashboardData with 3 sectors on mock fallback 125ms
     × returns futuresCurveData with labels and prices arrays on mock fallback 82ms
     × returns sectorHeatmapData with 12 commodities on mock fallback 79ms
     × returns supplyDemandData with crudeStocks, natGasStorage, crudeProduction on mock fallback 75ms
     × sets isLive true and uses live priceDashboardData when server responds 80ms
     × returns cotData with 2 commodities on mock fallback 80ms
     × guard: does not apply cotData when commodities length < 2 82ms
 ❯ src/__tests__/equitiesDeepDive/useEquityDeepDiveData.test.js (7 tests | 6 failed) 608ms
     × returns sectorData with 12 sectors on mock fallback 119ms
     × returns factorData with inFavor and 20 stocks on mock fallback 86ms
     × returns earningsData with upcoming events and beatRates on mock fallback 77ms
     × returns shortData with 20 mostShorted entries on mock fallback 77ms
     × sets isLive true and replaces sectorData when server responds with sufficient data 83ms
     × guard: does not apply live sectorData when sectors length < 8 85ms
 ❯ src/__tests__/commodities/PriceDashboard.test.jsx (5 tests | 2 failed) 463ms
     × applies com-up class to positive change1d value 49ms
     × applies com-down class to negative change1d value 54ms
 ❯ src/__tests__/crypto/useCryptoData.test.js (9 tests | 8 failed) 745ms
     × returns coinMarketData with 20 coins on mock fallback 108ms
     × returns fearGreedData with value and 30-day history on mock fallback 82ms
     × returns defiData with protocols and chains on mock fallback 80ms
     × returns fundingData with rates on mock fallback 78ms
     × sets isLive true and updates data when server responds with sufficient data 81ms
     × guard: does not apply coinMarketData when coins length < 10 83ms
     × exposes fetchedOn and isCurrent from server response 73ms
     × guard: does not apply onChainData when fees.fastest is null 78ms
stderr | src/__tests__/realEstate/useRealEstateData.test.js > useRealEstateData > returns mock reitData on server 
failure
[RealEstate] no server

 ❯ src/__tests__/commodities/FuturesCurve.test.jsx (5 tests | 1 failed) 258ms
     × renders the chart 150ms
stderr | src/__tests__/realEstate/useRealEstateData.test.js > useRealEstateData > returns mock priceIndexData on 
server failure
[RealEstate] no server

 ❯ src/__tests__/equitiesDeepDive/EarningsWatch.test.jsx (5 tests | 1 failed) 399ms
     × renders 1 echarts instance 59ms
 ❯ src/__tests__/equitiesDeepDive/ShortInterest.test.jsx (5 tests | 1 failed) 283ms
     × renders 2 echarts instances 23ms
stderr | src/__tests__/realEstate/useRealEstateData.test.js > useRealEstateData > always returns mock 
affordabilityData and capRateData on fallback
[RealEstate] no server

 ❯ src/__tests__/realEstate/useRealEstateData.test.js (5 tests | 3 failed) 464ms
     × returns mock reitData on server failure 123ms
     × returns mock priceIndexData on server failure 102ms
     × always returns mock affordabilityData and capRateData on fallback 80ms
 ❯ src/__tests__/equitiesDeepDive/SectorRotation.test.jsx (5 tests | 1 failed) 205ms
     × renders 2 echarts instances 42ms
 ❯ src/__tests__/derivatives/VolSurface.test.jsx (6 tests | 1 failed) 235ms
     × renders panel title and chart without volPremium 160ms
 ❯ src/__tests__/globalMacro/DebtMonitor.test.jsx (5 tests | 1 failed) 269ms
     × renders 2 echarts instances 35ms
 ❯ src/__tests__/globalMacro/CentralBankRates.test.jsx (5 tests | 1 failed) 299ms
     × renders 2 echarts instances 53ms
 ❯ src/__tests__/bonds/DurationLadder.test.jsx (5 tests | 1 failed) 255ms
     × renders panel title and chart without treasuryRates 158ms
 ❯ src/__tests__/derivatives/VIXTermStructure.test.jsx (5 tests | 1 failed) 373ms
     × renders the echarts chart 69ms
 ❯ src/__tests__/insurance/InsuranceMarket.test.jsx (4 tests | 4 failed) 241ms
     × renders unified dashboard after loading 103ms
     × shows sidebar with key metrics 29ms
     × shows content grid with all sections visible 41ms
     × shows mock data status when server unavailable 61ms
 ❯ src/__tests__/bonds/BondsMarket.test.jsx (4 tests | 4 failed) 249ms
     × renders unified dashboard after loading 143ms
     × shows sidebar with key metrics 35ms
     × shows all charts visible at once (no tabs) 30ms
     × shows mock data status when server unavailable 36ms
 ❯ src/__tests__/globalMacro/GlobalMacroMarket.test.jsx (7 tests | 7 failed) 273ms
     × renders unified dashboard after loading 99ms
     × shows KPI strip with global metrics 66ms
     × shows compact scorecard table with countries 40ms
     × shows chart panels with GDP, CPI, Rates, Debt 11ms
     × shows economic activity panel with CFNAI and OECD CLI 20ms
     × shows mock data status when server unavailable 13ms
     × shows country detail panel on row click 18ms
 ❯ src/__tests__/commodities/CommoditiesMarket.test.jsx (4 tests | 4 failed) 223ms
     × renders dashboard with KPI strip after loading 100ms
     × shows commodity data after loading 33ms
     × shows all content visible at once (no tabs) 45ms
     × shows mock data status when server unavailable 37ms
 ❯ src/__tests__/globalMacro/GrowthInflation.test.jsx (5 tests | 1 failed) 244ms
     × renders 2 echarts instances 46ms
 ❯ src/__tests__/realEstate/PriceIndex.test.jsx (4 tests | 1 failed) 232ms
     × renders the echarts chart 39ms
 ❯ src/__tests__/realEstate/RealEstateMarket.test.jsx (4 tests | 4 failed) 229ms
     × renders unified dashboard after loading 113ms
     × shows sidebar with key metrics 54ms
     × shows content grid with all sections visible 30ms
     × shows mock data status when server unavailable 27ms
 ❯ src/__tests__/equitiesDeepDive/EquitiesDeepDiveMarket.test.jsx (4 tests | 4 failed) 222ms
     × renders unified dashboard after loading 118ms
     × shows sidebar with key metrics 36ms
     × shows content grid with all sections visible 24ms
     × shows mock data status when server unavailable 38ms
 ❯ src/__tests__/derivatives/DerivativesMarket.test.jsx (4 tests | 4 failed) 238ms
     × renders unified dashboard after loading 94ms
     × shows KPI strip with key metrics 33ms
     × shows Vol Surface section 66ms
     × shows mock data status when server unavailable 40ms

⎯⎯⎯⎯⎯⎯ Failed Tests 113 ⎯⎯⎯⎯⎯⎯

 FAIL  src/__tests__/calendar/useCalendarData.test.js > useCalendarData > returns mock economicEvents on server failure
AssertionError: expected 0 to be greater than or equal to 10
 ❯ src/__tests__/calendar/useCalendarData.test.js:17:50
     15|     const { result } = renderHook(() => useCalendarData());
     16|     await waitFor(() => expect(result.current.isLoading).toBe(false));
     17|     expect(result.current.economicEvents.length).toBeGreaterThanOrEqua…
       |                                                  ^
     18|     expect(result.current.economicEvents[0]).toMatchObject({
     19|       date: expect.any(String), country: expect.any(String), event: ex…

⎯⎯⎯⎯⎯⎯⎯⎯⎯⎯⎯⎯⎯⎯⎯⎯⎯⎯⎯⎯⎯⎯[1/113]⎯

 FAIL  src/__tests__/calendar/useCalendarData.test.js > useCalendarData > returns mock centralBanks on server failure
AssertionError: expected [] to have a length of 4 but got +0

- Expected
+ Received

- 4
+ 0

 ❯ src/__tests__/calendar/useCalendarData.test.js:27:41
     25|     const { result } = renderHook(() => useCalendarData());
     26|     await waitFor(() => expect(result.current.isLoading).toBe(false));
     27|     expect(result.current.centralBanks).toHaveLength(4);
       |                                         ^
     28|     expect(result.current.centralBanks[0]).toMatchObject({
     29|       bank: expect.any(String), rate: expect.any(Number), nextMeeting:…

⎯⎯⎯⎯⎯⎯⎯⎯⎯⎯⎯⎯⎯⎯⎯⎯⎯⎯⎯⎯⎯⎯[2/113]⎯

 FAIL  src/__tests__/calendar/useCalendarData.test.js > useCalendarData > returns mock earningsSeason on server failure
AssertionError: expected 0 to be greater than or equal to 8
 ❯ src/__tests__/calendar/useCalendarData.test.js:37:50
     35|     const { result } = renderHook(() => useCalendarData());
     36|     await waitFor(() => expect(result.current.isLoading).toBe(false));
     37|     expect(result.current.earningsSeason.length).toBeGreaterThanOrEqua…
       |                                                  ^
     38|     expect(result.current.earningsSeason[0]).toMatchObject({
     39|       ticker: expect.any(String), date: expect.any(String),

⎯⎯⎯⎯⎯⎯⎯⎯⎯⎯⎯⎯⎯⎯⎯⎯⎯⎯⎯⎯⎯⎯[3/113]⎯

 FAIL  src/__tests__/calendar/useCalendarData.test.js > useCalendarData > returns mock keyReleases on server failure
AssertionError: expected 0 to be greater than or equal to 8
 ❯ src/__tests__/calendar/useCalendarData.test.js:47:47
     45|     const { result } = renderHook(() => useCalendarData());
     46|     await waitFor(() => expect(result.current.isLoading).toBe(false));
     47|     expect(result.current.keyReleases.length).toBeGreaterThanOrEqual(8…
       |                                               ^
     48|     expect(result.current.keyReleases[0]).toMatchObject({
     49|       name: expect.any(String), date: expect.any(String), category: ex…

⎯⎯⎯⎯⎯⎯⎯⎯⎯⎯⎯⎯⎯⎯⎯⎯⎯⎯⎯⎯⎯⎯[4/113]⎯

 FAIL  src/__tests__/calendar/useCalendarData.test.js > useCalendarData > sets isLive true when server responds with 
valid data
AssertionError: expected '2026-04-05 19:14:46' to be '2026-04-05' // Object.is equality

Expected: "2026-04-05"
Received: "2026-04-05 19:14:46"

 ❯ src/__tests__/calendar/useCalendarData.test.js:83:40
     81|     await waitFor(() => expect(result.current.isLive).toBe(true));
     82|     expect(result.current.economicEvents).toHaveLength(8);
     83|     expect(result.current.lastUpdated).toBe('2026-04-05');
       |                                        ^
     84|   });
     85|

⎯⎯⎯⎯⎯⎯⎯⎯⎯⎯⎯⎯⎯⎯⎯⎯⎯⎯⎯⎯⎯⎯[5/113]⎯

 FAIL  src/__tests__/calendar/useCalendarData.test.js > useCalendarData > guard: does not apply economicEvents when 
length < 5
AssertionError: expected 1 to be greater than or equal to 10
 ❯ src/__tests__/calendar/useCalendarData.test.js:94:50
     92|     const { result } = renderHook(() => useCalendarData());
     93|     await waitFor(() => expect(result.current.isLoading).toBe(false));
     94|     expect(result.current.economicEvents.length).toBeGreaterThanOrEqua…
       |                                                  ^
     95|     expect(result.current.isLive).toBe(false);
     96|   });

⎯⎯⎯⎯⎯⎯⎯⎯⎯⎯⎯⎯⎯⎯⎯⎯⎯⎯⎯⎯⎯⎯[6/113]⎯

 FAIL  src/__tests__/calendar/useCalendarData.test.js > useCalendarData > exposes fetchedOn and isCurrent
AssertionError: expected '2026-04-05 19:14:46' to be '2026-04-05' // Object.is equality

Expected: "2026-04-05"
Received: "2026-04-05 19:14:46"

 ❯ src/__tests__/calendar/useCalendarData.test.js:119:38
    117|     const { result } = renderHook(() => useCalendarData());
    118|     await waitFor(() => expect(result.current.isLoading).toBe(false));
    119|     expect(result.current.fetchedOn).toBe('2026-04-05');
       |                                      ^
    120|     expect(result.current.isCurrent).toBe(true);
    121|   });

⎯⎯⎯⎯⎯⎯⎯⎯⎯⎯⎯⎯⎯⎯⎯⎯⎯⎯⎯⎯⎯⎯[7/113]⎯

 FAIL  src/__tests__/bonds/BondsMarket.test.jsx > BondsMarket > renders unified dashboard after loading
TestingLibraryElementError: Unable to find an element with the text: /Yield Curve/i. This could be because the text is 
broken up by multiple elements. In this case, you can provide a function for your text matcher to make your matcher 
more flexible.

Ignored nodes: comments, script, style
[36m<body>[39m
  [36m<div>[39m
    [36m<div[39m
      [33mclass[39m=[32m"skeleton-market"[39m
    [36m>[39m
      [36m<div[39m
        [33mclass[39m=[32m"skeleton-header"[39m
      [36m>[39m
        [36m<div[39m
          [33mclass[39m=[32m"skeleton skeleton-tab"[39m
        [36m/>[39m
        [36m<div[39m
          [33mclass[39m=[32m"skeleton skeleton-tab"[39m
        [36m/>[39m
        [36m<div[39m
          [33mclass[39m=[32m"skeleton skeleton-tab"[39m
        [36m/>[39m
        [36m<div[39m
          [33mclass[39m=[32m"skeleton skeleton-tab"[39m
        [36m/>[39m
      [36m</div>[39m
      [36m<div[39m
        [33mclass[39m=[32m"skeleton skeleton-status"[39m
      [36m/>[39m
      [36m<div[39m
        [33mclass[39m=[32m"skeleton-kpi-strip"[39m
      [36m>[39m
        [36m<div[39m
          [33mclass[39m=[32m"skeleton skeleton-kpi"[39m
        [36m/>[39m
        [36m<div[39m
          [33mclass[39m=[32m"skeleton skeleton-kpi"[39m
        [36m/>[39m
        [36m<div[39m
          [33mclass[39m=[32m"skeleton skeleton-kpi"[39m
        [36m/>[39m
        [36m<div[39m
          [33mclass[39m=[32m"skeleton skeleton-kpi"[39m
        [36m/>[39m
      [36m</div>[39m
      [36m<div[39m
        [33mclass[39m=[32m"skeleton-row"[39m
      [36m>[39m
        [36m<div[39m
          [33mclass[39m=[32m"skeleton skeleton-chart"[39m
        [36m/>[39m
        [36m<div[39m
          [33mclass[39m=[32m"skeleton skeleton-chart"[39m
        [36m/>[39m
      [36m</div>[39m
      [36m<div[39m
        [33mclass[39m=[32m"skeleton skeleton-table"[39m
      [36m/>[39m
      [36m<div[39m
        [33mclass[39m=[32m"skeleton skeleton-footer"[39m
      [36m/>[39m
    [36m</div>[39m
  [36m</div>[39m
[36m</body>[39m
 ❯ Object.getElementError node_modules/@testing-library/dom/dist/config.js:37:19
 ❯ node_modules/@testing-library/dom/dist/query-helpers.js:76:38
 ❯ node_modules/@testing-library/dom/dist/query-helpers.js:109:15
 ❯ src/__tests__/bonds/BondsMarket.test.jsx:16:39
     14|     await waitFor(() => expect(screen.queryByText(/loading/i)).not.toB…
     15|     // Dashboard shows yield curve section (may appear in multiple pla…
     16|     const yieldCurveElements = screen.getAllByText(/Yield Curve/i);
       |                                       ^
     17|     expect(yieldCurveElements.length).toBeGreaterThan(0);
     18|   });

⎯⎯⎯⎯⎯⎯⎯⎯⎯⎯⎯⎯⎯⎯⎯⎯⎯⎯⎯⎯⎯⎯[8/113]⎯

 FAIL  src/__tests__/bonds/BondsMarket.test.jsx > BondsMarket > shows sidebar with key metrics
TestingLibraryElementError: Unable to find an element with the text: Yields. This could be because the text is broken 
up by multiple elements. In this case, you can provide a function for your text matcher to make your matcher more 
flexible.

Ignored nodes: comments, script, style
[36m<body>[39m
  [36m<div>[39m
    [36m<div[39m
      [33mclass[39m=[32m"skeleton-market"[39m
    [36m>[39m
      [36m<div[39m
        [33mclass[39m=[32m"skeleton-header"[39m
      [36m>[39m
        [36m<div[39m
          [33mclass[39m=[32m"skeleton skeleton-tab"[39m
        [36m/>[39m
        [36m<div[39m
          [33mclass[39m=[32m"skeleton skeleton-tab"[39m
        [36m/>[39m
        [36m<div[39m
          [33mclass[39m=[32m"skeleton skeleton-tab"[39m
        [36m/>[39m
        [36m<div[39m
          [33mclass[39m=[32m"skeleton skeleton-tab"[39m
        [36m/>[39m
      [36m</div>[39m
      [36m<div[39m
        [33mclass[39m=[32m"skeleton skeleton-status"[39m
      [36m/>[39m
      [36m<div[39m
        [33mclass[39m=[32m"skeleton-kpi-strip"[39m
      [36m>[39m
        [36m<div[39m
          [33mclass[39m=[32m"skeleton skeleton-kpi"[39m
        [36m/>[39m
        [36m<div[39m
          [33mclass[39m=[32m"skeleton skeleton-kpi"[39m
        [36m/>[39m
        [36m<div[39m
          [33mclass[39m=[32m"skeleton skeleton-kpi"[39m
        [36m/>[39m
        [36m<div[39m
          [33mclass[39m=[32m"skeleton skeleton-kpi"[39m
        [36m/>[39m
      [36m</div>[39m
      [36m<div[39m
        [33mclass[39m=[32m"skeleton-row"[39m
      [36m>[39m
        [36m<div[39m
          [33mclass[39m=[32m"skeleton skeleton-chart"[39m
        [36m/>[39m
        [36m<div[39m
          [33mclass[39m=[32m"skeleton skeleton-chart"[39m
        [36m/>[39m
      [36m</div>[39m
      [36m<div[39m
        [33mclass[39m=[32m"skeleton skeleton-table"[39m
      [36m/>[39m
      [36m<div[39m
        [33mclass[39m=[32m"skeleton skeleton-footer"[39m
      [36m/>[39m
    [36m</div>[39m
  [36m</div>[39m
[36m</body>[39m
 ❯ Object.getElementError node_modules/@testing-library/dom/dist/config.js:37:19
 ❯ node_modules/@testing-library/dom/dist/query-helpers.js:76:38
 ❯ node_modules/@testing-library/dom/dist/query-helpers.js:52:17
 ❯ node_modules/@testing-library/dom/dist/query-helpers.js:95:19
 ❯ src/__tests__/bonds/BondsMarket.test.jsx:25:34
     23|     // Sidebar shows key indicators in metric cards
     24|     // Check for sidebar sections
     25|     const yieldsSection = screen.getByText('Yields');
       |                                  ^
     26|     expect(yieldsSection).toBeInTheDocument();
     27|   });

⎯⎯⎯⎯⎯⎯⎯⎯⎯⎯⎯⎯⎯⎯⎯⎯⎯⎯⎯⎯⎯⎯[9/113]⎯

 FAIL  src/__tests__/bonds/BondsMarket.test.jsx > BondsMarket > shows all charts visible at once (no tabs)
TestingLibraryElementError: Unable to find an element with the text: Yield Curve. This could be because the text is 
broken up by multiple elements. In this case, you can provide a function for your text matcher to make your matcher 
more flexible.

Ignored nodes: comments, script, style
[36m<body>[39m
  [36m<div>[39m
    [36m<div[39m
      [33mclass[39m=[32m"skeleton-market"[39m
    [36m>[39m
      [36m<div[39m
        [33mclass[39m=[32m"skeleton-header"[39m
      [36m>[39m
        [36m<div[39m
          [33mclass[39m=[32m"skeleton skeleton-tab"[39m
        [36m/>[39m
        [36m<div[39m
          [33mclass[39m=[32m"skeleton skeleton-tab"[39m
        [36m/>[39m
        [36m<div[39m
          [33mclass[39m=[32m"skeleton skeleton-tab"[39m
        [36m/>[39m
        [36m<div[39m
          [33mclass[39m=[32m"skeleton skeleton-tab"[39m
        [36m/>[39m
      [36m</div>[39m
      [36m<div[39m
        [33mclass[39m=[32m"skeleton skeleton-status"[39m
      [36m/>[39m
      [36m<div[39m
        [33mclass[39m=[32m"skeleton-kpi-strip"[39m
      [36m>[39m
        [36m<div[39m
          [33mclass[39m=[32m"skeleton skeleton-kpi"[39m
        [36m/>[39m
        [36m<div[39m
          [33mclass[39m=[32m"skeleton skeleton-kpi"[39m
        [36m/>[39m
        [36m<div[39m
          [33mclass[39m=[32m"skeleton skeleton-kpi"[39m
        [36m/>[39m
        [36m<div[39m
          [33mclass[39m=[32m"skeleton skeleton-kpi"[39m
        [36m/>[39m
      [36m</div>[39m
      [36m<div[39m
        [33mclass[39m=[32m"skeleton-row"[39m
      [36m>[39m
        [36m<div[39m
          [33mclass[39m=[32m"skeleton skeleton-chart"[39m
        [36m/>[39m
        [36m<div[39m
          [33mclass[39m=[32m"skeleton skeleton-chart"[39m
        [36m/>[39m
      [36m</div>[39m
      [36m<div[39m
        [33mclass[39m=[32m"skeleton skeleton-table"[39m
      [36m/>[39m
      [36m<div[39m
        [33mclass[39m=[32m"skeleton skeleton-footer"[39m
      [36m/>[39m
    [36m</div>[39m
  [36m</div>[39m
[36m</body>[39m
 ❯ Object.getElementError node_modules/@testing-library/dom/dist/config.js:37:19
 ❯ node_modules/@testing-library/dom/dist/query-helpers.js:76:38
 ❯ node_modules/@testing-library/dom/dist/query-helpers.js:109:15
 ❯ src/__tests__/bonds/BondsMarket.test.jsx:33:39
     31|     await waitFor(() => expect(screen.queryByText(/loading/i)).not.toB…
     32|     // All charts should be visible at once - check for key panel titl…
     33|     const yieldCurveElements = screen.getAllByText('Yield Curve');
       |                                       ^
     34|     expect(yieldCurveElements.length).toBeGreaterThan(0);
     35|     // Check that there are no tab buttons

⎯⎯⎯⎯⎯⎯⎯⎯⎯⎯⎯⎯⎯⎯⎯⎯⎯⎯⎯⎯⎯[10/113]⎯

 FAIL  src/__tests__/bonds/BondsMarket.test.jsx > BondsMarket > shows mock data status when server unavailable
TestingLibraryElementError: Unable to find an element with the text: /mock data/i. This could be because the text is 
broken up by multiple elements. In this case, you can provide a function for your text matcher to make your matcher 
more flexible.

Ignored nodes: comments, script, style
[36m<body>[39m
  [36m<div>[39m
    [36m<div[39m
      [33mclass[39m=[32m"skeleton-market"[39m
    [36m>[39m
      [36m<div[39m
        [33mclass[39m=[32m"skeleton-header"[39m
      [36m>[39m
        [36m<div[39m
          [33mclass[39m=[32m"skeleton skeleton-tab"[39m
        [36m/>[39m
        [36m<div[39m
          [33mclass[39m=[32m"skeleton skeleton-tab"[39m
        [36m/>[39m
        [36m<div[39m
          [33mclass[39m=[32m"skeleton skeleton-tab"[39m
        [36m/>[39m
        [36m<div[39m
          [33mclass[39m=[32m"skeleton skeleton-tab"[39m
        [36m/>[39m
      [36m</div>[39m
      [36m<div[39m
        [33mclass[39m=[32m"skeleton skeleton-status"[39m
      [36m/>[39m
      [36m<div[39m
        [33mclass[39m=[32m"skeleton-kpi-strip"[39m
      [36m>[39m
        [36m<div[39m
          [33mclass[39m=[32m"skeleton skeleton-kpi"[39m
        [36m/>[39m
        [36m<div[39m
          [33mclass[39m=[32m"skeleton skeleton-kpi"[39m
        [36m/>[39m
        [36m<div[39m
          [33mclass[39m=[32m"skeleton skeleton-kpi"[39m
        [36m/>[39m
        [36m<div[39m
          [33mclass[39m=[32m"skeleton skeleton-kpi"[39m
        [36m/>[39m
      [36m</div>[39m
      [36m<div[39m
        [33mclass[39m=[32m"skeleton-row"[39m
      [36m>[39m
        [36m<div[39m
          [33mclass[39m=[32m"skeleton skeleton-chart"[39m
        [36m/>[39m
        [36m<div[39m
          [33mclass[39m=[32m"skeleton skeleton-chart"[39m
        [36m/>[39m
      [36m</div>[39m
      [36m<div[39m
        [33mclass[39m=[32m"skeleton skeleton-table"[39m
      [36m/>[39m
      [36m<div[39m
        [33mclass[39m=[32m"skeleton skeleton-footer"[39m
      [36m/>[39m
    [36m</div>[39m
  [36m</div>[39m
[36m</body>[39m
 ❯ Object.getElementError node_modules/@testing-library/dom/dist/config.js:37:19
 ❯ node_modules/@testing-library/dom/dist/query-helpers.js:76:38
 ❯ node_modules/@testing-library/dom/dist/query-helpers.js:109:15
 ❯ src/__tests__/bonds/BondsMarket.test.jsx:48:37
     46|     await waitFor(() => expect(screen.queryByText(/loading/i)).not.toB…
     47|     // Multiple components may show mock data status
     48|     const mockDataElements = screen.getAllByText(/mock data/i);
       |                                     ^
     49|     expect(mockDataElements.length).toBeGreaterThan(0);
     50|   });

⎯⎯⎯⎯⎯⎯⎯⎯⎯⎯⎯⎯⎯⎯⎯⎯⎯⎯⎯⎯⎯[11/113]⎯

 FAIL  src/__tests__/bonds/DurationLadder.test.jsx > DurationLadder > renders panel title and chart without 
treasuryRates
TestingLibraryElementError: Unable to find an element by: [data-testid="echarts-mock"]

Ignored nodes: comments, script, style
[36m<body>[39m
  [36m<div>[39m
    [36m<div[39m
      [33mclass[39m=[32m"bonds-panel"[39m
    [36m>[39m
      [36m<div[39m
        [33mclass[39m=[32m"bonds-panel-header"[39m
      [36m>[39m
        [36m<span[39m
          [33mclass[39m=[32m"bonds-panel-title"[39m
        [36m>[39m
          [0mDuration Ladder[0m
        [36m</span>[39m
        [36m<span[39m
          [33mclass[39m=[32m"bonds-panel-subtitle"[39m
        [36m>[39m
          [0mPortfolio allocation by maturity bucket[0m
        [36m</span>[39m
      [36m</div>[39m
      [36m<div[39m
        [33mclass[39m=[32m"bonds-kpi-strip"[39m
      [36m>[39m
        [36m<div[39m
          [33mclass[39m=[32m"bonds-kpi-pill"[39m
        [36m>[39m
          [36m<span[39m
            [33mclass[39m=[32m"bonds-kpi-label"[39m
          [36m>[39m
            [0mTotal Portfolio[0m
          [36m</span>[39m
          [36m<span[39m
            [33mclass[39m=[32m"bonds-kpi-value accent"[39m
          [36m>[39m
            [0m$24.6B[0m
          [36m</span>[39m
        [36m</div>[39m
        [36m<div[39m
          [33mclass[39m=[32m"bonds-kpi-pill"[39m
        [36m>[39m
          [36m<span[39m
            [33mclass[39m=[32m"bonds-kpi-label"[39m
          [36m>[39m
            [0mLargest Bucket[0m
          [36m</span>[39m
          [36m<span[39m
            [33mclass[39m=[32m"bonds-kpi-value accent"[39m
          [36m>[39m
            [0m0–2y[0m
          [36m</span>[39m
          [36m<span[39m
            [33mclass[39m=[32m"bonds-kpi-sub"[39m
          [36m>[39m
            [0m34.2[0m
            [0m%[0m
          [36m</span>[39m
        [36m</div>[39m
        [36m<div[39m
          [33mclass[39m=[32m"bonds-kpi-pill"[39m
        [36m>[39m
          [36m<span[39m
            [33mclass[39m=[32m"bonds-kpi-label"[39m
          [36m>[39m
            [0mAvg Maturity[0m
          [36m</span>[39m
          [36m<span[39m
            [33mclass[39m=[32m"bonds-kpi-value accent"[39m
          [36m>[39m
            [0m5.5[0m
            [0my[0m
          [36m</span>[39m
        [36m</div>[39m
        [36m<div[39m
          [33mclass[39m=[32m"bonds-kpi-pill"[39m
        [36m>[39m
          [36m<span[39m
            [33mclass[39m=[32m"bonds-kpi-label"[39m
          [36m>[39m
            [0mShort/Long[0m
          [36m</span>[39m
          [36m<span[39m
            [33mclass[39m=[32m"bonds-kpi-value accent"[39m
          [36m>[39m
            [0m2.1x[0m
          [36m</span>[39m
        [36m</div>[39m
      [36m</div>[39m
      [36m<div[39m
        [33mclass[39m=[32m""[39m
      [36m>[39m
        [36m<div[39m
          [33mclass[39m=[32m"bonds-chart-wrap"[39m
        [36m>[39m
          [36m<div[39m
            [33mstyle[39m=[32m"height: 100%; width: 100%; min-height: 100%; min-width: 0px; position: relative; 
overflow: hidden; cursor: pointer;"[39m
          [36m/>[39m
        [36m</div>[39m
      [36m</div>[39m
      [36m<div[39m
        [33mclass[39m=[32m"bonds-panel-footer"[39m
      [36m>[39m
        [0mMaturity buckets: 0[0m
        [0m–[0m
        [0m2y (short), 2[0m
        [0m–[0m
        [0m5y (medium), 5[0m
        [0m–[0m
        [0m10y (long), 10y+ (ultra-long)[0m
      [36m</div>[39m
    [36m</div>[39m
  [36m</div>[39m
[36m</body>[39m
 ❯ Object.getElementError node_modules/@testing-library/dom/dist/config.js:37:19
 ❯ node_modules/@testing-library/dom/dist/query-helpers.js:76:38
 ❯ node_modules/@testing-library/dom/dist/query-helpers.js:52:17
 ❯ node_modules/@testing-library/dom/dist/query-helpers.js:95:19
 ❯ src/__tests__/bonds/DurationLadder.test.jsx:18:19
     16|     render(<DurationLadder durationLadderData={MOCK_DATA} />);
     17|     expect(screen.getByText('Duration Ladder')).toBeInTheDocument();
     18|     expect(screen.getByTestId('echarts-mock')).toBeInTheDocument();
       |                   ^
     19|   });
     20|

⎯⎯⎯⎯⎯⎯⎯⎯⎯⎯⎯⎯⎯⎯⎯⎯⎯⎯⎯⎯⎯[12/113]⎯

 FAIL  src/__tests__/bonds/SpreadMonitor.test.jsx > SpreadMonitor > renders the echarts chart
TestingLibraryElementError: Unable to find an element by: [data-testid="echarts-mock"]

Ignored nodes: comments, script, style
[36m<body>[39m
  [36m<div>[39m
    [36m<div[39m
      [33mclass[39m=[32m"bonds-panel"[39m
    [36m>[39m
      [36m<div[39m
        [33mclass[39m=[32m"bonds-panel-header"[39m
      [36m>[39m
        [36m<span[39m
          [33mclass[39m=[32m"bonds-panel-title"[39m
        [36m>[39m
          [0mSpread Monitor[0m
        [36m</span>[39m
        [36m<span[39m
          [33mclass[39m=[32m"bonds-panel-subtitle"[39m
        [36m>[39m
          [0mCredit spreads over US Treasuries · basis points (bps)[0m
        [36m</span>[39m
      [36m</div>[39m
      [36m<div[39m
        [33mclass[39m=[32m"bonds-kpi-strip"[39m
      [36m>[39m
        [36m<div[39m
          [33mclass[39m=[32m"bonds-kpi-pill"[39m
        [36m>[39m
          [36m<span[39m
            [33mclass[39m=[32m"bonds-kpi-label"[39m
          [36m>[39m
            [0mIG Spread[0m
          [36m</span>[39m
          [36m<span[39m
            [33mclass[39m=[32m"bonds-kpi-value accent"[39m
          [36m>[39m
            [0m104 bps[0m
          [36m</span>[39m
        [36m</div>[39m
        [36m<div[39m
          [33mclass[39m=[32m"bonds-kpi-pill"[39m
        [36m>[39m
          [36m<span[39m
            [33mclass[39m=[32m"bonds-kpi-label"[39m
          [36m>[39m
            [0mHY Spread[0m
          [36m</span>[39m
          [36m<span[39m
            [33mclass[39m=[32m"bonds-kpi-value accent"[39m
          [36m>[39m
            [0m342 bps[0m
          [36m</span>[39m
        [36m</div>[39m
        [36m<div[39m
          [33mclass[39m=[32m"bonds-kpi-pill"[39m
        [36m>[39m
          [36m<span[39m
            [33mclass[39m=[32m"bonds-kpi-label"[39m
          [36m>[39m
            [0mWidest[0m
          [36m</span>[39m
          [36m<span[39m
            [33mclass[39m=[32m"bonds-kpi-value"[39m
            [33mstyle[39m=[32m"color: rgb(251, 191, 36);"[39m
          [36m>[39m
            [0mEM 398[0m
          [36m</span>[39m
        [36m</div>[39m
        [36m<div[39m
          [33mclass[39m=[32m"bonds-kpi-pill"[39m
        [36m>[39m
          [36m<span[39m
            [33mclass[39m=[32m"bonds-kpi-label"[39m
          [36m>[39m
            [0mHY−IG Gap[0m
          [36m</span>[39m
          [36m<span[39m
            [33mclass[39m=[32m"bonds-kpi-value accent"[39m
          [36m>[39m
            [0m238 bps[0m
          [36m</span>[39m
        [36m</div>[39m
      [36m</div>[39m
      [36m<div[39m
        [33mclass[39m=[32m"bonds-wide-narrow"[39m
      [36m>[39m
        [36m<div[39m
          [33mclass[39m=[32m"bonds-chart-wrap"[39m
        [36m>[39m
          [36m<div[39m
            [33mstyle[39m=[32m"height: 100%; width: 100%; min-height: 100%; min-width: 0px; position: relative; 
overflow: hidden; cursor: pointer;"[39m
          [36m/>[39m
        [36m</div>[39m
        [36m<div[39m
          [33mclass[39m=[32m"bonds-chart-panel"[39m
        [36m>[39m
          [36m<div[39m
            [33mclass[39m=[32m"bonds-chart-title"[39m
          [36m>[39m
            [0mLatest Spreads[0m
          [36m</div>[39m
          [36m<div[39m
            [33mclass[39m=[32m"bonds-bar-row"[39m
          [36m>[39m
            [36m<span[39m
              [33mclass[39m=[32m"bonds-bar-label"[39m
            [36m>[39m
              [0mEM[0m
            [36m</span>[39m
            [36m<div[39m
              [33mclass[39m=[32m"bonds-bar-track"[39m
            [36m>[39m
              [36m<div[39m
                [33mclass[39m=[32m"bonds-bar-fill"[39m
                [33mstyle[39m=[32m"width: 100%; background: rgb(251, 191, 36);"[39m
              [36m/>[39m
            [36m</div>[39m
            [36m<span[39m
              [33mclass[39m=[32m"bonds-bar-val"[39m
            [36m>[39m
              [0m398[0m
              [0m bps[0m
            [36m</span>[39m
          [36m</div>[39m
          [36m<div[39m
            [33mclass[39m=[32m"bonds-bar-row"[39m
          [36m>[39m
            [36m<span[39m
              [33mclass[39m=[32m"bonds-bar-label"[39m
            [36m>[39m
              [0mHY[0m
            [36m</span>[39m
            [36m<div[39m
              [33mclass[39m=[32m"bonds-bar-track"[39m
            [36m>[39m
              [36m<div[39m
                [33mclass[39m=[32m"bonds-bar-fill"[39m
                [33mstyle[39m=[32m"width: 85.92964824120602%; background: rgb(244, 114, 182);"[39m
              [36m/>[39m
            [36m</div>[39m
            [36m<span[39m
              [33mclass[39m=[32m"bonds-bar-val"[39m
            [36m>[39m
              [0m342[0m
              [0m bps[0m
            [36m</span>[39m
          [36m</div>[39m
          [36m<div[39m
            [33mclass[39m=[32m"bonds-bar-row"[39m
          [36m>[39m
            [36m<span[39m
              [33mclass[39m=[32m"bonds-bar-label"[39m
            [36m>[39m
              [0mBBB[0m
            [36m</span>[39m
            [36m<div[39m
              [33mclass[39m=[32m"bonds-bar-track"[39m
            [36m>[39m
              [36m<div[39m
                [33mclass[39m=[32m"bonds-bar-fill"[39m
                [33mstyle[39m=[32m"width: 46.482412060301506%; background: rgb(167, 139, 250);"[39m
              [36m/>[39m
            [36m</div>[39m
            [36m<span[39m
              [33mclass[39m=[32m"bonds-bar-val"[39m
            [36m>[39m
              [0m185[0m
              [0m bps[0m
            [36m</span>[39m
          [36m</div>[39m
          [36m<div[39m
            [33mclass[39m=[32m"bonds-bar-row"[39m
          [36m>[39m
            [36m<span[39m
              [33mclass[39m=[32m"bonds-bar-label"[39m
            [36m>[39m
              [0mIG[0m
            [36m</span>[39m
            [36m<div[39m
              [33mclass[39m=[32m"bonds-bar-track"[39m
            [36m>[39m
              [36m<div[39m
                [33mclass[39m=[32m"bonds-bar-fill"[39m
                [33mstyle[39m=[32m"width: 26.13065326633166%; background: rgb(96, 165, 250);"[39m
              [36m/>[39m
            [36m</div>[39m
            [36m<span[39m
              [33mclass[39m=[32m"bonds-bar-val"[39m
            [36m>[39m
              [0m104[0m
              [0m bps[0m
            [36m</span>[39m
          [36m</div>[39m
        [36m</div>[39m
      [36m</div>[39m
      [36m<div[39m
        [33mclass[39m=[32m"bonds-panel-footer"[39m
      [36m>[39m
        [0mSource: ICE BofA indices via FRED · spreads over US Treasuries[0m
      [36m</div>[39m
    [36m</div>[39m
  [36m</div>[39m
[36m</body>[39m
 ❯ Object.getElementError node_modules/@testing-library/dom/dist/config.js:37:19
 ❯ node_modules/@testing-library/dom/dist/query-helpers.js:76:38
 ❯ node_modules/@testing-library/dom/dist/query-helpers.js:52:17
 ❯ node_modules/@testing-library/dom/dist/query-helpers.js:95:19
 ❯ src/__tests__/bonds/SpreadMonitor.test.jsx:23:19
     21|   it('renders the echarts chart', () => {
     22|     render(<SpreadMonitor spreadData={mockData} />);
     23|     expect(screen.getByTestId('echarts-mock')).toBeInTheDocument();
       |                   ^
     24|   });
     25|

⎯⎯⎯⎯⎯⎯⎯⎯⎯⎯⎯⎯⎯⎯⎯⎯⎯⎯⎯⎯⎯[13/113]⎯

 FAIL  src/__tests__/bonds/useBondsData.test.js > useBondsData > returns mock yieldCurveData on server failure
AssertionError: expected undefined to be defined
 ❯ src/__tests__/bonds/useBondsData.test.js:17:31
     15|     const { yieldCurveData } = result.current;
     16|     expect(typeof yieldCurveData).toBe('object');
     17|     expect(yieldCurveData.US).toBeDefined();
       |                               ^
     18|     expect(typeof yieldCurveData.US['10y']).toBe('number');
     19|     expect(result.current.isLive).toBe(false);

⎯⎯⎯⎯⎯⎯⎯⎯⎯⎯⎯⎯⎯⎯⎯⎯⎯⎯⎯⎯⎯[14/113]⎯

 FAIL  src/__tests__/bonds/useBondsData.test.js > useBondsData > returns mock spreadData on server failure
AssertionError: expected +0 to be 12 // Object.is equality

- Expected
+ Received

- 12
+ 0

 ❯ src/__tests__/bonds/useBondsData.test.js:28:37
     26|     const { spreadData } = result.current;
     27|     expect(Array.isArray(spreadData.dates)).toBe(true);
     28|     expect(spreadData.dates.length).toBe(12);
       |                                     ^
     29|     expect(Array.isArray(spreadData.IG)).toBe(true);
     30|     expect(spreadData.IG.length).toBe(12);

⎯⎯⎯⎯⎯⎯⎯⎯⎯⎯⎯⎯⎯⎯⎯⎯⎯⎯⎯⎯⎯[15/113]⎯

 FAIL  src/__tests__/bonds/useBondsData.test.js > useBondsData > scales international curve using live 10yr anchor
TypeError: actual value must be number or bigint, received "undefined"
 ❯ src/__tests__/bonds/useBondsData.test.js:59:22
     57|     const de = result.current.yieldCurveData.DE;
     58|     expect(de['10y']).toBe(3.0);
     59|     expect(de['5y']).toBeGreaterThan(2.85); // scaled up
       |                      ^
     60|   });
     61|

⎯⎯⎯⎯⎯⎯⎯⎯⎯⎯⎯⎯⎯⎯⎯⎯⎯⎯⎯⎯⎯[16/113]⎯

 FAIL  src/__tests__/bonds/useBondsData.test.js > useBondsData > falls back to mock spreadData when server returns null
AssertionError: expected +0 to be 12 // Object.is equality

- Expected
+ Received

- 12
+ 0

 ❯ src/__tests__/bonds/useBondsData.test.js:67:52
     65|     const { result } = renderHook(() => useBondsData());
     66|     await waitFor(() => expect(result.current.isLive).toBe(true));
     67|     expect(result.current.spreadData.dates.length).toBe(12);
       |                                                    ^
     68|   });
     69|

⎯⎯⎯⎯⎯⎯⎯⎯⎯⎯⎯⎯⎯⎯⎯⎯⎯⎯⎯⎯⎯[17/113]⎯

 FAIL  src/__tests__/bonds/useBondsData.test.js > useBondsData > returns mock breakevensData on server failure
AssertionError: expected undefined to be defined
 ❯ src/__tests__/bonds/useBondsData.test.js:84:41
     82|     await waitFor(() => expect(result.current.isLoading).toBe(false));
     83|     const { breakevensData } = result.current;
     84|     expect(breakevensData.current.be5y).toBeDefined();
       |                                         ^
     85|     expect(breakevensData.current.real10y).toBeDefined();
     86|     expect(breakevensData.history.dates.length).toBeGreaterThanOrEqual…

⎯⎯⎯⎯⎯⎯⎯⎯⎯⎯⎯⎯⎯⎯⎯⎯⎯⎯⎯⎯⎯[18/113]⎯

 FAIL  src/__tests__/bonds/useBondsData.test.js > useBondsData > guard: does not apply breakevensData when history 
dates < 20
AssertionError: expected 3 to be 2.31 // Object.is equality

- Expected
+ Received

- 2.31
+ 3

 ❯ src/__tests__/bonds/useBondsData.test.js:100:56
     98|     await waitFor(() => expect(result.current.isLive).toBe(true));
     99|     // Should keep mock breakevensData because live only has 1 date
    100|     expect(result.current.breakevensData.current.be5y).toBe(2.31);
       |                                                        ^
    101|     expect(result.current.breakevensData.history.dates.length).toBeGre…
    102|   });

⎯⎯⎯⎯⎯⎯⎯⎯⎯⎯⎯⎯⎯⎯⎯⎯⎯⎯⎯⎯⎯[19/113]⎯

 FAIL  src/__tests__/bonds/YieldCurve.test.jsx > YieldCurve > renders the echarts chart
TestingLibraryElementError: Unable to find an element by: [data-testid="echarts-mock"]

Ignored nodes: comments, script, style
[36m<body>[39m
  [36m<div>[39m
    [36m<div[39m
      [33mclass[39m=[32m"bonds-panel"[39m
    [36m>[39m
      [36m<div[39m
        [33mclass[39m=[32m"bonds-panel-header"[39m
      [36m>[39m
        [36m<span[39m
          [33mclass[39m=[32m"bonds-panel-title"[39m
        [36m>[39m
          [0mYield Curve[0m
        [36m</span>[39m
        [36m<span[39m
          [33mclass[39m=[32m"bonds-panel-subtitle"[39m
        [36m>[39m
          [0m2[0m
          [0m countries · sovereign benchmark rates[0m
        [36m</span>[39m
      [36m</div>[39m
      [36m<div[39m
        [33mclass[39m=[32m"bonds-kpi-strip"[39m
      [36m>[39m
        [36m<div[39m
          [33mclass[39m=[32m"bonds-kpi-pill"[39m
        [36m>[39m
          [36m<span[39m
            [33mclass[39m=[32m"bonds-kpi-label"[39m
          [36m>[39m
            [0mUS 10Y[0m
          [36m</span>[39m
          [36m<span[39m
            [33mclass[39m=[32m"bonds-kpi-value accent"[39m
          [36m>[39m
            [36m<span[39m
              [33mclass[39m=[32m"mv-root mv-clickable"[39m
            [36m>[39m
              [0m4.20%[0m
            [36m</span>[39m
          [36m</span>[39m
        [36m</div>[39m
        [36m<div[39m
          [33mclass[39m=[32m"bonds-kpi-pill"[39m
        [36m>[39m
          [36m<span[39m
            [33mclass[39m=[32m"bonds-kpi-label"[39m
          [36m>[39m
            [0m10Y−2Y[0m
          [36m</span>[39m
          [36m<span[39m
            [33mclass[39m=[32m"bonds-kpi-value negative"[39m
          [36m>[39m
            [36m<span[39m
              [33mclass[39m=[32m"mv-root mv-clickable"[39m
            [36m>[39m
              [0m—[0m
            [36m</span>[39m
          [36m</span>[39m
        [36m</div>[39m
        [36m<div[39m
          [33mclass[39m=[32m"bonds-kpi-pill"[39m
        [36m>[39m
          [36m<span[39m
            [33mclass[39m=[32m"bonds-kpi-label"[39m
          [36m>[39m
            [0m10Y−3M[0m
          [36m</span>[39m
          [36m<span[39m
            [33mclass[39m=[32m"bonds-kpi-value negative"[39m
          [36m>[39m
            [36m<span[39m
              [33mclass[39m=[32m"mv-root mv-clickable"[39m
            [36m>[39m
              [0m—[0m
            [36m</span>[39m
          [36m</span>[39m
        [36m</div>[39m
        [36m<div[39m
          [33mclass[39m=[32m"bonds-kpi-pill"[39m
        [36m>[39m
          [36m<span[39m
            [33mclass[39m=[32m"bonds-kpi-label"[39m
          [36m>[39m
            [0mSteepest[0m
          [36m</span>[39m
          [36m<span[39m
            [33mclass[39m=[32m"bonds-kpi-value accent"[39m
          [36m>[39m
            [0mUS[0m
          [36m</span>[39m
        [36m</div>[39m
      [36m</div>[39m
      [36m<div[39m
        [33mclass[39m=[32m"bonds-wide-narrow"[39m
      [36m>[39m
        [36m<div[39m
          [33mclass[39m=[32m"bonds-chart-wrap"[39m
        [36m>[39m
          [36m<div[39m
            [33mstyle[39m=[32m"height: 100%; width: 100%; min-height: 100%; min-width: 0px; position: relative; 
overflow: hidden; cursor: pointer;"[39m
          [36m/>[39m
        [36m</div>[39m
        [36m<div[39m
          [33mclass[39m=[32m"bonds-chart-panel"[39m
        [36m>[39m
          [36m<div[39m
            [33mclass[39m=[32m"bonds-chart-title"[39m
          [36m>[39m
            [0mUS Yield by Tenor[0m
          [36m</div>[39m
          [36m<div[39m
            [33mclass[39m=[32m"bonds-bar-row"[39m
          [36m>[39m
            [36m<span[39m
              [33mclass[39m=[32m"bonds-bar-label"[39m
            [36m>[39m
              [0m3m[0m
            [36m</span>[39m
            [36m<div[39m
              [33mclass[39m=[32m"bonds-bar-track"[39m
            [36m>[39m
              [36m<div[39m
                [33mclass[39m=[32m"bonds-bar-fill"[39m
                [33mstyle[39m=[32m"width: 100%; background: rgb(16, 185, 129);"[39m
              [36m/>[39m
            [36m</div>[39m
            [36m<span[39m
              [33mclass[39m=[32m"bonds-bar-val"[39m
            [36m>[39m
              [36m<span[39m
                [33mclass[39m=[32m"mv-root mv-clickable"[39m
              [36m>[39m
                [0m5.25%[0m
              [36m</span>[39m
            [36m</span>[39m
          [36m</div>[39m
          [36m<div[39m
            [33mclass[39m=[32m"bonds-bar-row"[39m
          [36m>[39m
            [36m<span[39m
              [33mclass[39m=[32m"bonds-bar-label"[39m
            [36m>[39m
              [0m6m[0m
            [36m</span>[39m
            [36m<div[39m
              [33mclass[39m=[32m"bonds-bar-track"[39m
            [36m>[39m
              [36m<div[39m
                [33mclass[39m=[32m"bonds-bar-fill"[39m
                [33mstyle[39m=[32m"width: 97.14285714285712%; background: rgb(16, 185, 129);"[39m
              [36m/>[39m
            [36m</div>[39m
            [36m<span[39m
              [33mclass[39m=[32m"bonds-bar-val"[39m
            [36m>[39m
              [36m<span[39m
                [33mclass[39m=[32m"mv-root mv-clickable"[39m
              [36m>[39m
                [0m5.10%[0m
              [36m</span>[39m
            [36m</span>[39m
          [36m</div>[39m
          [36m<div[39m
            [33mclass[39m=[32m"bonds-bar-row"[39m
          [36m>[39m
            [36m<span[39m
              [33mclass[39m=[32m"bonds-bar-label"[39m
            [36m>[39m
              [0m1y[0m
            [36m</span>[39m
            [36m<div[39m
              [33mclass[39m=[32m"bonds-bar-track"[39m
            [36m>[39m
              [36m<div[39m
                [33mclass[39m=[32m"bonds-bar-fill"[39m
                [33mstyle[39m=[32m"width: 92.38095238095238%; background: rgb(16, 185, 129);"[39m
              [36m/>[39m
            [36m</div>[39m
            [36m<span[39m
              [33mclass[39m=[32m"bonds-bar-val"[39m
            [36m>[39m
              [36m<span[39m
                [33mclass[39m=[32m"mv-root mv-clickable"[39m
              [36m>[39m
                [0m4.85%[0m
              [36m</span>[39m
            [36m</span>[39m
          [36m</div>[39m
          [36m<div[39m
            [33mclass[39m=[32m"bonds-bar-row"[39m
          [36m>[39m
            [36m<span[39m
              [33mclass[39m=[32m"bonds-bar-label"[39m
            [36m>[39m
              [0m2y[0m
            [36m</span>[39m
            [36m<div[39m
              [33mclass[39m=[32m"bonds-bar-track"[39m
            [36m>[39m
              [36m<div[39m
                [33mclass[39m=[32m"bonds-bar-fill"[39m
                [33mstyle[39m=[32m"width: 87.6190476190476%; background: rgb(16, 185, 129);"[39m
              [36m/>[39m
            [36m</div>[39m
            [36m<span[39m
              [33mclass[39m=[32m"bonds-bar-val"[39m
            [36m>[39m
              [36m<span[39m
                [33mclass[39m=[32m"mv-root mv-clickable"[39m
              [36m>[39m
                [0m4.60%[0m
              [36m</span>[39m
            [36m</span>[39m
          [36m</div>[39m
          [36m<div[39m
            [33mclass[39m=[32m"bonds-bar-row"[39m
          [36m>[39m
            [36m<span[39m
              [33mclass[39m=[32m"bonds-bar-label"[39m
            [36m>[39m
              [0m5y[0m
            [36m</span>[39m
            [36m<div[39m
              [33mclass[39m=[32m"bonds-bar-track"[39m
            [36m>[39m
              [36m<div[39m
                [33mclass[39m=[32m"bonds-bar-fill"[39m
                [33mstyle[39m=[32m"width: 82.85714285714285%; background: rgb(16, 185, 129);"[39m
              [36m/>[39m
            [36m</div>[39m
            [36m<span[39m
              [33mclass[39m=[32m"bonds-bar-val"[39m
            [36m>[39m
              [36m<span[39m
                [33mclass[39m=[32m"mv-root mv-clickable"[39m
              [36m>[39m
                [0m4.35%[0m
              [36m</span>[39m
            [36m</span>[39m
          [36m</div>[39m
          [36m<div[39m
            [33mclass[39m=[32m"bonds-bar-row"[39m
          [36m>[39m
            [36m<span[39m
              [33mclass[39m=[32m"bonds-bar-label"[39m
            [36m>[39m
              [0m10y[0m
            [36m</span>[39m
            [36m<div[39m
              [33mclass[39m=[32m"bonds-bar-track"[39m
            [36m>[39m
              [36m<div[39m
                [33mclass[39m=[32m"bonds-bar-fill"[39m
                [33mstyle[39m=[32m"width: 80%; background: rgb(16, 185, 129);"[39m
              [36m/>[39m
            [36m</div>[39m
            [36m<span[39m
              [33mclass[39m=[32m"bonds-bar-val"[39m
            [36m>[39m
              [36m<span[39m
                [33mclass[39m=[32m"mv-root mv-clickable"[39m
              [36m>[39m
                [0m4.20%[0m
              [36m</span>[39m
            [36m</span>[39m
          [36m</div>[39m
          [36m<div[39m
            [33mclass[39m=[32m"bonds-bar-row"[39m
          [36m>[39m
            [36m<span[39m
              [33mclass[39m=[32m"bonds-bar-label"[39m
            [36m>[39m
              [0m30y[0m
            [36m</span>[39m
            [36m<div[39m
              [33mclass[39m=[32m"bonds-bar-track"[39m
            [36m>[39m
              [36m<div[39m
                [33mclass[39m=[32m"bonds-bar-fill"[39m
                [33mstyle[39m=[32m"width: 83.80952380952381%; background: rgb(16, 185, 129);"[39m
              [36m/>[39m
            [36m</div>[39m
            [36m<span[39m
              [33mclass[39m=[32m"bonds-bar-val"[39m
            [36m>[39m
              [36m<span[39m
                [33mclass[39m=[32m"mv-root mv-clickable"[39m
              [36m>[39m
                [0m4.40%[0m
              [36m</span>[39m
            [36m</span>[39m
          [36m</div>[39m
        [36m</div>[39m
      [36m</div>[39m
      [36m<div[39m
        [33mclass[39m=[32m"bonds-panel-footer"[39m
      [36m>[39m
        [0mX-axis: 3m → 30y · Y-axis: yield % · Hover for details[0m
      [36m</div>[39m
    [36m</div>[39m
  [36m</div>[39m
[36m</body>[39m
 ❯ Object.getElementError node_modules/@testing-library/dom/dist/config.js:37:19
 ❯ node_modules/@testing-library/dom/dist/query-helpers.js:76:38
 ❯ node_modules/@testing-library/dom/dist/query-helpers.js:52:17
 ❯ node_modules/@testing-library/dom/dist/query-helpers.js:95:19
 ❯ src/__tests__/bonds/YieldCurve.test.jsx:20:19
     18|   it('renders the echarts chart', () => {
     19|     render(<YieldCurve yieldCurveData={mockData} />);
     20|     expect(screen.getByTestId('echarts-mock')).toBeInTheDocument();
       |                   ^
     21|   });
     22|

⎯⎯⎯⎯⎯⎯⎯⎯⎯⎯⎯⎯⎯⎯⎯⎯⎯⎯⎯⎯⎯[20/113]⎯

 FAIL  src/__tests__/commodities/CommoditiesMarket.test.jsx > CommoditiesMarket > renders dashboard with KPI strip 
after loading
TestingLibraryElementError: Unable to find an element with the text: WTI Crude. This could be because the text is 
broken up by multiple elements. In this case, you can provide a function for your text matcher to make your matcher 
more flexible.

Ignored nodes: comments, script, style
[36m<body>[39m
  [36m<div>[39m
    [36m<div[39m
      [33mclass[39m=[32m"skeleton-market"[39m
    [36m>[39m
      [36m<div[39m
        [33mclass[39m=[32m"skeleton-header"[39m
      [36m>[39m
        [36m<div[39m
          [33mclass[39m=[32m"skeleton skeleton-tab"[39m
        [36m/>[39m
        [36m<div[39m
          [33mclass[39m=[32m"skeleton skeleton-tab"[39m
        [36m/>[39m
        [36m<div[39m
          [33mclass[39m=[32m"skeleton skeleton-tab"[39m
        [36m/>[39m
        [36m<div[39m
          [33mclass[39m=[32m"skeleton skeleton-tab"[39m
        [36m/>[39m
      [36m</div>[39m
      [36m<div[39m
        [33mclass[39m=[32m"skeleton skeleton-status"[39m
      [36m/>[39m
      [36m<div[39m
        [33mclass[39m=[32m"skeleton-kpi-strip"[39m
      [36m>[39m
        [36m<div[39m
          [33mclass[39m=[32m"skeleton skeleton-kpi"[39m
        [36m/>[39m
        [36m<div[39m
          [33mclass[39m=[32m"skeleton skeleton-kpi"[39m
        [36m/>[39m
        [36m<div[39m
          [33mclass[39m=[32m"skeleton skeleton-kpi"[39m
        [36m/>[39m
        [36m<div[39m
          [33mclass[39m=[32m"skeleton skeleton-kpi"[39m
        [36m/>[39m
      [36m</div>[39m
      [36m<div[39m
        [33mclass[39m=[32m"skeleton-row"[39m
      [36m>[39m
        [36m<div[39m
          [33mclass[39m=[32m"skeleton skeleton-chart"[39m
        [36m/>[39m
        [36m<div[39m
          [33mclass[39m=[32m"skeleton skeleton-chart"[39m
        [36m/>[39m
      [36m</div>[39m
      [36m<div[39m
        [33mclass[39m=[32m"skeleton skeleton-table"[39m
      [36m/>[39m
      [36m<div[39m
        [33mclass[39m=[32m"skeleton skeleton-footer"[39m
      [36m/>[39m
    [36m</div>[39m
  [36m</div>[39m
[36m</body>[39m
 ❯ Object.getElementError node_modules/@testing-library/dom/dist/config.js:37:19
 ❯ node_modules/@testing-library/dom/dist/query-helpers.js:76:38
 ❯ node_modules/@testing-library/dom/dist/query-helpers.js:109:15
 ❯ src/__tests__/commodities/CommoditiesMarket.test.jsx:17:19
     15|     await waitFor(() => expect(screen.queryByText(/loading/i)).not.toB…
     16|     // Dashboard shows KPI strip with key commodities
     17|     expect(screen.getAllByText('WTI Crude').length).toBeGreaterThan(0);
       |                   ^
     18|   });
     19|

⎯⎯⎯⎯⎯⎯⎯⎯⎯⎯⎯⎯⎯⎯⎯⎯⎯⎯⎯⎯⎯[21/113]⎯

 FAIL  src/__tests__/commodities/CommoditiesMarket.test.jsx > CommoditiesMarket > shows commodity data after loading
TestingLibraryElementError: Unable to find an element with the text: /Gold/i. This could be because the text is broken 
up by multiple elements. In this case, you can provide a function for your text matcher to make your matcher more 
flexible.

Ignored nodes: comments, script, style
[36m<body>[39m
  [36m<div>[39m
    [36m<div[39m
      [33mclass[39m=[32m"skeleton-market"[39m
    [36m>[39m
      [36m<div[39m
        [33mclass[39m=[32m"skeleton-header"[39m
      [36m>[39m
        [36m<div[39m
          [33mclass[39m=[32m"skeleton skeleton-tab"[39m
        [36m/>[39m
        [36m<div[39m
          [33mclass[39m=[32m"skeleton skeleton-tab"[39m
        [36m/>[39m
        [36m<div[39m
          [33mclass[39m=[32m"skeleton skeleton-tab"[39m
        [36m/>[39m
        [36m<div[39m
          [33mclass[39m=[32m"skeleton skeleton-tab"[39m
        [36m/>[39m
      [36m</div>[39m
      [36m<div[39m
        [33mclass[39m=[32m"skeleton skeleton-status"[39m
      [36m/>[39m
      [36m<div[39m
        [33mclass[39m=[32m"skeleton-kpi-strip"[39m
      [36m>[39m
        [36m<div[39m
          [33mclass[39m=[32m"skeleton skeleton-kpi"[39m
        [36m/>[39m
        [36m<div[39m
          [33mclass[39m=[32m"skeleton skeleton-kpi"[39m
        [36m/>[39m
        [36m<div[39m
          [33mclass[39m=[32m"skeleton skeleton-kpi"[39m
        [36m/>[39m
        [36m<div[39m
          [33mclass[39m=[32m"skeleton skeleton-kpi"[39m
        [36m/>[39m
      [36m</div>[39m
      [36m<div[39m
        [33mclass[39m=[32m"skeleton-row"[39m
      [36m>[39m
        [36m<div[39m
          [33mclass[39m=[32m"skeleton skeleton-chart"[39m
        [36m/>[39m
        [36m<div[39m
          [33mclass[39m=[32m"skeleton skeleton-chart"[39m
        [36m/>[39m
      [36m</div>[39m
      [36m<div[39m
        [33mclass[39m=[32m"skeleton skeleton-table"[39m
      [36m/>[39m
      [36m<div[39m
        [33mclass[39m=[32m"skeleton skeleton-footer"[39m
      [36m/>[39m
    [36m</div>[39m
  [36m</div>[39m
[36m</body>[39m
 ❯ Object.getElementError node_modules/@testing-library/dom/dist/config.js:37:19
 ❯ node_modules/@testing-library/dom/dist/query-helpers.js:76:38
 ❯ node_modules/@testing-library/dom/dist/query-helpers.js:109:15
 ❯ src/__tests__/commodities/CommoditiesMarket.test.jsx:23:33
     21|     render(<CommoditiesMarket />);
     22|     await waitFor(() => expect(screen.queryByText(/loading/i)).not.toB…
     23|     const goldElements = screen.getAllByText(/Gold/i);
       |                                 ^
     24|     expect(goldElements.length).toBeGreaterThan(0);
     25|   });

⎯⎯⎯⎯⎯⎯⎯⎯⎯⎯⎯⎯⎯⎯⎯⎯⎯⎯⎯⎯⎯[22/113]⎯

 FAIL  src/__tests__/commodities/CommoditiesMarket.test.jsx > CommoditiesMarket > shows all content visible at once 
(no tabs)
TestingLibraryElementError: Unable to find an element with the text: Energy. This could be because the text is broken 
up by multiple elements. In this case, you can provide a function for your text matcher to make your matcher more 
flexible.

Ignored nodes: comments, script, style
[36m<body>[39m
  [36m<div>[39m
    [36m<div[39m
      [33mclass[39m=[32m"skeleton-market"[39m
    [36m>[39m
      [36m<div[39m
        [33mclass[39m=[32m"skeleton-header"[39m
      [36m>[39m
        [36m<div[39m
          [33mclass[39m=[32m"skeleton skeleton-tab"[39m
        [36m/>[39m
        [36m<div[39m
          [33mclass[39m=[32m"skeleton skeleton-tab"[39m
        [36m/>[39m
        [36m<div[39m
          [33mclass[39m=[32m"skeleton skeleton-tab"[39m
        [36m/>[39m
        [36m<div[39m
          [33mclass[39m=[32m"skeleton skeleton-tab"[39m
        [36m/>[39m
      [36m</div>[39m
      [36m<div[39m
        [33mclass[39m=[32m"skeleton skeleton-status"[39m
      [36m/>[39m
      [36m<div[39m
        [33mclass[39m=[32m"skeleton-kpi-strip"[39m
      [36m>[39m
        [36m<div[39m
          [33mclass[39m=[32m"skeleton skeleton-kpi"[39m
        [36m/>[39m
        [36m<div[39m
          [33mclass[39m=[32m"skeleton skeleton-kpi"[39m
        [36m/>[39m
        [36m<div[39m
          [33mclass[39m=[32m"skeleton skeleton-kpi"[39m
        [36m/>[39m
        [36m<div[39m
          [33mclass[39m=[32m"skeleton skeleton-kpi"[39m
        [36m/>[39m
      [36m</div>[39m
      [36m<div[39m
        [33mclass[39m=[32m"skeleton-row"[39m
      [36m>[39m
        [36m<div[39m
          [33mclass[39m=[32m"skeleton skeleton-chart"[39m
        [36m/>[39m
        [36m<div[39m
          [33mclass[39m=[32m"skeleton skeleton-chart"[39m
        [36m/>[39m
      [36m</div>[39m
      [36m<div[39m
        [33mclass[39m=[32m"skeleton skeleton-table"[39m
      [36m/>[39m
      [36m<div[39m
        [33mclass[39m=[32m"skeleton skeleton-footer"[39m
      [36m/>[39m
    [36m</div>[39m
  [36m</div>[39m
[36m</body>[39m
 ❯ Object.getElementError node_modules/@testing-library/dom/dist/config.js:37:19
 ❯ node_modules/@testing-library/dom/dist/query-helpers.js:76:38
 ❯ node_modules/@testing-library/dom/dist/query-helpers.js:109:15
 ❯ src/__tests__/commodities/CommoditiesMarket.test.jsx:30:35
     28|     render(<CommoditiesMarket />);
     29|     await waitFor(() => expect(screen.queryByText(/loading/i)).not.toB…
     30|     const energyElements = screen.getAllByText('Energy');
       |                                   ^
     31|     expect(energyElements.length).toBeGreaterThan(0);
     32|     // Check that there are no tab buttons for navigation

⎯⎯⎯⎯⎯⎯⎯⎯⎯⎯⎯⎯⎯⎯⎯⎯⎯⎯⎯⎯⎯[23/113]⎯

 FAIL  src/__tests__/commodities/CommoditiesMarket.test.jsx > CommoditiesMarket > shows mock data status when server 
unavailable
TestingLibraryElementError: Unable to find an element with the text: /mock data/i. This could be because the text is 
broken up by multiple elements. In this case, you can provide a function for your text matcher to make your matcher 
more flexible.

Ignored nodes: comments, script, style
[36m<body>[39m
  [36m<div>[39m
    [36m<div[39m
      [33mclass[39m=[32m"skeleton-market"[39m
    [36m>[39m
      [36m<div[39m
        [33mclass[39m=[32m"skeleton-header"[39m
      [36m>[39m
        [36m<div[39m
          [33mclass[39m=[32m"skeleton skeleton-tab"[39m
        [36m/>[39m
        [36m<div[39m
          [33mclass[39m=[32m"skeleton skeleton-tab"[39m
        [36m/>[39m
        [36m<div[39m
          [33mclass[39m=[32m"skeleton skeleton-tab"[39m
        [36m/>[39m
        [36m<div[39m
          [33mclass[39m=[32m"skeleton skeleton-tab"[39m
        [36m/>[39m
      [36m</div>[39m
      [36m<div[39m
        [33mclass[39m=[32m"skeleton skeleton-status"[39m
      [36m/>[39m
      [36m<div[39m
        [33mclass[39m=[32m"skeleton-kpi-strip"[39m
      [36m>[39m
        [36m<div[39m
          [33mclass[39m=[32m"skeleton skeleton-kpi"[39m
        [36m/>[39m
        [36m<div[39m
          [33mclass[39m=[32m"skeleton skeleton-kpi"[39m
        [36m/>[39m
        [36m<div[39m
          [33mclass[39m=[32m"skeleton skeleton-kpi"[39m
        [36m/>[39m
        [36m<div[39m
          [33mclass[39m=[32m"skeleton skeleton-kpi"[39m
        [36m/>[39m
      [36m</div>[39m
      [36m<div[39m
        [33mclass[39m=[32m"skeleton-row"[39m
      [36m>[39m
        [36m<div[39m
          [33mclass[39m=[32m"skeleton skeleton-chart"[39m
        [36m/>[39m
        [36m<div[39m
          [33mclass[39m=[32m"skeleton skeleton-chart"[39m
        [36m/>[39m
      [36m</div>[39m
      [36m<div[39m
        [33mclass[39m=[32m"skeleton skeleton-table"[39m
      [36m/>[39m
      [36m<div[39m
        [33mclass[39m=[32m"skeleton skeleton-footer"[39m
      [36m/>[39m
    [36m</div>[39m
  [36m</div>[39m
[36m</body>[39m
 ❯ Object.getElementError node_modules/@testing-library/dom/dist/config.js:37:19
 ❯ node_modules/@testing-library/dom/dist/query-helpers.js:76:38
 ❯ node_modules/@testing-library/dom/dist/query-helpers.js:109:15
 ❯ src/__tests__/commodities/CommoditiesMarket.test.jsx:43:37
     41|     render(<CommoditiesMarket />);
     42|     await waitFor(() => expect(screen.queryByText(/loading/i)).not.toB…
     43|     const mockDataElements = screen.getAllByText(/mock data/i);
       |                                     ^
     44|     expect(mockDataElements.length).toBeGreaterThan(0);
     45|   });

⎯⎯⎯⎯⎯⎯⎯⎯⎯⎯⎯⎯⎯⎯⎯⎯⎯⎯⎯⎯⎯[24/113]⎯

 FAIL  src/__tests__/commodities/FuturesCurve.test.jsx > FuturesCurve > renders the chart
TestingLibraryElementError: Unable to find an element by: [data-testid="echarts-mock"]

Ignored nodes: comments, script, style
[36m<body>[39m
  [36m<div>[39m
    [36m<div[39m
      [33mclass[39m=[32m"com-panel"[39m
    [36m>[39m
      [36m<div[39m
        [33mclass[39m=[32m"com-panel-header"[39m
      [36m>[39m
        [36m<span[39m
          [33mclass[39m=[32m"com-panel-title"[39m
        [36m>[39m
          [0mFutures Curves[0m
        [36m</span>[39m
        [36m<span[39m
          [33mclass[39m=[32m"com-panel-subtitle"[39m
        [36m>[39m
          [0mForward contract pricing — term structure[0m
        [36m</span>[39m
      [36m</div>[39m
      [36m<div[39m
        [33mclass[39m=[32m"com-kpi-strip"[39m
      [36m>[39m
        [36m<div[39m
          [33mclass[39m=[32m"com-kpi-pill"[39m
        [36m>[39m
          [36m<span[39m
            [33mclass[39m=[32m"com-kpi-label"[39m
          [36m>[39m
            [0mWTI Spot[0m
          [36m</span>[39m
          [36m<span[39m
            [33mclass[39m=[32m"com-kpi-value"[39m
          [36m>[39m
            [36m<span[39m
              [33mclass[39m=[32m"mv-root mv-clickable"[39m
            [36m>[39m
              [0m$82.14[0m
            [36m</span>[39m
          [36m</span>[39m
          [36m<span[39m
            [33mclass[39m=[32m"com-kpi-sub"[39m
          [36m>[39m
            [0mBackwardation[0m
            [0m [0m
            [0m([0m
            [36m<span[39m
              [33mclass[39m=[32m"mv-root mv-clickable"[39m
            [36m>[39m
              [0m-2.0%[0m
            [36m</span>[39m
            [0m)[0m
          [36m</span>[39m
        [36m</div>[39m
        [36m<div[39m
          [33mclass[39m=[32m"com-kpi-pill"[39m
        [36m>[39m
          [36m<span[39m
            [33mclass[39m=[32m"com-kpi-label"[39m
          [36m>[39m
            [0mGold Spot[0m
          [36m</span>[39m
          [36m<span[39m
            [33mclass[39m=[32m"com-kpi-value"[39m
          [36m>[39m
            [36m<span[39m
              [33mclass[39m=[32m"mv-root mv-clickable"[39m
            [36m>[39m
              [0m—[0m
            [36m</span>[39m
          [36m</span>[39m
          [36m<span[39m
            [33mclass[39m=[32m"com-kpi-sub"[39m
          [36m>[39m
            [0m [0m
          [36m</span>[39m
        [36m</div>[39m
        [36m<div[39m
          [33mclass[39m=[32m"com-kpi-pill"[39m
        [36m>[39m
          [36m<span[39m
            [33mclass[39m=[32m"com-kpi-label"[39m
          [36m>[39m
            [0mWTI Contracts[0m
          [36m</span>[39m
          [36m<span[39m
            [33mclass[39m=[32m"com-kpi-value"[39m
          [36m>[39m
            [0m8[0m
          [36m</span>[39m
          [36m<span[39m
            [33mclass[39m=[32m"com-kpi-sub"[39m
          [36m>[39m
            [0mmonths forward[0m
          [36m</span>[39m
        [36m</div>[39m
        [36m<div[39m
          [33mclass[39m=[32m"com-kpi-pill"[39m
        [36m>[39m
          [36m<span[39m
            [33mclass[39m=[32m"com-kpi-label"[39m
          [36m>[39m
            [0mGold Contracts[0m
          [36m</span>[39m
          [36m<span[39m
            [33mclass[39m=[32m"com-kpi-value"[39m
          [36m>[39m
            [0m0[0m
          [36m</span>[39m
          [36m<span[39m
            [33mclass[39m=[32m"com-kpi-sub"[39m
          [36m>[39m
            [0mmonths forward[0m
          [36m</span>[39m
        [36m</div>[39m
      [36m</div>[39m
      [36m<div[39m
        [33mclass[39m=[32m"com-two-col"[39m
        [33mstyle[39m=[32m"margin-bottom: 8px;"[39m
      [36m>[39m
        [36m<div[39m
          [33mclass[39m=[32m"com-chart-panel"[39m
        [36m>[39m
          [36m<div[39m
            [33mclass[39m=[32m"com-chart-title"[39m
          [36m>[39m
            [0mWTI Crude Oil — [0m
            [0m8[0m
            [0m Months ([0m
            [0m$/bbl[0m
            [0m)[0m
          [36m</div>[39m
          [36m<div[39m
            [33mclass[39m=[32m"com-mini-chart"[39m
          [36m>[39m
            [36m<div[39m
              [33mstyle[39m=[32m"height: 100%; max-height: 100%; width: 100%; min-height: 100%; min-width: 0px; 
position: relative; overflow: hidden; cursor: pointer;"[39m
            [36m/>[39m
          [36m</div>[39m
          [36m<span[39m
            [33mclass[39m=[32m"com-curve-pill com-backwardation"[39m
            [33mstyle[39m=[32m"margin-top: 4px; align-self: flex-start;"[39m
          [36m>[39m
            [0m▼ Backwardation[0m
            [0m · [0m
            [36m<span[39m
              [33mclass[39m=[32m"mv-root mv-clickable"[39m
            [36m>[39m
              [0m2.0%[0m
            [36m</span>[39m
          [36m</span>[39m
        [36m</div>[39m
      [36m</div>[39m
      [36m<div[39m
        [33mclass[39m=[32m"com-panel-footer"[39m
      [36m>[39m
        [0mSource: CME futures (Yahoo Finance) · FRED DCOILWTICO / DTWEXBGS · Seasonal: 5yr monthly avg[0m
      [36m</div>[39m
    [36m</div>[39m
  [36m</div>[39m
[36m</body>[39m
 ❯ Object.getElementError node_modules/@testing-library/dom/dist/config.js:37:19
 ❯ node_modules/@testing-library/dom/dist/query-helpers.js:76:38
 ❯ node_modules/@testing-library/dom/dist/query-helpers.js:52:17
 ❯ node_modules/@testing-library/dom/dist/query-helpers.js:95:19
 ❯ src/__tests__/commodities/FuturesCurve.test.jsx:12:19
     10|   it('renders the chart', () => {
     11|     render(<FuturesCurve futuresCurveData={futuresCurveData} />);
     12|     expect(screen.getByTestId('echarts-mock')).toBeInTheDocument();
       |                   ^
     13|   });
     14|

⎯⎯⎯⎯⎯⎯⎯⎯⎯⎯⎯⎯⎯⎯⎯⎯⎯⎯⎯⎯⎯[25/113]⎯

 FAIL  src/__tests__/commodities/PriceDashboard.test.jsx > PriceDashboard > applies com-up class to positive change1d 
value
AssertionError: expected 'mv-root mv-clickable' to contain 'com-up'

Expected: "com-up"
Received: "mv-root mv-clickable"

 ❯ src/__tests__/commodities/PriceDashboard.test.jsx:34:28
     32|     render(<PriceDashboard priceDashboardData={priceDashboardData} />);
     33|     const cell = screen.getAllByText(/\+0\.82%/)[0];
     34|     expect(cell.className).toContain('com-up');
       |                            ^
     35|   });
     36|

⎯⎯⎯⎯⎯⎯⎯⎯⎯⎯⎯⎯⎯⎯⎯⎯⎯⎯⎯⎯⎯[26/113]⎯

 FAIL  src/__tests__/commodities/PriceDashboard.test.jsx > PriceDashboard > applies com-down class to negative 
change1d value
AssertionError: expected 'mv-root mv-clickable' to contain 'com-down'

Expected: "com-down"
Received: "mv-root mv-clickable"

 ❯ src/__tests__/commodities/PriceDashboard.test.jsx:40:28
     38|     render(<PriceDashboard priceDashboardData={priceDashboardData} />);
     39|     const cell = screen.getAllByText(/-1\.18%/)[0];
     40|     expect(cell.className).toContain('com-down');
       |                            ^
     41|   });
     42| });

⎯⎯⎯⎯⎯⎯⎯⎯⎯⎯⎯⎯⎯⎯⎯⎯⎯⎯⎯⎯⎯[27/113]⎯

 FAIL  src/__tests__/commodities/SupplyDemand.test.jsx > SupplyDemand > renders 3 echarts instances
TestingLibraryElementError: Unable to find an element by: [data-testid="echarts-mock"]

Ignored nodes: comments, script, style
[36m<body>[39m
  [36m<div>[39m
    [36m<div[39m
      [33mclass[39m=[32m"com-panel"[39m
    [36m>[39m
      [36m<div[39m
        [33mclass[39m=[32m"com-panel-header"[39m
      [36m>[39m
        [36m<span[39m
          [33mclass[39m=[32m"com-panel-title"[39m
        [36m>[39m
          [0mSupply & Demand Monitor[0m
        [36m</span>[39m
        [36m<span[39m
          [33mclass[39m=[32m"com-panel-subtitle"[39m
        [36m>[39m
          [0mEIA weekly data + FRED gold history[0m
        [36m</span>[39m
      [36m</div>[39m
      [36m<div[39m
        [33mclass[39m=[32m"com-kpi-strip"[39m
      [36m>[39m
        [36m<div[39m
          [33mclass[39m=[32m"com-kpi-pill"[39m
        [36m>[39m
          [36m<span[39m
            [33mclass[39m=[32m"com-kpi-label"[39m
          [36m>[39m
            [0mCrude Stocks[0m
          [36m</span>[39m
          [36m<span[39m
            [33mclass[39m=[32m"com-kpi-value"[39m
          [36m>[39m
            [36m<span[39m
              [33mclass[39m=[32m"mv-root mv-clickable"[39m
            [36m>[39m
              [0m453.1M[0m
            [36m</span>[39m
          [36m</span>[39m
          [36m<span[39m
            [33mclass[39m=[32m"com-kpi-sub com-up"[39m
          [36m>[39m
            [36m<span[39m
              [33mclass[39m=[32m"mv-root mv-clickable"[39m
            [36m>[39m
              [0m+21.0M[0m
            [36m</span>[39m
            [0m vs 5yr avg[0m
          [36m</span>[39m
        [36m</div>[39m
        [36m<div[39m
          [33mclass[39m=[32m"com-kpi-pill"[39m
        [36m>[39m
          [36m<span[39m
            [33mclass[39m=[32m"com-kpi-label"[39m
          [36m>[39m
            [0mNat Gas Storage[0m
          [36m</span>[39m
          [36m<span[39m
            [33mclass[39m=[32m"com-kpi-value"[39m
          [36m>[39m
            [36m<span[39m
              [33mclass[39m=[32m"mv-root mv-clickable"[39m
            [36m>[39m
              [0m2,908 Bcf[0m
            [36m</span>[39m
          [36m</span>[39m
          [36m<span[39m
            [33mclass[39m=[32m"com-kpi-sub com-down"[39m
          [36m>[39m
            [36m<span[39m
              [33mclass[39m=[32m"mv-root mv-clickable"[39m
            [36m>[39m
              [0m-234[0m
            [36m</span>[39m
            [0m vs 5yr avg[0m
          [36m</span>[39m
        [36m</div>[39m
        [36m<div[39m
          [33mclass[39m=[32m"com-kpi-pill"[39m
        [36m>[39m
          [36m<span[39m
            [33mclass[39m=[32m"com-kpi-label"[39m
          [36m>[39m
            [0mCrude Production[0m
          [36m</span>[39m
          [36m<span[39m
            [33mclass[39m=[32m"com-kpi-value"[39m
          [36m>[39m
            [36m<span[39m
              [33mclass[39m=[32m"mv-root mv-clickable"[39m
            [36m>[39m
              [0m13.4M[0m
            [36m</span>[39m
          [36m</span>[39m
          [36m<span[39m
            [33mclass[39m=[32m"com-kpi-sub"[39m
          [36m>[39m
            [0mbbl/day[0m
          [36m</span>[39m
        [36m</div>[39m
        [36m<div[39m
          [33mclass[39m=[32m"com-kpi-pill"[39m
        [36m>[39m
          [36m<span[39m
            [33mclass[39m=[32m"com-kpi-label"[39m
          [36m>[39m
            [0mGold (FRED)[0m
          [36m</span>[39m
          [36m<span[39m
            [33mclass[39m=[32m"com-kpi-value"[39m
            [33mstyle[39m=[32m"color: rgb(245, 158, 11);"[39m
          [36m>[39m
            [0m—[0m
          [36m</span>[39m
          [36m<span[39m
            [33mclass[39m=[32m"com-kpi-sub"[39m
          [36m>[39m
            [0mLondon Fix $/oz[0m
          [36m</span>[39m
        [36m</div>[39m
      [36m</div>[39m
      [36m<div[39m
        [33mclass[39m=[32m"com-three-col"[39m
        [33mstyle[39m=[32m"margin-bottom: 8px;"[39m
      [36m>[39m
        [36m<div[39m
          [33mclass[39m=[32m"com-chart-panel"[39m
        [36m>[39m
          [36m<div[39m
            [33mclass[39m=[32m"com-chart-title"[39m
          [36m>[39m
            [0mUS Crude Oil Stocks (M bbl)[0m
          [36m</div>[39m
          [36m<div[39m
            [33mclass[39m=[32m"com-mini-chart"[39m
          [36m>[39m
            [36m<div[39m
              [33mstyle[39m=[32m"height: 100%; max-height: 100%; width: 100%; min-height: 100%; min-width: 0px; 
position: relative; overflow: hidden; cursor: pointer;"[39m
            [36m/>[39m
          [36m</div>[39m
        [36m</div>[39m
        [36m<div[39m
          [33mclass[39m=[32m"com-chart-panel"[39m
        [36m>[39m
          [36m<div[39m
            [33mclass[39m=[32m"com-chart-title"[39m
          [36m>[39m
            [0mNatural Gas Storage (Bcf)[0m
          [36m</div>[39m
          [36m<div[39m
            [33mclass[39m=[32m"com-mini-chart"[39m
          [36m>[39m
            [36m<div[39m
              [33mstyle[39m=[32m"height: 100%; max-height: 100%; width: 100%; min-height: 100%; min-width: 0px; 
position: relative; overflow: hidden; cursor: pointer;"[39m
            [36m/>[39m
          [36m</div>[39m
        [36m</div>[39m
        [36m<div[39m
          [33mclass[39m=[32m"com-chart-panel"[39m
        [36m>[39m
          [36m<div[39m
            [33mclass[39m=[32m"com-chart-title"[39m
          [36m>[39m
            [0mGold Price[0m
          [36m</div>[39m
          [36m<div[39m
            [33mclass[39m=[32m"com-mini-chart"[39m
            [33mstyle[39m=[32m"display: flex; align-items: center; justify-content: center; color: rgb(71, 85, 
105);"[39m
          [36m>[39m
            [0mNo FRED data available[0m
          [36m</div>[39m
        [36m</div>[39m
      [36m</div>[39m
      [36m<div[39m
        [33mclass[39m=[32m"com-chart-panel"[39m
        [33mstyle[39m=[32m"margin-top: 8px;"[39m
      [36m>[39m
        [36m<div[39m
          [33mclass[39m=[32m"com-chart-title"[39m
        [36m>[39m
          [0mUS Crude Production (M bbl/day) — 52 Weeks[0m
        [36m</div>[39m
        [36m<div[39m
          [33mclass[39m=[32m"com-mini-chart"[39m
        [36m>[39m
          [36m<div[39m
            [33mstyle[39m=[32m"height: 100%; max-height: 100%; width: 100%; min-height: 100%; min-width: 0px; 
position: relative; overflow: hidden; cursor: pointer;"[39m
          [36m/>[39m
        [36m</div>[39m
      [36m</div>[39m
      [36m<div[39m
        [33mclass[39m=[32m"com-panel-footer"[39m
      [36m>[39m
        [0mSource: EIA API v2 · FRED GOLDAMGBD228NLBM · Crude stocks released Wednesdays · Nat gas released 
Thursdays[0m
      [36m</div>[39m
    [36m</div>[39m
  [36m</div>[39m
[36m</body>[39m
 ❯ Object.getElementError node_modules/@testing-library/dom/dist/config.js:37:19
 ❯ node_modules/@testing-library/dom/dist/query-helpers.js:76:38
 ❯ node_modules/@testing-library/dom/dist/query-helpers.js:109:15
 ❯ src/__tests__/commodities/SupplyDemand.test.jsx:32:19
     30|   it('renders 3 echarts instances', () => {
     31|     render(<SupplyDemand supplyDemandData={supplyDemandData} />);
     32|     expect(screen.getAllByTestId('echarts-mock')).toHaveLength(3);
       |                   ^
     33|   });
     34|

⎯⎯⎯⎯⎯⎯⎯⎯⎯⎯⎯⎯⎯⎯⎯⎯⎯⎯⎯⎯⎯[28/113]⎯

 FAIL  src/__tests__/commodities/useCommoditiesData.test.js > useCommoditiesData > returns priceDashboardData with 3 
sectors on mock fallback
AssertionError: Target cannot be null or undefined.
 ❯ src/__tests__/commodities/useCommoditiesData.test.js:17:47
     15|     const { result } = renderHook(() => useCommoditiesData());
     16|     await waitFor(() => expect(result.current.isLoading).toBe(false));
     17|     expect(result.current.priceDashboardData).toHaveLength(3);
       |                                               ^
     18|     expect(result.current.priceDashboardData[0]).toMatchObject({
     19|       sector: expect.any(String),

⎯⎯⎯⎯⎯⎯⎯⎯⎯⎯⎯⎯⎯⎯⎯⎯⎯⎯⎯⎯⎯[29/113]⎯

 FAIL  src/__tests__/commodities/useCommoditiesData.test.js > useCommoditiesData > returns futuresCurveData with 
labels and prices arrays on mock fallback
TypeError: Cannot read properties of null (reading 'labels')
 ❯ src/__tests__/commodities/useCommoditiesData.test.js:30:43
     28|     await waitFor(() => expect(result.current.isLoading).toBe(false));
     29|     const { futuresCurveData } = result.current;
     30|     expect(Array.isArray(futuresCurveData.labels)).toBe(true);
       |                                           ^
     31|     expect(futuresCurveData.labels.length).toBeGreaterThanOrEqual(6);
     32|     expect(futuresCurveData.prices.length).toBe(futuresCurveData.label…

⎯⎯⎯⎯⎯⎯⎯⎯⎯⎯⎯⎯⎯⎯⎯⎯⎯⎯⎯⎯⎯[30/113]⎯

 FAIL  src/__tests__/commodities/useCommoditiesData.test.js > useCommoditiesData > returns sectorHeatmapData with 12 
commodities on mock fallback
TypeError: Cannot read properties of null (reading 'commodities')
 ❯ src/__tests__/commodities/useCommoditiesData.test.js:39:45
     37|     const { result } = renderHook(() => useCommoditiesData());
     38|     await waitFor(() => expect(result.current.isLoading).toBe(false));
     39|     expect(result.current.sectorHeatmapData.commodities).toHaveLength(…
       |                                             ^
     40|     expect(result.current.sectorHeatmapData.commodities[0]).toMatchObj…
     41|       ticker: expect.any(String),

⎯⎯⎯⎯⎯⎯⎯⎯⎯⎯⎯⎯⎯⎯⎯⎯⎯⎯⎯⎯⎯[31/113]⎯

 FAIL  src/__tests__/commodities/useCommoditiesData.test.js > useCommoditiesData > returns supplyDemandData with 
crudeStocks, natGasStorage, crudeProduction on mock fallback
TypeError: Cannot read properties of null (reading 'crudeStocks')
 ❯ src/__tests__/commodities/useCommoditiesData.test.js:53:43
     51|     await waitFor(() => expect(result.current.isLoading).toBe(false));
     52|     const { supplyDemandData } = result.current;
     53|     expect(Array.isArray(supplyDemandData.crudeStocks.periods)).toBe(t…
       |                                           ^
     54|     expect(Array.isArray(supplyDemandData.natGasStorage.periods)).toBe…
     55|     expect(Array.isArray(supplyDemandData.crudeProduction.periods)).to…

⎯⎯⎯⎯⎯⎯⎯⎯⎯⎯⎯⎯⎯⎯⎯⎯⎯⎯⎯⎯⎯[32/113]⎯

 FAIL  src/__tests__/commodities/useCommoditiesData.test.js > useCommoditiesData > sets isLive true and uses live 
priceDashboardData when server responds
AssertionError: expected '2026-04-04 19:14:46' to be '2026-04-04' // Object.is equality

Expected: "2026-04-04"
Received: "2026-04-04 19:14:46"

 ❯ src/__tests__/commodities/useCommoditiesData.test.js:83:40
     81|     expect(result.current.priceDashboardData[0].commodities[0].price).…
     82|     expect(result.current.futuresCurveData.prices[0]).toBe(90.0);
     83|     expect(result.current.lastUpdated).toBe('2026-04-04');
       |                                        ^
     84|   });
     85|

⎯⎯⎯⎯⎯⎯⎯⎯⎯⎯⎯⎯⎯⎯⎯⎯⎯⎯⎯⎯⎯[33/113]⎯

 FAIL  src/__tests__/commodities/useCommoditiesData.test.js > useCommoditiesData > returns cotData with 2 commodities 
on mock fallback
TypeError: Cannot read properties of null (reading 'commodities')
 ❯ src/__tests__/commodities/useCommoditiesData.test.js:98:20
     96|     await waitFor(() => expect(result.current.isLoading).toBe(false));
     97|     const { cotData } = result.current;
     98|     expect(cotData.commodities).toHaveLength(2);
       |                    ^
     99|     expect(cotData.commodities[0].name).toBe('WTI Crude Oil');
    100|     expect(cotData.commodities[1].name).toBe('Gold');

⎯⎯⎯⎯⎯⎯⎯⎯⎯⎯⎯⎯⎯⎯⎯⎯⎯⎯⎯⎯⎯[34/113]⎯

 FAIL  src/__tests__/commodities/useCommoditiesData.test.js > useCommoditiesData > guard: does not apply cotData when 
commodities length < 2
AssertionError: expected [ { name: 'WTI Crude Oil', …(2) } ] to have a length of 2 but got 1

- Expected
+ Received

- 2
+ 1

 ❯ src/__tests__/commodities/useCommoditiesData.test.js:125:48
    123|     await waitFor(() => expect(result.current.isLive).toBe(true));
    124|     // Should keep mock cotData because live only has 1 commodity (nee…
    125|     expect(result.current.cotData.commodities).toHaveLength(2);
       |                                                ^
    126|     expect(result.current.cotData.commodities[0].name).toBe('WTI Crude…
    127|     expect(result.current.cotData.commodities[0].history.length).toBeG…

⎯⎯⎯⎯⎯⎯⎯⎯⎯⎯⎯⎯⎯⎯⎯⎯⎯⎯⎯⎯⎯[35/113]⎯

 FAIL  src/__tests__/credit/useCreditData.test.js > useCreditData > returns spreadData with current spreads and 
12-month history on mock fallback
TypeError: Cannot read properties of null (reading 'current')
 ❯ src/__tests__/credit/useCreditData.test.js:17:38
     15|     const { result } = renderHook(() => useCreditData());
     16|     await waitFor(() => expect(result.current.isLoading).toBe(false));
     17|     expect(result.current.spreadData.current).toMatchObject({
       |                                      ^
     18|       igSpread:  expect.any(Number),
     19|       hySpread:  expect.any(Number),

⎯⎯⎯⎯⎯⎯⎯⎯⎯⎯⎯⎯⎯⎯⎯⎯⎯⎯⎯⎯⎯[36/113]⎯

 FAIL  src/__tests__/credit/useCreditData.test.js > useCreditData > returns emBondData with 12 countries and 4 regions 
on mock fallback
TypeError: Cannot read properties of null (reading 'countries')
 ❯ src/__tests__/credit/useCreditData.test.js:32:38
     30|     const { result } = renderHook(() => useCreditData());
     31|     await waitFor(() => expect(result.current.isLoading).toBe(false));
     32|     expect(result.current.emBondData.countries).toHaveLength(12);
       |                                      ^
     33|     expect(result.current.emBondData.regions).toHaveLength(4);
     34|     expect(result.current.emBondData.countries[0]).toMatchObject({

⎯⎯⎯⎯⎯⎯⎯⎯⎯⎯⎯⎯⎯⎯⎯⎯⎯⎯⎯⎯⎯[37/113]⎯

 FAIL  src/__tests__/credit/useCreditData.test.js > useCreditData > returns loanData with 7 CLO tranches on mock 
fallback
TypeError: Cannot read properties of null (reading 'cloTranches')
 ❯ src/__tests__/credit/useCreditData.test.js:45:36
     43|     const { result } = renderHook(() => useCreditData());
     44|     await waitFor(() => expect(result.current.isLoading).toBe(false));
     45|     expect(result.current.loanData.cloTranches).toHaveLength(7);
       |                                    ^
     46|     expect(result.current.loanData.cloTranches[0]).toMatchObject({
     47|       tranche: expect.any(String),

⎯⎯⎯⎯⎯⎯⎯⎯⎯⎯⎯⎯⎯⎯⎯⎯⎯⎯⎯⎯⎯[38/113]⎯

 FAIL  src/__tests__/credit/useCreditData.test.js > useCreditData > returns defaultData with rates and charge-off 
history on mock fallback
TypeError: Cannot read properties of null (reading 'rates')
 ❯ src/__tests__/credit/useCreditData.test.js:56:39
     54|     const { result } = renderHook(() => useCreditData());
     55|     await waitFor(() => expect(result.current.isLoading).toBe(false));
     56|     expect(result.current.defaultData.rates.length).toBeGreaterThanOrE…
       |                                       ^
     57|     expect(result.current.defaultData.chargeoffs.dates.length).toBeGre…
     58|   });

⎯⎯⎯⎯⎯⎯⎯⎯⎯⎯⎯⎯⎯⎯⎯⎯⎯⎯⎯⎯⎯[39/113]⎯

 FAIL  src/__tests__/credit/useCreditData.test.js > useCreditData > sets isLive true and replaces spreadData when 
server responds
AssertionError: expected '2026-04-05 19:14:46' to be '2026-04-05' // Object.is equality

Expected: "2026-04-05"
Received: "2026-04-05 19:14:46"

 ❯ src/__tests__/credit/useCreditData.test.js:82:40
     80|     const { result } = renderHook(() => useCreditData());
     81|     await waitFor(() => expect(result.current.isLive).toBe(true));
     82|     expect(result.current.lastUpdated).toBe('2026-04-05');
       |                                        ^
     83|     expect(result.current.spreadData.current.igSpread).toBe(95);
     84|   });

⎯⎯⎯⎯⎯⎯⎯⎯⎯⎯⎯⎯⎯⎯⎯⎯⎯⎯⎯⎯⎯[40/113]⎯

 FAIL  src/__tests__/credit/useCreditData.test.js > useCreditData > guard: does not apply spreadData when 
history.dates length < 6
AssertionError: expected [ 'Jan', 'Feb' ] to have a length of 12 but got 2

- Expected
+ Received

- 12
+ 2

 ❯ src/__tests__/credit/useCreditData.test.js:96:53
     94|     const { result } = renderHook(() => useCreditData());
     95|     await waitFor(() => expect(result.current.isLoading).toBe(false));
     96|     expect(result.current.spreadData.history.dates).toHaveLength(12);
       |                                                     ^
     97|     expect(result.current.isLive).toBe(false);
     98|   });

⎯⎯⎯⎯⎯⎯⎯⎯⎯⎯⎯⎯⎯⎯⎯⎯⎯⎯⎯⎯⎯[41/113]⎯

 FAIL  src/__tests__/credit/useCreditData.test.js > useCreditData > exposes fetchedOn and isCurrent
AssertionError: expected '2026-04-05 19:14:46' to be '2026-04-05' // Object.is equality

Expected: "2026-04-05"
Received: "2026-04-05 19:14:46"

 ❯ src/__tests__/credit/useCreditData.test.js:111:38
    109|     const { result } = renderHook(() => useCreditData());
    110|     await waitFor(() => expect(result.current.isLoading).toBe(false));
    111|     expect(result.current.fetchedOn).toBe('2026-04-05');
       |                                      ^
    112|     expect(result.current.isCurrent).toBe(true);
    113|   });

⎯⎯⎯⎯⎯⎯⎯⎯⎯⎯⎯⎯⎯⎯⎯⎯⎯⎯⎯⎯⎯[42/113]⎯

 FAIL  src/__tests__/crypto/useCryptoData.test.js > useCryptoData > returns coinMarketData with 20 coins on mock 
fallback
TypeError: Cannot read properties of null (reading 'coins')
 ❯ src/__tests__/crypto/useCryptoData.test.js:17:42
     15|     const { result } = renderHook(() => useCryptoData());
     16|     await waitFor(() => expect(result.current.isLoading).toBe(false));
     17|     expect(result.current.coinMarketData.coins).toHaveLength(20);
       |                                          ^
     18|     expect(result.current.coinMarketData.coins[0]).toMatchObject({
     19|       symbol: expect.any(String),

⎯⎯⎯⎯⎯⎯⎯⎯⎯⎯⎯⎯⎯⎯⎯⎯⎯⎯⎯⎯⎯[43/113]⎯

 FAIL  src/__tests__/crypto/useCryptoData.test.js > useCryptoData > returns fearGreedData with value and 30-day 
history on mock fallback
TypeError: Cannot read properties of null (reading 'value')
 ❯ src/__tests__/crypto/useCryptoData.test.js:30:41
     28|     const { result } = renderHook(() => useCryptoData());
     29|     await waitFor(() => expect(result.current.isLoading).toBe(false));
     30|     expect(result.current.fearGreedData.value).toBeGreaterThanOrEqual(…
       |                                         ^
     31|     expect(result.current.fearGreedData.value).toBeLessThanOrEqual(100…
     32|     expect(result.current.fearGreedData.history).toHaveLength(30);

⎯⎯⎯⎯⎯⎯⎯⎯⎯⎯⎯⎯⎯⎯⎯⎯⎯⎯⎯⎯⎯[44/113]⎯

 FAIL  src/__tests__/crypto/useCryptoData.test.js > useCryptoData > returns defiData with protocols and chains on mock 
fallback
TypeError: Cannot read properties of null (reading 'protocols')
 ❯ src/__tests__/crypto/useCryptoData.test.js:40:36
     38|     const { result } = renderHook(() => useCryptoData());
     39|     await waitFor(() => expect(result.current.isLoading).toBe(false));
     40|     expect(result.current.defiData.protocols.length).toBeGreaterThan(0…
       |                                    ^
     41|     expect(result.current.defiData.chains.length).toBeGreaterThan(0);
     42|     expect(result.current.defiData.protocols[0]).toMatchObject({

⎯⎯⎯⎯⎯⎯⎯⎯⎯⎯⎯⎯⎯⎯⎯⎯⎯⎯⎯⎯⎯[45/113]⎯

 FAIL  src/__tests__/crypto/useCryptoData.test.js > useCryptoData > returns fundingData with rates on mock fallback
TypeError: Cannot read properties of null (reading 'rates')
 ❯ src/__tests__/crypto/useCryptoData.test.js:52:39
     50|     const { result } = renderHook(() => useCryptoData());
     51|     await waitFor(() => expect(result.current.isLoading).toBe(false));
     52|     expect(result.current.fundingData.rates.length).toBeGreaterThan(0);
       |                                       ^
     53|     expect(result.current.fundingData.rates[0]).toMatchObject({
     54|       symbol: expect.any(String),

⎯⎯⎯⎯⎯⎯⎯⎯⎯⎯⎯⎯⎯⎯⎯⎯⎯⎯⎯⎯⎯[46/113]⎯

 FAIL  src/__tests__/crypto/useCryptoData.test.js > useCryptoData > sets isLive true and updates data when server 
responds with sufficient data
AssertionError: expected '2026-04-05 19:14:46' to be '2026-04-05' // Object.is equality

Expected: "2026-04-05"
Received: "2026-04-05 19:14:46"

 ❯ src/__tests__/crypto/useCryptoData.test.js:95:40
     93|     const { result } = renderHook(() => useCryptoData());
     94|     await waitFor(() => expect(result.current.isLive).toBe(true));
     95|     expect(result.current.lastUpdated).toBe('2026-04-05');
       |                                        ^
     96|     expect(result.current.coinMarketData.coins[0].symbol).toBe('C0');
     97|   });

⎯⎯⎯⎯⎯⎯⎯⎯⎯⎯⎯⎯⎯⎯⎯⎯⎯⎯⎯⎯⎯[47/113]⎯

 FAIL  src/__tests__/crypto/useCryptoData.test.js > useCryptoData > guard: does not apply coinMarketData when coins 
length < 10
AssertionError: expected [ { id: 'btc', symbol: 'BTC', …(8) } ] to have a length of 20 but got 1

- Expected
+ Received

- 20
+ 1

 ❯ src/__tests__/crypto/useCryptoData.test.js:109:49
    107|     const { result } = renderHook(() => useCryptoData());
    108|     await waitFor(() => expect(result.current.isLoading).toBe(false));
    109|     expect(result.current.coinMarketData.coins).toHaveLength(20);
       |                                                 ^
    110|     expect(result.current.isLive).toBe(false);
    111|   });

⎯⎯⎯⎯⎯⎯⎯⎯⎯⎯⎯⎯⎯⎯⎯⎯⎯⎯⎯⎯⎯[48/113]⎯

 FAIL  src/__tests__/crypto/useCryptoData.test.js > useCryptoData > exposes fetchedOn and isCurrent from server 
response
AssertionError: expected '2026-04-05 19:14:46' to be '2026-04-05' // Object.is equality

Expected: "2026-04-05"
Received: "2026-04-05 19:14:46"

 ❯ src/__tests__/crypto/useCryptoData.test.js:125:38
    123|     const { result } = renderHook(() => useCryptoData());
    124|     await waitFor(() => expect(result.current.isLoading).toBe(false));
    125|     expect(result.current.fetchedOn).toBe('2026-04-05');
       |                                      ^
    126|     expect(result.current.isCurrent).toBe(true);
    127|   });

⎯⎯⎯⎯⎯⎯⎯⎯⎯⎯⎯⎯⎯⎯⎯⎯⎯⎯⎯⎯⎯[49/113]⎯

 FAIL  src/__tests__/crypto/useCryptoData.test.js > useCryptoData > guard: does not apply onChainData when 
fees.fastest is null
TypeError: Cannot read properties of null (reading 'fees')
 ❯ src/__tests__/crypto/useCryptoData.test.js:141:39
    139|     await waitFor(() => expect(result.current.isLoading).toBe(false));
    140|     // Should keep mock onChainData (fastest = 12) because live has fa…
    141|     expect(result.current.onChainData.fees.fastest).toBe(12);
       |                                       ^
    142|   });
    143| });

⎯⎯⎯⎯⎯⎯⎯⎯⎯⎯⎯⎯⎯⎯⎯⎯⎯⎯⎯⎯⎯[50/113]⎯

 FAIL  src/__tests__/derivatives/DerivativesMarket.test.jsx > DerivativesMarket > renders unified dashboard after 
loading
TestingLibraryElementError: Unable to find an element with the text: /VIX Term Structure/i. This could be because the 
text is broken up by multiple elements. In this case, you can provide a function for your text matcher to make your 
matcher more flexible.

Ignored nodes: comments, script, style
[36m<body>[39m
  [36m<div>[39m
    [36m<div[39m
      [33mclass[39m=[32m"skeleton-market"[39m
    [36m>[39m
      [36m<div[39m
        [33mclass[39m=[32m"skeleton-header"[39m
      [36m>[39m
        [36m<div[39m
          [33mclass[39m=[32m"skeleton skeleton-tab"[39m
        [36m/>[39m
        [36m<div[39m
          [33mclass[39m=[32m"skeleton skeleton-tab"[39m
        [36m/>[39m
        [36m<div[39m
          [33mclass[39m=[32m"skeleton skeleton-tab"[39m
        [36m/>[39m
        [36m<div[39m
          [33mclass[39m=[32m"skeleton skeleton-tab"[39m
        [36m/>[39m
      [36m</div>[39m
      [36m<div[39m
        [33mclass[39m=[32m"skeleton skeleton-status"[39m
      [36m/>[39m
      [36m<div[39m
        [33mclass[39m=[32m"skeleton-kpi-strip"[39m
      [36m>[39m
        [36m<div[39m
          [33mclass[39m=[32m"skeleton skeleton-kpi"[39m
        [36m/>[39m
        [36m<div[39m
          [33mclass[39m=[32m"skeleton skeleton-kpi"[39m
        [36m/>[39m
        [36m<div[39m
          [33mclass[39m=[32m"skeleton skeleton-kpi"[39m
        [36m/>[39m
        [36m<div[39m
          [33mclass[39m=[32m"skeleton skeleton-kpi"[39m
        [36m/>[39m
      [36m</div>[39m
      [36m<div[39m
        [33mclass[39m=[32m"skeleton-row"[39m
      [36m>[39m
        [36m<div[39m
          [33mclass[39m=[32m"skeleton skeleton-chart"[39m
        [36m/>[39m
        [36m<div[39m
          [33mclass[39m=[32m"skeleton skeleton-chart"[39m
        [36m/>[39m
      [36m</div>[39m
      [36m<div[39m
        [33mclass[39m=[32m"skeleton skeleton-table"[39m
      [36m/>[39m
      [36m<div[39m
        [33mclass[39m=[32m"skeleton skeleton-footer"[39m
      [36m/>[39m
    [36m</div>[39m
  [36m</div>[39m
[36m</body>[39m
 ❯ Object.getElementError node_modules/@testing-library/dom/dist/config.js:37:19
 ❯ node_modules/@testing-library/dom/dist/query-helpers.js:76:38
 ❯ node_modules/@testing-library/dom/dist/query-helpers.js:109:15
 ❯ src/__tests__/derivatives/DerivativesMarket.test.jsx:16:32
     14|     await waitFor(() => expect(screen.queryByText(/loading/i)).not.toB…
     15|     // Dashboard shows VIX Term Structure section (may appear multiple…
     16|     const vixElements = screen.getAllByText(/VIX Term Structure/i);
       |                                ^
     17|     expect(vixElements.length).toBeGreaterThan(0);
     18|   });

⎯⎯⎯⎯⎯⎯⎯⎯⎯⎯⎯⎯⎯⎯⎯⎯⎯⎯⎯⎯⎯[51/113]⎯

 FAIL  src/__tests__/derivatives/DerivativesMarket.test.jsx > DerivativesMarket > shows KPI strip with key metrics
TestingLibraryElementError: Unable to find an element with the text: /VIX Spot|VIX/i. This could be because the text 
is broken up by multiple elements. In this case, you can provide a function for your text matcher to make your matcher 
more flexible.

Ignored nodes: comments, script, style
[36m<body>[39m
  [36m<div>[39m
    [36m<div[39m
      [33mclass[39m=[32m"skeleton-market"[39m
    [36m>[39m
      [36m<div[39m
        [33mclass[39m=[32m"skeleton-header"[39m
      [36m>[39m
        [36m<div[39m
          [33mclass[39m=[32m"skeleton skeleton-tab"[39m
        [36m/>[39m
        [36m<div[39m
          [33mclass[39m=[32m"skeleton skeleton-tab"[39m
        [36m/>[39m
        [36m<div[39m
          [33mclass[39m=[32m"skeleton skeleton-tab"[39m
        [36m/>[39m
        [36m<div[39m
          [33mclass[39m=[32m"skeleton skeleton-tab"[39m
        [36m/>[39m
      [36m</div>[39m
      [36m<div[39m
        [33mclass[39m=[32m"skeleton skeleton-status"[39m
      [36m/>[39m
      [36m<div[39m
        [33mclass[39m=[32m"skeleton-kpi-strip"[39m
      [36m>[39m
        [36m<div[39m
          [33mclass[39m=[32m"skeleton skeleton-kpi"[39m
        [36m/>[39m
        [36m<div[39m
          [33mclass[39m=[32m"skeleton skeleton-kpi"[39m
        [36m/>[39m
        [36m<div[39m
          [33mclass[39m=[32m"skeleton skeleton-kpi"[39m
        [36m/>[39m
        [36m<div[39m
          [33mclass[39m=[32m"skeleton skeleton-kpi"[39m
        [36m/>[39m
      [36m</div>[39m
      [36m<div[39m
        [33mclass[39m=[32m"skeleton-row"[39m
      [36m>[39m
        [36m<div[39m
          [33mclass[39m=[32m"skeleton skeleton-chart"[39m
        [36m/>[39m
        [36m<div[39m
          [33mclass[39m=[32m"skeleton skeleton-chart"[39m
        [36m/>[39m
      [36m</div>[39m
      [36m<div[39m
        [33mclass[39m=[32m"skeleton skeleton-table"[39m
      [36m/>[39m
      [36m<div[39m
        [33mclass[39m=[32m"skeleton skeleton-footer"[39m
      [36m/>[39m
    [36m</div>[39m
  [36m</div>[39m
[36m</body>[39m
 ❯ Object.getElementError node_modules/@testing-library/dom/dist/config.js:37:19
 ❯ node_modules/@testing-library/dom/dist/query-helpers.js:76:38
 ❯ node_modules/@testing-library/dom/dist/query-helpers.js:109:15
 ❯ src/__tests__/derivatives/DerivativesMarket.test.jsx:24:32
     22|     await waitFor(() => expect(screen.queryByText(/loading/i)).not.toB…
     23|     // KPI strip shows VIX (may appear multiple times)
     24|     const vixElements = screen.getAllByText(/VIX Spot|VIX/i);
       |                                ^
     25|     expect(vixElements.length).toBeGreaterThan(0);
     26|   });

⎯⎯⎯⎯⎯⎯⎯⎯⎯⎯⎯⎯⎯⎯⎯⎯⎯⎯⎯⎯⎯[52/113]⎯

 FAIL  src/__tests__/derivatives/DerivativesMarket.test.jsx > DerivativesMarket > shows Vol Surface section
TestingLibraryElementError: Unable to find an element with the text: /Vol Surface/i. This could be because the text is 
broken up by multiple elements. In this case, you can provide a function for your text matcher to make your matcher 
more flexible.

Ignored nodes: comments, script, style
[36m<body>[39m
  [36m<div>[39m
    [36m<div[39m
      [33mclass[39m=[32m"skeleton-market"[39m
    [36m>[39m
      [36m<div[39m
        [33mclass[39m=[32m"skeleton-header"[39m
      [36m>[39m
        [36m<div[39m
          [33mclass[39m=[32m"skeleton skeleton-tab"[39m
        [36m/>[39m
        [36m<div[39m
          [33mclass[39m=[32m"skeleton skeleton-tab"[39m
        [36m/>[39m
        [36m<div[39m
          [33mclass[39m=[32m"skeleton skeleton-tab"[39m
        [36m/>[39m
        [36m<div[39m
          [33mclass[39m=[32m"skeleton skeleton-tab"[39m
        [36m/>[39m
      [36m</div>[39m
      [36m<div[39m
        [33mclass[39m=[32m"skeleton skeleton-status"[39m
      [36m/>[39m
      [36m<div[39m
        [33mclass[39m=[32m"skeleton-kpi-strip"[39m
      [36m>[39m
        [36m<div[39m
          [33mclass[39m=[32m"skeleton skeleton-kpi"[39m
        [36m/>[39m
        [36m<div[39m
          [33mclass[39m=[32m"skeleton skeleton-kpi"[39m
        [36m/>[39m
        [36m<div[39m
          [33mclass[39m=[32m"skeleton skeleton-kpi"[39m
        [36m/>[39m
        [36m<div[39m
          [33mclass[39m=[32m"skeleton skeleton-kpi"[39m
        [36m/>[39m
      [36m</div>[39m
      [36m<div[39m
        [33mclass[39m=[32m"skeleton-row"[39m
      [36m>[39m
        [36m<div[39m
          [33mclass[39m=[32m"skeleton skeleton-chart"[39m
        [36m/>[39m
        [36m<div[39m
          [33mclass[39m=[32m"skeleton skeleton-chart"[39m
        [36m/>[39m
      [36m</div>[39m
      [36m<div[39m
        [33mclass[39m=[32m"skeleton skeleton-table"[39m
      [36m/>[39m
      [36m<div[39m
        [33mclass[39m=[32m"skeleton skeleton-footer"[39m
      [36m/>[39m
    [36m</div>[39m
  [36m</div>[39m
[36m</body>[39m
 ❯ Object.getElementError node_modules/@testing-library/dom/dist/config.js:37:19
 ❯ node_modules/@testing-library/dom/dist/query-helpers.js:76:38
 ❯ node_modules/@testing-library/dom/dist/query-helpers.js:109:15
 ❯ src/__tests__/derivatives/DerivativesMarket.test.jsx:32:32
     30|     await waitFor(() => expect(screen.queryByText(/loading/i)).not.toB…
     31|     // Dashboard shows vol surface (may appear multiple times)
     32|     const volElements = screen.getAllByText(/Vol Surface/i);
       |                                ^
     33|     expect(volElements.length).toBeGreaterThan(0);
     34|   });

⎯⎯⎯⎯⎯⎯⎯⎯⎯⎯⎯⎯⎯⎯⎯⎯⎯⎯⎯⎯⎯[53/113]⎯

 FAIL  src/__tests__/derivatives/DerivativesMarket.test.jsx > DerivativesMarket > shows mock data status when server 
unavailable
TestingLibraryElementError: Unable to find an element with the text: /mock data/i. This could be because the text is 
broken up by multiple elements. In this case, you can provide a function for your text matcher to make your matcher 
more flexible.

Ignored nodes: comments, script, style
[36m<body>[39m
  [36m<div>[39m
    [36m<div[39m
      [33mclass[39m=[32m"skeleton-market"[39m
    [36m>[39m
      [36m<div[39m
        [33mclass[39m=[32m"skeleton-header"[39m
      [36m>[39m
        [36m<div[39m
          [33mclass[39m=[32m"skeleton skeleton-tab"[39m
        [36m/>[39m
        [36m<div[39m
          [33mclass[39m=[32m"skeleton skeleton-tab"[39m
        [36m/>[39m
        [36m<div[39m
          [33mclass[39m=[32m"skeleton skeleton-tab"[39m
        [36m/>[39m
        [36m<div[39m
          [33mclass[39m=[32m"skeleton skeleton-tab"[39m
        [36m/>[39m
      [36m</div>[39m
      [36m<div[39m
        [33mclass[39m=[32m"skeleton skeleton-status"[39m
      [36m/>[39m
      [36m<div[39m
        [33mclass[39m=[32m"skeleton-kpi-strip"[39m
      [36m>[39m
        [36m<div[39m
          [33mclass[39m=[32m"skeleton skeleton-kpi"[39m
        [36m/>[39m
        [36m<div[39m
          [33mclass[39m=[32m"skeleton skeleton-kpi"[39m
        [36m/>[39m
        [36m<div[39m
          [33mclass[39m=[32m"skeleton skeleton-kpi"[39m
        [36m/>[39m
        [36m<div[39m
          [33mclass[39m=[32m"skeleton skeleton-kpi"[39m
        [36m/>[39m
      [36m</div>[39m
      [36m<div[39m
        [33mclass[39m=[32m"skeleton-row"[39m
      [36m>[39m
        [36m<div[39m
          [33mclass[39m=[32m"skeleton skeleton-chart"[39m
        [36m/>[39m
        [36m<div[39m
          [33mclass[39m=[32m"skeleton skeleton-chart"[39m
        [36m/>[39m
      [36m</div>[39m
      [36m<div[39m
        [33mclass[39m=[32m"skeleton skeleton-table"[39m
      [36m/>[39m
      [36m<div[39m
        [33mclass[39m=[32m"skeleton skeleton-footer"[39m
      [36m/>[39m
    [36m</div>[39m
  [36m</div>[39m
[36m</body>[39m
 ❯ Object.getElementError node_modules/@testing-library/dom/dist/config.js:37:19
 ❯ node_modules/@testing-library/dom/dist/query-helpers.js:76:38
 ❯ node_modules/@testing-library/dom/dist/query-helpers.js:109:15
 ❯ src/__tests__/derivatives/DerivativesMarket.test.jsx:40:37
     38|     await waitFor(() => expect(screen.queryByText(/loading/i)).not.toB…
     39|     // Multiple components may show mock data status
     40|     const mockDataElements = screen.getAllByText(/mock data/i);
       |                                     ^
     41|     expect(mockDataElements.length).toBeGreaterThan(0);
     42|   });

⎯⎯⎯⎯⎯⎯⎯⎯⎯⎯⎯⎯⎯⎯⎯⎯⎯⎯⎯⎯⎯[54/113]⎯

 FAIL  src/__tests__/derivatives/useDerivativesData.test.js > useDerivativesData > returns mock volSurfaceData on 
server failure
TypeError: Cannot read properties of null (reading 'strikes')
 ❯ src/__tests__/derivatives/useDerivativesData.test.js:16:41
     14|     await waitFor(() => expect(result.current.isLoading).toBe(false));
     15|     const { volSurfaceData } = result.current;
     16|     expect(Array.isArray(volSurfaceData.strikes)).toBe(true);
       |                                         ^
     17|     expect(volSurfaceData.grid.length).toBe(volSurfaceData.expiries.le…
     18|     expect(result.current.isLive).toBe(false);

⎯⎯⎯⎯⎯⎯⎯⎯⎯⎯⎯⎯⎯⎯⎯⎯⎯⎯⎯⎯⎯[55/113]⎯

 FAIL  src/__tests__/derivatives/useDerivativesData.test.js > useDerivativesData > returns mock vixTermStructure on 
server failure
TypeError: Cannot read properties of null (reading 'dates')
 ❯ src/__tests__/derivatives/useDerivativesData.test.js:26:29
     24|     await waitFor(() => expect(result.current.isLoading).toBe(false));
     25|     const { vixTermStructure } = result.current;
     26|     expect(vixTermStructure.dates.length).toBeGreaterThan(0);
       |                             ^
     27|     expect(vixTermStructure.values.length).toBe(vixTermStructure.dates…
     28|     expect(vixTermStructure.prevValues.length).toBe(vixTermStructure.d…

⎯⎯⎯⎯⎯⎯⎯⎯⎯⎯⎯⎯⎯⎯⎯⎯⎯⎯⎯⎯⎯[56/113]⎯

 FAIL  src/__tests__/derivatives/VIXTermStructure.test.jsx > VIXTermStructure > renders the echarts chart
TestingLibraryElementError: Unable to find an element by: [data-testid="echarts-mock"]

Ignored nodes: comments, script, style
[36m<body>[39m
  [36m<div>[39m
    [36m<div[39m
      [33mclass[39m=[32m"deriv-panel"[39m
    [36m>[39m
      [36m<div[39m
        [33mclass[39m=[32m"deriv-panel-header"[39m
      [36m>[39m
        [36m<span[39m
          [33mclass[39m=[32m"deriv-panel-title"[39m
        [36m>[39m
          [0mVIX Term Structure[0m
        [36m</span>[39m
        [36m<span[39m
          [33mclass[39m=[32m"deriv-panel-subtitle"[39m
        [36m>[39m
          [0mContango (normal — market calm)[0m
        [36m</span>[39m
      [36m</div>[39m
      [36m<div[39m
        [33mclass[39m=[32m"deriv-kpi-strip"[39m
      [36m>[39m
        [36m<div[39m
          [33mclass[39m=[32m"deriv-kpi-pill"[39m
        [36m>[39m
          [36m<span[39m
            [33mclass[39m=[32m"deriv-kpi-label"[39m
          [36m>[39m
            [0mVIX Spot[0m
          [36m</span>[39m
          [36m<span[39m
            [33mclass[39m=[32m"deriv-kpi-value accent"[39m
          [36m>[39m
            [0m14.2[0m
          [36m</span>[39m
        [36m</div>[39m
        [36m<div[39m
          [33mclass[39m=[32m"deriv-kpi-pill"[39m
        [36m>[39m
          [36m<span[39m
            [33mclass[39m=[32m"deriv-kpi-label"[39m
          [36m>[39m
            [0mContango[0m
          [36m</span>[39m
          [36m<span[39m
            [33mclass[39m=[32m"deriv-kpi-value positive"[39m
          [36m>[39m
            [0m+41.5%[0m
          [36m</span>[39m
          [36m<span[39m
            [33mclass[39m=[32m"deriv-kpi-sub"[39m
          [36m>[39m
            [0mfront → back[0m
          [36m</span>[39m
        [36m</div>[39m
      [36m</div>[39m
      [36m<div[39m
        [33mclass[39m=[32m"deriv-wide-narrow"[39m
        [33mstyle[39m=[32m"margin-bottom: 12px;"[39m
      [36m>[39m
        [36m<div[39m
          [33mstyle[39m=[32m"min-height: 0px; display: flex;"[39m
        [36m>[39m
          [36m<div[39m
            [33mstyle[39m=[32m"height: 100%; width: 100%; min-height: 100%; min-width: 0px; position: relative; 
overflow: hidden;"[39m
          [36m/>[39m
        [36m</div>[39m
        [36m<div[39m
          [33mclass[39m=[32m"deriv-chart-panel"[39m
        [36m>[39m
          [36m<div[39m
            [33mclass[39m=[32m"deriv-chart-title"[39m
          [36m>[39m
            [0mDay Change by Tenor[0m
          [36m</div>[39m
          [36m<div[39m
            [33mclass[39m=[32m"deriv-bar-list"[39m
            [33mstyle[39m=[32m"margin-top: 4px;"[39m
          [36m>[39m
            [36m<div[39m
              [33mclass[39m=[32m"deriv-bar-row"[39m
            [36m>[39m
              [36m<span[39m
                [33mclass[39m=[32m"deriv-bar-name"[39m
              [36m>[39m
                [0m9D[0m
              [36m</span>[39m
              [36m<div[39m
                [33mclass[39m=[32m"deriv-bar-wrap"[39m
              [36m>[39m
                [36m<div[39m
                  [33mclass[39m=[32m"deriv-bar-center"[39m
                [36m/>[39m
                [36m<div[39m
                  [33mclass[39m=[32m"deriv-bar-fill"[39m
                  [33mstyle[39m=[32m"width: 25%; left: 50%; background: rgb(239, 68, 68);"[39m
                [36m/>[39m
              [36m</div>[39m
              [36m<span[39m
                [33mclass[39m=[32m"deriv-bar-val negative"[39m
              [36m>[39m
                [0m+[0m
                [0m0.30[0m
              [36m</span>[39m
            [36m</div>[39m
            [36m<div[39m
              [33mclass[39m=[32m"deriv-bar-row"[39m
            [36m>[39m
              [36m<span[39m
                [33mclass[39m=[32m"deriv-bar-name"[39m
              [36m>[39m
                [0m1M[0m
              [36m</span>[39m
              [36m<div[39m
                [33mclass[39m=[32m"deriv-bar-wrap"[39m
              [36m>[39m
                [36m<div[39m
                  [33mclass[39m=[32m"deriv-bar-center"[39m
                [36m/>[39m
                [36m<div[39m
                  [33mclass[39m=[32m"deriv-bar-fill"[39m
                  [33mstyle[39m=[32m"width: 50%; left: 50%; background: rgb(239, 68, 68);"[39m
                [36m/>[39m
              [36m</div>[39m
              [36m<span[39m
                [33mclass[39m=[32m"deriv-bar-val negative"[39m
              [36m>[39m
                [0m+[0m
                [0m0.60[0m
              [36m</span>[39m
            [36m</div>[39m
            [36m<div[39m
              [33mclass[39m=[32m"deriv-bar-row"[39m
            [36m>[39m
              [36m<span[39m
                [33mclass[39m=[32m"deriv-bar-name"[39m
              [36m>[39m
                [0m3M[0m
              [36m</span>[39m
              [36m<div[39m
                [33mclass[39m=[32m"deriv-bar-wrap"[39m
              [36m>[39m
                [36m<div[39m
                  [33mclass[39m=[32m"deriv-bar-center"[39m
                [36m/>[39m
                [36m<div[39m
                  [33mclass[39m=[32m"deriv-bar-fill"[39m
                  [33mstyle[39m=[32m"width: 50%; left: 50%; background: rgb(239, 68, 68);"[39m
                [36m/>[39m
              [36m</div>[39m
              [36m<span[39m
                [33mclass[39m=[32m"deriv-bar-val negative"[39m
              [36m>[39m
                [0m+[0m
                [0m0.60[0m
              [36m</span>[39m
            [36m</div>[39m
            [36m<div[39m
              [33mclass[39m=[32m"deriv-bar-row"[39m
            [36m>[39m
              [36m<span[39m
                [33mclass[39m=[32m"deriv-bar-name"[39m
              [36m>[39m
                [0m6M[0m
              [36m</span>[39m
              [36m<div[39m
                [33mclass[39m=[32m"deriv-bar-wrap"[39m
              [36m>[39m
                [36m<div[39m
                  [33mclass[39m=[32m"deriv-bar-center"[39m
                [36m/>[39m
                [36m<div[39m
                  [33mclass[39m=[32m"deriv-bar-fill"[39m
                  [33mstyle[39m=[32m"width: 41.66666666666667%; left: 50%; background: rgb(239, 68, 68);"[39m
                [36m/>[39m
              [36m</div>[39m
              [36m<span[39m
                [33mclass[39m=[32m"deriv-bar-val negative"[39m
              [36m>[39m
                [0m+[0m
                [0m0.50[0m
              [36m</span>[39m
            [36m</div>[39m
          [36m</div>[39m
        [36m</div>[39m
      [36m</div>[39m
    [36m</div>[39m
  [36m</div>[39m
[36m</body>[39m
 ❯ Object.getElementError node_modules/@testing-library/dom/dist/config.js:37:19
 ❯ node_modules/@testing-library/dom/dist/query-helpers.js:76:38
 ❯ node_modules/@testing-library/dom/dist/query-helpers.js:52:17
 ❯ node_modules/@testing-library/dom/dist/query-helpers.js:95:19
 ❯ src/__tests__/derivatives/VIXTermStructure.test.jsx:26:19
     24|   it('renders the echarts chart', () => {
     25|     render(<VIXTermStructure vixTermStructure={mockVixTS} vixEnrichmen…
     26|     expect(screen.getByTestId('echarts-mock')).toBeInTheDocument();
       |                   ^
     27|   });
     28|

⎯⎯⎯⎯⎯⎯⎯⎯⎯⎯⎯⎯⎯⎯⎯⎯⎯⎯⎯⎯⎯[57/113]⎯

 FAIL  src/__tests__/derivatives/VolSurface.test.jsx > VolSurface > renders panel title and chart without volPremium
TestingLibraryElementError: Unable to find an element by: [data-testid="echarts-mock"]

Ignored nodes: comments, script, style
[36m<body>[39m
  [36m<div>[39m
    [36m<div[39m
      [33mclass[39m=[32m"deriv-panel"[39m
    [36m>[39m
      [36m<div[39m
        [33mclass[39m=[32m"deriv-panel-header"[39m
      [36m>[39m
        [36m<span[39m
          [33mclass[39m=[32m"deriv-panel-title"[39m
        [36m>[39m
          [0mVol Surface[0m
        [36m</span>[39m
        [36m<span[39m
          [33mclass[39m=[32m"deriv-panel-subtitle"[39m
        [36m>[39m
          [0mSPX implied volatility · strike % of spot × expiry[0m
        [36m</span>[39m
      [36m</div>[39m
      [36m<div[39m
        [33mclass[39m=[32m"deriv-kpi-strip"[39m
      [36m>[39m
        [36m<div[39m
          [33mclass[39m=[32m"deriv-kpi-pill"[39m
        [36m>[39m
          [36m<span[39m
            [33mclass[39m=[32m"deriv-kpi-label"[39m
          [36m>[39m
            [0mATM 1M IV[0m
          [36m</span>[39m
          [36m<span[39m
            [33mclass[39m=[32m"deriv-kpi-value accent"[39m
          [36m>[39m
            [0m22.5%[0m
          [36m</span>[39m
        [36m</div>[39m
        [36m<div[39m
          [33mclass[39m=[32m"deriv-kpi-pill"[39m
        [36m>[39m
          [36m<span[39m
            [33mclass[39m=[32m"deriv-kpi-label"[39m
          [36m>[39m
            [0m25Δ Skew (1M)[0m
          [36m</span>[39m
          [36m<span[39m
            [33mclass[39m=[32m"deriv-kpi-value accent"[39m
          [36m>[39m
            [0m0.0[0m
            [0m%[0m
          [36m</span>[39m
          [36m<span[39m
            [33mclass[39m=[32m"deriv-kpi-sub"[39m
          [36m>[39m
            [0m90% IV − 110% IV[0m
          [36m</span>[39m
        [36m</div>[39m
      [36m</div>[39m
      [36m<div[39m
        [33mclass[39m=[32m"deriv-wide-narrow"[39m
      [36m>[39m
        [36m<div[39m
          [33mstyle[39m=[32m"min-height: 200px; display: flex;"[39m
        [36m>[39m
          [36m<div[39m
            [33mstyle[39m=[32m"height: 100%; width: 100%; min-height: 100%; min-width: 0px; position: relative; 
overflow: hidden;"[39m
          [36m/>[39m
        [36m</div>[39m
        [36m<div[39m
          [33mclass[39m=[32m"deriv-chart-panel"[39m
        [36m>[39m
          [36m<div[39m
            [33mclass[39m=[32m"deriv-chart-title"[39m
          [36m>[39m
            [0mSkew Profile — 1M Expiry[0m
          [36m</div>[39m
          [36m<div[39m
            [33mclass[39m=[32m"deriv-mini-chart"[39m
          [36m>[39m
            [36m<div[39m
              [33mstyle[39m=[32m"height: 100%; width: 100%; min-height: 100%; min-width: 0px; position: relative; 
overflow: hidden;"[39m
            [36m/>[39m
          [36m</div>[39m
        [36m</div>[39m
      [36m</div>[39m
      [36m<div[39m
        [33mclass[39m=[32m"deriv-panel-footer"[39m
      [36m>[39m
        [0mIV % · Volatility smile: OTM puts carry higher IV than ATM (skew) · Darker = lower vol[0m
      [36m</div>[39m
    [36m</div>[39m
  [36m</div>[39m
[36m</body>[39m
 ❯ Object.getElementError node_modules/@testing-library/dom/dist/config.js:37:19
 ❯ node_modules/@testing-library/dom/dist/query-helpers.js:76:38
 ❯ node_modules/@testing-library/dom/dist/query-helpers.js:109:15
 ❯ src/__tests__/derivatives/VolSurface.test.jsx:18:19
     16|     render(<VolSurface volSurfaceData={MOCK_VOL_DATA} />);
     17|     expect(screen.getByText('Vol Surface')).toBeInTheDocument();
     18|     expect(screen.getAllByTestId('echarts-mock').length).toBeGreaterTh…
       |                   ^
     19|   });
     20|

⎯⎯⎯⎯⎯⎯⎯⎯⎯⎯⎯⎯⎯⎯⎯⎯⎯⎯⎯⎯⎯[58/113]⎯

 FAIL  src/__tests__/equitiesDeepDive/EarningsWatch.test.jsx > EarningsWatch > renders 1 echarts instance
TestingLibraryElementError: Unable to find an element by: [data-testid="echarts-mock"]

Ignored nodes: comments, script, style
[36m<body>[39m
  [36m<div>[39m
    [36m<div[39m
      [33mclass[39m=[32m"eq-panel"[39m
    [36m>[39m
      [36m<div[39m
        [33mclass[39m=[32m"eq-panel-header"[39m
      [36m>[39m
        [36m<span[39m
          [33mclass[39m=[32m"eq-panel-title"[39m
        [36m>[39m
          [0mEarnings Watch[0m
        [36m</span>[39m
        [36m<span[39m
          [33mclass[39m=[32m"eq-panel-subtitle"[39m
        [36m>[39m
          [0mNext 14 days · EPS estimate vs prior quarter · last quarter beat rates[0m
        [36m</span>[39m
      [36m</div>[39m
      [36m<div[39m
        [33mclass[39m=[32m"eq-kpi-strip"[39m
      [36m>[39m
        [36m<div[39m
          [33mclass[39m=[32m"eq-kpi-pill"[39m
        [36m>[39m
          [36m<span[39m
            [33mclass[39m=[32m"eq-kpi-label"[39m
          [36m>[39m
            [0mNext Report[0m
          [36m</span>[39m
          [36m<span[39m
            [33mclass[39m=[32m"eq-kpi-value accent"[39m
          [36m>[39m
            [0mJPM[0m
          [36m</span>[39m
          [36m<span[39m
            [33mclass[39m=[32m"eq-kpi-sub"[39m
          [36m>[39m
            [0m2026-04-11[0m
          [36m</span>[39m
        [36m</div>[39m
        [36m<div[39m
          [33mclass[39m=[32m"eq-kpi-pill"[39m
        [36m>[39m
          [36m<span[39m
            [33mclass[39m=[32m"eq-kpi-label"[39m
          [36m>[39m
            [0mUpcoming[0m
          [36m</span>[39m
          [36m<span[39m
            [33mclass[39m=[32m"eq-kpi-value accent"[39m
          [36m>[39m
            [0m9[0m
          [36m</span>[39m
          [36m<span[39m
            [33mclass[39m=[32m"eq-kpi-sub"[39m
          [36m>[39m
            [0mreports[0m
          [36m</span>[39m
        [36m</div>[39m
        [36m<div[39m
          [33mclass[39m=[32m"eq-kpi-pill"[39m
        [36m>[39m
          [36m<span[39m
            [33mclass[39m=[32m"eq-kpi-label"[39m
          [36m>[39m
            [0mAvg Beat Rate[0m
          [36m</span>[39m
          [36m<span[39m
            [33mclass[39m=[32m"eq-kpi-value accent"[39m
          [36m>[39m
            [0m64.0%[0m
          [36m</span>[39m
        [36m</div>[39m
        [36m<div[39m
          [33mclass[39m=[32m"eq-kpi-pill"[39m
        [36m>[39m
          [36m<span[39m
            [33mclass[39m=[32m"eq-kpi-label"[39m
          [36m>[39m
            [0mBest Beat Sector[0m
          [36m</span>[39m
          [36m<span[39m
            [33mclass[39m=[32m"eq-kpi-value accent"[39m
          [36m>[39m
            [0mTechnology[0m
          [36m</span>[39m
          [36m<span[39m
            [33mclass[39m=[32m"eq-kpi-sub"[39m
          [36m>[39m
            [0m78.1[0m
            [0m%[0m
          [36m</span>[39m
        [36m</div>[39m
      [36m</div>[39m
      [36m<div[39m
        [33mclass[39m=[32m"eq-two-col"[39m
      [36m>[39m
        [36m<div[39m
          [33mclass[39m=[32m"eq-chart-panel"[39m
        [36m>[39m
          [36m<div[39m
            [33mclass[39m=[32m"eq-chart-title"[39m
          [36m>[39m
            [0mUpcoming Earnings[0m
          [36m</div>[39m
          [36m<div[39m
            [33mclass[39m=[32m"eq-chart-subtitle"[39m
          [36m>[39m
            [0m▲ est &gt; prior · ▼ est &lt; prior[0m
          [36m</div>[39m
          [36m<div[39m
            [33mclass[39m=[32m"eq-scroll"[39m
          [36m>[39m
            [36m<table[39m
              [33mclass[39m=[32m"eq-table"[39m
            [36m>[39m
              [36m<thead>[39m
                [36m<tr>[39m
                  [36m<th[39m
                    [33mclass[39m=[32m"eq-th"[39m
                  [36m>[39m
                    [0mDate[0m
                  [36m</th>[39m
                  [36m<th[39m
                    [33mclass[39m=[32m"eq-th"[39m
                  [36m>[39m
                    [0mCompany[0m
                  [36m</th>[39m
                  [36m<th[39m
                    [33mclass[39m=[32m"eq-th"[39m
                  [36m>[39m
                    [0mEPS Est[0m
                  [36m</th>[39m
                  [36m<th[39m
                    [33mclass[39m=[32m"eq-th"[39m
                  [36m>[39m
                    [0mPrior[0m
                  [36m</th>[39m
                  [36m<th[39m
                    [33mclass[39m=[32m"eq-th"[39m
                  [36m>[39m
                    [0mDir[0m
                  [36m</th>[39m
                [36m</tr>[39m
              [36m</thead>[39m
              [36m<tbody>[39m
                [36m<tr[39m
                  [33mclass[39m=[32m"eq-row"[39m
                [36m>[39m
                  [36m<td[39m
                    [33mclass[39m=[32m"eq-cell eq-date"[39m
                  [36m>[39m
                    [0m2026-04-11[0m
                  [36m</td>[39m
                  [36m<td[39m
                    [33mclass[39m=[32m"eq-cell"[39m
                  [36m>[39m
                    [36m<strong>[39m
                      [0mJPM[0m
                    [36m</strong>[39m
                    [36m<span[39m
                      [33mclass[39m=[32m"eq-name"[39m
                    [36m>[39m
                      [0m [0m
                      [0mJPMorgan Chase[0m
                    [36m</span>[39m
                  [36m</td>[39m
                  [36m<td[39m
                    [33mclass[39m=[32m"eq-cell eq-num"[39m
                  [36m>[39m
                    [36m<span[39m
                      [33mclass[39m=[32m"mv-root mv-clickable"[39m
                    [36m>[39m
                      [0m$4.61[0m
                    [36m</span>[39m
                  [36m</td>[39m
                  [36m<td[39m
                    [33mclass[39m=[32m"eq-cell eq-num eq-muted"[39m
                  [36m>[39m
                    [36m<span[39m
                      [33mclass[39m=[32m"mv-root"[39m
                    [36m>[39m
                      [0m$4.44[0m
                    [36m</span>[39m
                  [36m</td>[39m
                  [36m<td[39m
                    [33mclass[39m=[32m"eq-cell eq-dir"[39m
                  [36m>[39m
                    [0m▲[0m
                  [36m</td>[39m
                [36m</tr>[39m
                [36m<tr[39m
                  [33mclass[39m=[32m"eq-row"[39m
                [36m>[39m
                  [36m<td[39m
                    [33mclass[39m=[32m"eq-cell eq-date"[39m
                  [36m>[39m
                    [0m2026-04-11[0m
                  [36m</td>[39m
                  [36m<td[39m
                    [33mclass[39m=[32m"eq-cell"[39m
                  [36m>[39m
                    [36m<strong>[39m
                      [0mWFC[0m
                    [36m</strong>[39m
                    [36m<span[39m
                      [33mclass[39m=[32m"eq-name"[39m
                    [36m>[39m
                      [0m [0m
                      [0mWells Fargo[0m
                    [36m</span>[39m
                  [36m</td>[39m
                  [36m<td[39m
                    [33mclass[39m=[32m"eq-cell eq-num"[39m
                  [36m>[39m
                    [36m<span[39m
                      [33mclass[39m=[32m"mv-root mv-clickable"[39m
                    [36m>[39m
                      [0m$1.24[0m
                    [36m</span>[39m
                  [36m</td>[39m
                  [36m<td[39m
                    [33mclass[39m=[32m"eq-cell eq-num eq-muted"[39m
                  [36m>[39m
                    [36m<span[39m
                      [33mclass[39m=[32m"mv-root"[39m
                    [36m>[39m
                      [0m$1.20[0m
                    [36m</span>[39m
                  [36m</td>[39m
                  [36m<td[39m
                    [33mclass[39m=[32m"eq-cell eq-dir"[39m
                  [36m>[39m
                    [0m▲[0m
                  [36m</td>[39m
                [36m</tr>[39m
                [36m<tr[39m
                  [33mclass[39m=[32m"eq-row"[39m
                [36m>[39m
                  [36m<td[39m
                    [33mclass[39m=[32m"eq-cell eq-date"[39m
                  [36m>[39m
                    [0m2026-04-14[0m
                  [36m</td>[39m
                  [36m<td[39m
                    [33mclass[39m=[32m"eq-cell"[39m
                  [36m>[39m
                    [36m<strong>[39m
                      [0mBAC[0m
                    [36m</strong>[39m
                    [36m<span[39m
                      [33mclass[39m=[32m"eq-name"[39m
                    [36m>[39m
                      [0m [0m
                      [0mBank of America[0m
                    [36m</span>[39m
                  [36m</td>[39m
                  [36m<td[39m
                    [33mclass[39m=[32m"eq-cell eq-num"[39m
                  [36m>[39m
                    [36m<span[39m
                      [33mclass[39m=[32m"mv-root mv-clickable"[39m
                    [36m>[39m
                      [0m$0.86[0m
                    [36m</span>[39m
                  [36m</td>[39m
                  [36m<td[39m
                    [33mclass[39m=[32m"eq-cell eq-num eq-muted"[39m
                  [36m>[39m
                    [36m<span[39m
                      [33mclass[39m=[32m"mv-root"[39m
                    [36m>[39m
                      [0m$0.83[0m
                    [36m</span>[39m
                  [36m</td>[39m
                  [36m<td[39m
                    [33mclass[39m=[32m"eq-cell eq-dir"[39m
                  [36m>[39m
                    [0m▲[0m
                  [36m</td>[39m
                [36m</tr>[39m
                [36m<tr[39m
                  [33mclass[39m=[32m"eq-row"[39m
                [36m>[39m
                  [36m<td[39m
                    [33mclass[39m=[32m"eq-cell eq-date"[39m
                  [36m>[39m
                    [0m2026-04-14[0m
                  [36m</td>[39m
                  [36m<td[39m
                    [33mclass[39m=[32m"eq-cell"[39m
                  [36m>[39m
                    [36m<strong>[39m
                      [0mGS[0m
                    [36m</strong>[39m
                    [36m<span[39m
                      [33mclass[39m=[32m"eq-name"[39m
                    [36m>[39m
                      [0m [0m
                      [0mGoldman Sachs[0m
                    [36m</span>[39m
                  [36m</td>[39m
                  [36m<td[39m
                    [33mclass[39m=[32m"eq-cell eq-num"[39m
                  [36m>[39m
                    [36m<span[39m
                      [33mclass[39m=[32m"mv-root mv-clickable"[39m
                    [36m>[39m
                      [0m$9.85[0m
                    [36m</span>[39m
                  [36m</td>[39m
                  [36m<td[39m
                    [33mclass[39m=[32m"eq-cell eq-num eq-muted"[39m
                  [36m>[39m
                    [36m<span[39m
                      [33mclass[39m=[32m"mv-root"[39m
                    [36m>[39m
                      [0m$11.58[0m
                    [36m</span>[39m
                  [36m</td>[39m
                  [36m<td[39m
                    [33mclass[39m=[32m"eq-cell eq-dir"[39m
                  [36m>[39m
                    [0m▼[0m
                  [36m</td>[39m
                [36m</tr>[39m
                [36m<tr[39m
                  [33mclass[39m=[32m"eq-row"[39m
                [36m>[39m
                  [36m<td[39m
                    [33mclass[39m=[32m"eq-cell eq-date"[39m
                  [36m>[39m
                    [0m2026-04-15[0m
                  [36m</td>[39m
                  [36m<td[39m
                    [33mclass[39m=[32m"eq-cell"[39m
                  [36m>[39m
                    [36m<strong>[39m
                      [0mUNH[0m
                    [36m</strong>[39m
                    [36m<span[39m
                      [33mclass[39m=[32m"eq-name"[39m
                    [36m>[39m
                      [0m [0m
                      [0mUnitedHealth[0m
                    [36m</span>[39m
                  [36m</td>[39m
                  [36m<td[39m
                    [33mclass[39m=[32m"eq-cell eq-num"[39m
                  [36m>[39m
                    [36m<span[39m
                      [33mclass[39m=[32m"mv-root mv-clickable"[39m
                    [36m>[39m
                      [0m$7.28[0m
                    [36m</span>[39m
                  [36m</td>[39m
                  [36m<td[39m
                    [33mclass[39m=[32m"eq-cell eq-num eq-muted"[39m
                  [36m>[39m
                    [36m<span[39m
                      [33mclass[39m=[32m"mv-root"[39m
                    [36m>[39m
                      [0m$6.91[0m
                    [36m</span>[39m
                  [36m</td>[39m
                  [36m<td[39m
                    [33mclass[39m=[32m"eq-cell eq-dir"[39m
                  [36m>[39m
                    [0m▲[0m
                  [36m</td>[39m
                [36m</tr>[39m
                [36m<tr[39m
                  [33mclass[39m=[32m"eq-row"[39m
                [36m>[39m
                  [36m<td[39m
                    [33mclass[39m=[32m"eq-cell eq-date"[39m
                  [36m>[39m
                    [0m2026-04-15[0m
                  [36m</td>[39m
                  [36m<td[39m
                    [33mclass[39m=[32m"eq-cell"[39m
                  [36m>[39m
                    [36m<strong>[39m
                      [0mJNJ[0m
                    [36m</strong>[39m
                    [36m<span[39m
                      [33mclass[39m=[32m"eq-name"[39m
                    [36m>[39m
                      [0m [0m
                      [0mJohnson & Johnson[0m
                    [36m</span>[39m
                  [36m</td>[39m
                  [36m<td[39m
                    [33mclass[39m=[32m"eq-cell eq-num"[39m
                  [36m>[39m
                    [36m<span[39m
                      [33mclass[39m=[32m"mv-root mv-clickable"[39m
                    [36m>[39m
                      [0m$2.58[0m
                    [36m</span>[39m
                  [36m</td>[39m
                  [36m<td[39m
                    [33mclass[39m=[32m"eq-cell eq-num eq-muted"[39m
                  [36m>[39m
                    [36m<span[39m
                      [33mclass[39m=[32m"mv-root"[39m
                    [36m>[39m
                      [0m$2.71[0m
                    [36m</span>[39m
                  [36m</td>[39m
                  [36m<td[39m
                    [33mclass[39m=[32m"eq-cell eq-dir"[39m
                  [36m>[39m
                    [0m▼[0m
                  [36m</td>[39m
                [36m</tr>[39m
                [36m<tr[39m
                  [33mclass[39m=[32m"eq-row"[39m
                [36m>[39m
                  [36m<td[39m
                    [33mclass[39m=[32m"eq-cell eq-date"[39m
                  [36m>[39m
                    [0m2026-04-15[0m
                  [36m</td>[39m
                  [36m<td[39m
                    [33mclass[39m=[32m"eq-cell"[39m
                  [36m>[39m
                    [36m<strong>[39m
                      [0mNFLX[0m
                    [36m</strong>[39m
                    [36m<span[39m
                      [33mclass[39m=[32m"eq-name"[39m
                    [36m>[39m
                      [0m [0m
                      [0mNetflix[0m
                    [36m</span>[39m
                  [36m</td>[39m
                  [36m<td[39m
                    [33mclass[39m=[32m"eq-cell eq-num"[39m
                  [36m>[39m
                    [36m<span[39m
                      [33mclass[39m=[32m"mv-root mv-clickable"[39m
                    [36m>[39m
                      [0m$5.68[0m
                    [36m</span>[39m
                  [36m</td>[39m
                  [36m<td[39m
                    [33mclass[39m=[32m"eq-cell eq-num eq-muted"[39m
                  [36m>[39m
                    [36m<span[39m
                      [33mclass[39m=[32m"mv-root"[39m
                    [36m>[39m
                      [0m$5.35[0m
                    [36m</span>[39m
                  [36m</td>[39m
                  [36m<td[39m
                    [33mclass[39m=[32m"eq-cell eq-dir"[39m
                  [36m>[39m
                    [0m▲[0m
                  [36m</td>[39m
                [36m</tr>[39m
                [36m<tr[39m
                  [33mclass[39m=[32m"eq-row"[39m
                [36m>[39m
                  [36m<td[39m
                    [33mclass[39m=[32m"eq-cell eq-date"[39m
                  [36m>[39m
                    [0m2026-04-22[0m
                  [36m</td>[39m
                  [36m<td[39m
                    [33mclass[39m=[32m"eq-cell"[39m
                  [36m>[39m
                    [36m<strong>[39m
                      [0mTSLA[0m
                    [36m</strong>[39m
                    [36m<span[39m
                      [33mclass[39m=[32m"eq-name"[39m
                    [36m>[39m
                      [0m [0m
                      [0mTesla[0m
                    [36m</span>[39m
                  [36m</td>[39m
                  [36m<td[39m
                    [33mclass[39m=[32m"eq-cell eq-num"[39m
                  [36m>[39m
                    [36m<span[39m
                      [33mclass[39m=[32m"mv-root mv-clickable"[39m
                    [36m>[39m
                      [0m$0.52[0m
                    [36m</span>[39m
                  [36m</td>[39m
                  [36m<td[39m
                    [33mclass[39m=[32m"eq-cell eq-num eq-muted"[39m
                  [36m>[39m
                    [36m<span[39m
                      [33mclass[39m=[32m"mv-root"[39m
                    [36m>[39m
                      [0m$0.45[0m
                    [36m</span>[39m
                  [36m</td>[39m
                  [36m<td[39m
                    [33mclass[39m=[32m"eq-cell eq-dir"[39m
                  [36m>[39m
                    [0m▲[0m
                  [36m</td>[39m
                [36m</tr>[39m
                [36m<tr[39m
                  [33mclass[39m=[32m"eq-row"[39m
                [36m>[39m
                  [36m<td[39m
                    [33mclass[39m=[32m"eq-cell eq-date"[39m
                  [36m>[39m
                    [0m2026-04-30[0m
                  [36m</td>[39m
                  [36m<td[39m
                    [33mclass[39m=[32m"eq-cell"[39m
                  [36m>[39m
                    [36m<strong>[39m
                      [0mAAPL[0m
                    [36m</strong>[39m
                    [36m<span[39m
                      [33mclass[39m=[32m"eq-name"[39m
                    [36m>[39m
                      [0m [0m
                      [0mApple[0m
                    [36m</span>[39m
                  [36m</td>[39m
                  [36m<td[39m
                    [33mclass[39m=[32m"eq-cell eq-num"[39m
                  [36m>[39m
                    [36m<span[39m
                      [33mclass[39m=[32m"mv-root mv-clickable"[39m
                    [36m>[39m
                      [0m$1.65[0m
                    [36m</span>[39m
                  [36m</td>[39m
                  [36m<td[39m
                    [33mclass[39m=[32m"eq-cell eq-num eq-muted"[39m
                  [36m>[39m
                    [36m<span[39m
                      [33mclass[39m=[32m"mv-root"[39m
                    [36m>[39m
                      [0m$2.18[0m
                    [36m</span>[39m
                  [36m</td>[39m
                  [36m<td[39m
                    [33mclass[39m=[32m"eq-cell eq-dir"[39m
                  [36m>[39m
                    [0m▼[0m
                  [36m</td>[39m
                [36m</tr>[39m
              [36m</tbody>[39m
            [36m</table>[39m
          [36m</div>[39m
        [36m</div>[39m
        [36m<div[39m
          [33mclass[39m=[32m"eq-chart-panel"[39m
        [36m>[39m
          [36m<div[39m
            [33mclass[39m=[32m"eq-chart-title"[39m
          [36m>[39m
            [0mSector Beat Rate[0m
          [36m</div>[39m
          [36m<div[39m
            [33mclass[39m=[32m"eq-chart-subtitle"[39m
          [36m>[39m
            [0mLast quarter EPS beat % · indigo ≥70% · amber 50–70% · red &lt;50%[0m
          [36m</div>[39m
          [36m<div[39m
            [33mclass[39m=[32m"eq-chart-wrap"[39m
          [36m>[39m
            [36m<div[39m
              [33mstyle[39m=[32m"height: 100%; width: 100%; min-height: 100%; min-width: 0px; position: relative; 
overflow: hidden; cursor: pointer;"[39m
            [36m/>[39m
          [36m</div>[39m
        [36m</div>[39m
      [36m</div>[39m
    [36m</div>[39m
  [36m</div>[39m
[36m</body>[39m
 ❯ Object.getElementError node_modules/@testing-library/dom/dist/config.js:37:19
 ❯ node_modules/@testing-library/dom/dist/query-helpers.js:76:38
 ❯ node_modules/@testing-library/dom/dist/query-helpers.js:109:15
 ❯ src/__tests__/equitiesDeepDive/EarningsWatch.test.jsx:26:19
     24|   it('renders 1 echarts instance', () => {
     25|     render(<EarningsWatch earningsData={earningsData} />);
     26|     expect(screen.getAllByTestId('echarts-mock')).toHaveLength(1);
       |                   ^
     27|   });
     28|

⎯⎯⎯⎯⎯⎯⎯⎯⎯⎯⎯⎯⎯⎯⎯⎯⎯⎯⎯⎯⎯[59/113]⎯

 FAIL  src/__tests__/equitiesDeepDive/EquitiesDeepDiveMarket.test.jsx > EquitiesDeepDiveMarket > renders unified 
dashboard after loading
TestingLibraryElementError: Unable to find an element with the text: Sector Performance. This could be because the 
text is broken up by multiple elements. In this case, you can provide a function for your text matcher to make your 
matcher more flexible.

Ignored nodes: comments, script, style
[36m<body>[39m
  [36m<div>[39m
    [36m<div[39m
      [33mclass[39m=[32m"skeleton-market"[39m
    [36m>[39m
      [36m<div[39m
        [33mclass[39m=[32m"skeleton-header"[39m
      [36m>[39m
        [36m<div[39m
          [33mclass[39m=[32m"skeleton skeleton-tab"[39m
        [36m/>[39m
        [36m<div[39m
          [33mclass[39m=[32m"skeleton skeleton-tab"[39m
        [36m/>[39m
        [36m<div[39m
          [33mclass[39m=[32m"skeleton skeleton-tab"[39m
        [36m/>[39m
        [36m<div[39m
          [33mclass[39m=[32m"skeleton skeleton-tab"[39m
        [36m/>[39m
      [36m</div>[39m
      [36m<div[39m
        [33mclass[39m=[32m"skeleton skeleton-status"[39m
      [36m/>[39m
      [36m<div[39m
        [33mclass[39m=[32m"skeleton-kpi-strip"[39m
      [36m>[39m
        [36m<div[39m
          [33mclass[39m=[32m"skeleton skeleton-kpi"[39m
        [36m/>[39m
        [36m<div[39m
          [33mclass[39m=[32m"skeleton skeleton-kpi"[39m
        [36m/>[39m
        [36m<div[39m
          [33mclass[39m=[32m"skeleton skeleton-kpi"[39m
        [36m/>[39m
        [36m<div[39m
          [33mclass[39m=[32m"skeleton skeleton-kpi"[39m
        [36m/>[39m
      [36m</div>[39m
      [36m<div[39m
        [33mclass[39m=[32m"skeleton-row"[39m
      [36m>[39m
        [36m<div[39m
          [33mclass[39m=[32m"skeleton skeleton-chart"[39m
        [36m/>[39m
        [36m<div[39m
          [33mclass[39m=[32m"skeleton skeleton-chart"[39m
        [36m/>[39m
      [36m</div>[39m
      [36m<div[39m
        [33mclass[39m=[32m"skeleton skeleton-table"[39m
      [36m/>[39m
      [36m<div[39m
        [33mclass[39m=[32m"skeleton skeleton-footer"[39m
      [36m/>[39m
    [36m</div>[39m
  [36m</div>[39m
[36m</body>[39m
 ❯ Object.getElementError node_modules/@testing-library/dom/dist/config.js:37:19
 ❯ node_modules/@testing-library/dom/dist/query-helpers.js:76:38
 ❯ node_modules/@testing-library/dom/dist/query-helpers.js:109:15
 ❯ src/__tests__/equitiesDeepDive/EquitiesDeepDiveMarket.test.jsx:16:35
     14|     await waitFor(() => expect(screen.queryByText(/loading/i)).not.toB…
     15|     // Dashboard shows sidebar with Sector Performance section
     16|     const sectorSections = screen.getAllByText('Sector Performance');
       |                                   ^
     17|     expect(sectorSections.length).toBeGreaterThan(0);
     18|   });

⎯⎯⎯⎯⎯⎯⎯⎯⎯⎯⎯⎯⎯⎯⎯⎯⎯⎯⎯⎯⎯[60/113]⎯

 FAIL  src/__tests__/equitiesDeepDive/EquitiesDeepDiveMarket.test.jsx > EquitiesDeepDiveMarket > shows sidebar with 
key metrics
TestingLibraryElementError: Unable to find an element with the text: Factor Scores. This could be because the text is 
broken up by multiple elements. In this case, you can provide a function for your text matcher to make your matcher 
more flexible.

Ignored nodes: comments, script, style
[36m<body>[39m
  [36m<div>[39m
    [36m<div[39m
      [33mclass[39m=[32m"skeleton-market"[39m
    [36m>[39m
      [36m<div[39m
        [33mclass[39m=[32m"skeleton-header"[39m
      [36m>[39m
        [36m<div[39m
          [33mclass[39m=[32m"skeleton skeleton-tab"[39m
        [36m/>[39m
        [36m<div[39m
          [33mclass[39m=[32m"skeleton skeleton-tab"[39m
        [36m/>[39m
        [36m<div[39m
          [33mclass[39m=[32m"skeleton skeleton-tab"[39m
        [36m/>[39m
        [36m<div[39m
          [33mclass[39m=[32m"skeleton skeleton-tab"[39m
        [36m/>[39m
      [36m</div>[39m
      [36m<div[39m
        [33mclass[39m=[32m"skeleton skeleton-status"[39m
      [36m/>[39m
      [36m<div[39m
        [33mclass[39m=[32m"skeleton-kpi-strip"[39m
      [36m>[39m
        [36m<div[39m
          [33mclass[39m=[32m"skeleton skeleton-kpi"[39m
        [36m/>[39m
        [36m<div[39m
          [33mclass[39m=[32m"skeleton skeleton-kpi"[39m
        [36m/>[39m
        [36m<div[39m
          [33mclass[39m=[32m"skeleton skeleton-kpi"[39m
        [36m/>[39m
        [36m<div[39m
          [33mclass[39m=[32m"skeleton skeleton-kpi"[39m
        [36m/>[39m
      [36m</div>[39m
      [36m<div[39m
        [33mclass[39m=[32m"skeleton-row"[39m
      [36m>[39m
        [36m<div[39m
          [33mclass[39m=[32m"skeleton skeleton-chart"[39m
        [36m/>[39m
        [36m<div[39m
          [33mclass[39m=[32m"skeleton skeleton-chart"[39m
        [36m/>[39m
      [36m</div>[39m
      [36m<div[39m
        [33mclass[39m=[32m"skeleton skeleton-table"[39m
      [36m/>[39m
      [36m<div[39m
        [33mclass[39m=[32m"skeleton skeleton-footer"[39m
      [36m/>[39m
    [36m</div>[39m
  [36m</div>[39m
[36m</body>[39m
 ❯ Object.getElementError node_modules/@testing-library/dom/dist/config.js:37:19
 ❯ node_modules/@testing-library/dom/dist/query-helpers.js:76:38
 ❯ node_modules/@testing-library/dom/dist/query-helpers.js:109:15
 ❯ src/__tests__/equitiesDeepDive/EquitiesDeepDiveMarket.test.jsx:24:35
     22|     await waitFor(() => expect(screen.queryByText(/loading/i)).not.toB…
     23|     // Sidebar shows Factor Scores section
     24|     const factorSections = screen.getAllByText('Factor Scores');
       |                                   ^
     25|     expect(factorSections.length).toBeGreaterThan(0);
     26|   });

⎯⎯⎯⎯⎯⎯⎯⎯⎯⎯⎯⎯⎯⎯⎯⎯⎯⎯⎯⎯⎯[61/113]⎯

 FAIL  src/__tests__/equitiesDeepDive/EquitiesDeepDiveMarket.test.jsx > EquitiesDeepDiveMarket > shows content grid 
with all sections visible
TestingLibraryElementError: Unable to find an element with the text: ETF Performance. This could be because the text 
is broken up by multiple elements. In this case, you can provide a function for your text matcher to make your matcher 
more flexible.

Ignored nodes: comments, script, style
[36m<body>[39m
  [36m<div>[39m
    [36m<div[39m
      [33mclass[39m=[32m"skeleton-market"[39m
    [36m>[39m
      [36m<div[39m
        [33mclass[39m=[32m"skeleton-header"[39m
      [36m>[39m
        [36m<div[39m
          [33mclass[39m=[32m"skeleton skeleton-tab"[39m
        [36m/>[39m
        [36m<div[39m
          [33mclass[39m=[32m"skeleton skeleton-tab"[39m
        [36m/>[39m
        [36m<div[39m
          [33mclass[39m=[32m"skeleton skeleton-tab"[39m
        [36m/>[39m
        [36m<div[39m
          [33mclass[39m=[32m"skeleton skeleton-tab"[39m
        [36m/>[39m
      [36m</div>[39m
      [36m<div[39m
        [33mclass[39m=[32m"skeleton skeleton-status"[39m
      [36m/>[39m
      [36m<div[39m
        [33mclass[39m=[32m"skeleton-kpi-strip"[39m
      [36m>[39m
        [36m<div[39m
          [33mclass[39m=[32m"skeleton skeleton-kpi"[39m
        [36m/>[39m
        [36m<div[39m
          [33mclass[39m=[32m"skeleton skeleton-kpi"[39m
        [36m/>[39m
        [36m<div[39m
          [33mclass[39m=[32m"skeleton skeleton-kpi"[39m
        [36m/>[39m
        [36m<div[39m
          [33mclass[39m=[32m"skeleton skeleton-kpi"[39m
        [36m/>[39m
      [36m</div>[39m
      [36m<div[39m
        [33mclass[39m=[32m"skeleton-row"[39m
      [36m>[39m
        [36m<div[39m
          [33mclass[39m=[32m"skeleton skeleton-chart"[39m
        [36m/>[39m
        [36m<div[39m
          [33mclass[39m=[32m"skeleton skeleton-chart"[39m
        [36m/>[39m
      [36m</div>[39m
      [36m<div[39m
        [33mclass[39m=[32m"skeleton skeleton-table"[39m
      [36m/>[39m
      [36m<div[39m
        [33mclass[39m=[32m"skeleton skeleton-footer"[39m
      [36m/>[39m
    [36m</div>[39m
  [36m</div>[39m
[36m</body>[39m
 ❯ Object.getElementError node_modules/@testing-library/dom/dist/config.js:37:19
 ❯ node_modules/@testing-library/dom/dist/query-helpers.js:76:38
 ❯ node_modules/@testing-library/dom/dist/query-helpers.js:52:17
 ❯ node_modules/@testing-library/dom/dist/query-helpers.js:95:19
 ❯ src/__tests__/equitiesDeepDive/EquitiesDeepDiveMarket.test.jsx:33:29
     31|     // All content is visible without tabs - check for various panels
     32|     // ETF Performance should appear as a panel
     33|     const etfPanel = screen.getByText('ETF Performance');
       |                             ^
     34|     expect(etfPanel).toBeInTheDocument();
     35|   });

⎯⎯⎯⎯⎯⎯⎯⎯⎯⎯⎯⎯⎯⎯⎯⎯⎯⎯⎯⎯⎯[62/113]⎯

 FAIL  src/__tests__/equitiesDeepDive/EquitiesDeepDiveMarket.test.jsx > EquitiesDeepDiveMarket > shows mock data 
status when server unavailable
TestingLibraryElementError: Unable to find an element with the text: /mock data/i. This could be because the text is 
broken up by multiple elements. In this case, you can provide a function for your text matcher to make your matcher 
more flexible.

Ignored nodes: comments, script, style
[36m<body>[39m
  [36m<div>[39m
    [36m<div[39m
      [33mclass[39m=[32m"skeleton-market"[39m
    [36m>[39m
      [36m<div[39m
        [33mclass[39m=[32m"skeleton-header"[39m
      [36m>[39m
        [36m<div[39m
          [33mclass[39m=[32m"skeleton skeleton-tab"[39m
        [36m/>[39m
        [36m<div[39m
          [33mclass[39m=[32m"skeleton skeleton-tab"[39m
        [36m/>[39m
        [36m<div[39m
          [33mclass[39m=[32m"skeleton skeleton-tab"[39m
        [36m/>[39m
        [36m<div[39m
          [33mclass[39m=[32m"skeleton skeleton-tab"[39m
        [36m/>[39m
      [36m</div>[39m
      [36m<div[39m
        [33mclass[39m=[32m"skeleton skeleton-status"[39m
      [36m/>[39m
      [36m<div[39m
        [33mclass[39m=[32m"skeleton-kpi-strip"[39m
      [36m>[39m
        [36m<div[39m
          [33mclass[39m=[32m"skeleton skeleton-kpi"[39m
        [36m/>[39m
        [36m<div[39m
          [33mclass[39m=[32m"skeleton skeleton-kpi"[39m
        [36m/>[39m
        [36m<div[39m
          [33mclass[39m=[32m"skeleton skeleton-kpi"[39m
        [36m/>[39m
        [36m<div[39m
          [33mclass[39m=[32m"skeleton skeleton-kpi"[39m
        [36m/>[39m
      [36m</div>[39m
      [36m<div[39m
        [33mclass[39m=[32m"skeleton-row"[39m
      [36m>[39m
        [36m<div[39m
          [33mclass[39m=[32m"skeleton skeleton-chart"[39m
        [36m/>[39m
        [36m<div[39m
          [33mclass[39m=[32m"skeleton skeleton-chart"[39m
        [36m/>[39m
      [36m</div>[39m
      [36m<div[39m
        [33mclass[39m=[32m"skeleton skeleton-table"[39m
      [36m/>[39m
      [36m<div[39m
        [33mclass[39m=[32m"skeleton skeleton-footer"[39m
      [36m/>[39m
    [36m</div>[39m
  [36m</div>[39m
[36m</body>[39m
 ❯ Object.getElementError node_modules/@testing-library/dom/dist/config.js:37:19
 ❯ node_modules/@testing-library/dom/dist/query-helpers.js:76:38
 ❯ node_modules/@testing-library/dom/dist/query-helpers.js:109:15
 ❯ src/__tests__/equitiesDeepDive/EquitiesDeepDiveMarket.test.jsx:41:37
     39|     await waitFor(() => expect(screen.queryByText(/loading/i)).not.toB…
     40|     // Status bar shows mock data
     41|     const mockDataElements = screen.getAllByText(/mock data/i);
       |                                     ^
     42|     expect(mockDataElements.length).toBeGreaterThan(0);
     43|   });

⎯⎯⎯⎯⎯⎯⎯⎯⎯⎯⎯⎯⎯⎯⎯⎯⎯⎯⎯⎯⎯[63/113]⎯

 FAIL  src/__tests__/equitiesDeepDive/FactorRankings.test.jsx > FactorRankings > renders 1 echarts instance
TestingLibraryElementError: Unable to find an element by: [data-testid="echarts-mock"]

Ignored nodes: comments, script, style
[36m<body>[39m
  [36m<div>[39m
    [36m<div[39m
      [33mclass[39m=[32m"eq-panel"[39m
    [36m>[39m
      [36m<div[39m
        [33mclass[39m=[32m"eq-panel-header"[39m
      [36m>[39m
        [36m<span[39m
          [33mclass[39m=[32m"eq-panel-title"[39m
        [36m>[39m
          [0mFactor Rankings[0m
        [36m</span>[39m
        [36m<span[39m
          [33mclass[39m=[32m"eq-panel-subtitle"[39m
        [36m>[39m
          [0mPercentile scores 1–100 · composite = average of 4 factors[0m
        [36m</span>[39m
      [36m</div>[39m
      [36m<div[39m
        [33mclass[39m=[32m"eq-kpi-strip"[39m
      [36m>[39m
        [36m<div[39m
          [33mclass[39m=[32m"eq-kpi-pill"[39m
        [36m>[39m
          [36m<span[39m
            [33mclass[39m=[32m"eq-kpi-label"[39m
          [36m>[39m
            [0mTop Factor[0m
          [36m</span>[39m
          [36m<span[39m
            [33mclass[39m=[32m"eq-kpi-value accent"[39m
          [36m>[39m
            [0mMomentum[0m
          [36m</span>[39m
          [36m<span[39m
            [33mclass[39m=[32m"eq-kpi-sub"[39m
          [36m>[39m
            [0m+[0m
            [0m28.1[0m
            [0m%[0m
          [36m</span>[39m
        [36m</div>[39m
        [36m<div[39m
          [33mclass[39m=[32m"eq-kpi-pill"[39m
        [36m>[39m
          [36m<span[39m
            [33mclass[39m=[32m"eq-kpi-label"[39m
          [36m>[39m
            [0mTop Stock[0m
          [36m</span>[39m
          [36m<span[39m
            [33mclass[39m=[32m"eq-kpi-value accent"[39m
          [36m>[39m
            [0mV[0m
          [36m</span>[39m
          [36m<span[39m
            [33mclass[39m=[32m"eq-kpi-sub"[39m
          [36m>[39m
            [0mComposite [0m
            [0m74[0m
          [36m</span>[39m
        [36m</div>[39m
        [36m<div[39m
          [33mclass[39m=[32m"eq-kpi-pill"[39m
        [36m>[39m
          [36m<span[39m
            [33mclass[39m=[32m"eq-kpi-label"[39m
          [36m>[39m
            [0mAvg Composite[0m
          [36m</span>[39m
          [36m<span[39m
            [33mclass[39m=[32m"eq-kpi-value accent"[39m
          [36m>[39m
            [0m65[0m
          [36m</span>[39m
        [36m</div>[39m
        [36m<div[39m
          [33mclass[39m=[32m"eq-kpi-pill"[39m
        [36m>[39m
          [36m<span[39m
            [33mclass[39m=[32m"eq-kpi-label"[39m
          [36m>[39m
            [0mQuality ≥ 70[0m
          [36m</span>[39m
          [36m<span[39m
            [33mclass[39m=[32m"eq-kpi-value accent"[39m
          [36m>[39m
            [0m18[0m
          [36m</span>[39m
          [36m<span[39m
            [33mclass[39m=[32m"eq-kpi-sub"[39m
          [36m>[39m
            [0mof [0m
            [0m20[0m
          [36m</span>[39m
        [36m</div>[39m
      [36m</div>[39m
      [36m<div[39m
        [33mclass[39m=[32m"eq-two-row"[39m
      [36m>[39m
        [36m<div[39m
          [33mclass[39m=[32m"eq-chart-panel"[39m
        [36m>[39m
          [36m<div[39m
            [33mclass[39m=[32m"eq-chart-title"[39m
          [36m>[39m
            [0mFactor In Favor[0m
          [36m</div>[39m
          [36m<div[39m
            [33mclass[39m=[32m"eq-chart-subtitle"[39m
          [36m>[39m
            [0mMonth-to-date factor return · indigo = positive · which factor is working[0m
          [36m</div>[39m
          [36m<div[39m
            [33mclass[39m=[32m"eq-chart-wrap"[39m
          [36m>[39m
            [36m<div[39m
              [33mstyle[39m=[32m"height: 100%; width: 100%; min-height: 100%; min-width: 0px; position: relative; 
overflow: hidden; cursor: pointer;"[39m
            [36m/>[39m
          [36m</div>[39m
        [36m</div>[39m
        [36m<div[39m
          [33mclass[39m=[32m"eq-chart-panel"[39m
        [36m>[39m
          [36m<div[39m
            [33mclass[39m=[32m"eq-chart-title"[39m
          [36m>[39m
            [0mStock Factor Scores[0m
          [36m</div>[39m
          [36m<div[39m
            [33mclass[39m=[32m"eq-chart-subtitle"[39m
          [36m>[39m
            [0mTop 20 stocks by composite · green ≥ 70 · red ≤ 30[0m
          [36m</div>[39m
          [36m<div[39m
            [33mclass[39m=[32m"eq-scroll"[39m
          [36m>[39m
            [36m<table[39m
              [33mclass[39m=[32m"eq-table"[39m
            [36m>[39m
              [36m<thead>[39m
                [36m<tr>[39m
                  [36m<th[39m
                    [33mclass[39m=[32m"eq-th"[39m
                  [36m>[39m
                    [0mTicker[0m
                  [36m</th>[39m
                  [36m<th[39m
                    [33mclass[39m=[32m"eq-th"[39m
                  [36m>[39m
                    [0mSector[0m
                  [36m</th>[39m
                  [36m<th[39m
                    [33mclass[39m=[32m"eq-th"[39m
                    [33mstyle[39m=[32m"text-align: center;"[39m
                  [36m>[39m
                    [0mValue[0m
                  [36m</th>[39m
                  [36m<th[39m
                    [33mclass[39m=[32m"eq-th"[39m
                    [33mstyle[39m=[32m"text-align: center;"[39m
                  [36m>[39m
                    [0mMomentum[0m
                  [36m</th>[39m
                  [36m<th[39m
                    [33mclass[39m=[32m"eq-th"[39m
                    [33mstyle[39m=[32m"text-align: center;"[39m
                  [36m>[39m
                    [0mQuality[0m
                  [36m</th>[39m
                  [36m<th[39m
                    [33mclass[39m=[32m"eq-th"[39m
                    [33mstyle[39m=[32m"text-align: center;"[39m
                  [36m>[39m
                    [0mLow-Vol[0m
                  [36m</th>[39m
                  [36m<th[39m
                    [33mclass[39m=[32m"eq-th"[39m
                    [33mstyle[39m=[32m"text-align: center;"[39m
                  [36m>[39m
                    [0mComposite[0m
                  [36m</th>[39m
                [36m</tr>[39m
              [36m</thead>[39m
              [36m<tbody>[39m
                [36m<tr[39m
                  [33mclass[39m=[32m"eq-row"[39m
                [36m>[39m
                  [36m<td[39m
                    [33mclass[39m=[32m"eq-cell"[39m
                  [36m>[39m
                    [36m<strong>[39m
                      [0mNVDA[0m
                    [36m</strong>[39m
                  [36m</td>[39m
                  [36m<td[39m
                    [33mclass[39m=[32m"eq-cell eq-sector"[39m
                  [36m>[39m
                    [0mTechnology[0m
                  [36m</td>[39m
          ...
 ❯ Object.getElementError node_modules/@testing-library/dom/dist/config.js:37:19
 ❯ node_modules/@testing-library/dom/dist/query-helpers.js:76:38
 ❯ node_modules/@testing-library/dom/dist/query-helpers.js:109:15
 ❯ src/__tests__/equitiesDeepDive/FactorRankings.test.jsx:26:19
     24|   it('renders 1 echarts instance', () => {
     25|     render(<FactorRankings factorData={factorData} />);
     26|     expect(screen.getAllByTestId('echarts-mock')).toHaveLength(1);
       |                   ^
     27|   });
     28|

⎯⎯⎯⎯⎯⎯⎯⎯⎯⎯⎯⎯⎯⎯⎯⎯⎯⎯⎯⎯⎯[64/113]⎯

 FAIL  src/__tests__/equitiesDeepDive/SectorRotation.test.jsx > SectorRotation > renders 2 echarts instances
TestingLibraryElementError: Unable to find an element by: [data-testid="echarts-mock"]

Ignored nodes: comments, script, style
[36m<body>[39m
  [36m<div>[39m
    [36m<div[39m
      [33mclass[39m=[32m"eq-panel"[39m
    [36m>[39m
      [36m<div[39m
        [33mclass[39m=[32m"eq-panel-header"[39m
      [36m>[39m
        [36m<span[39m
          [33mclass[39m=[32m"eq-panel-title"[39m
        [36m>[39m
          [0mSector Rotation[0m
        [36m</span>[39m
        [36m<span[39m
          [33mclass[39m=[32m"eq-panel-subtitle"[39m
        [36m>[39m
          [0m1M performance vs S&P 500 · quadrant scatter chart[0m
        [36m</span>[39m
      [36m</div>[39m
      [36m<div[39m
        [33mclass[39m=[32m"eq-kpi-strip"[39m
      [36m>[39m
        [36m<div[39m
          [33mclass[39m=[32m"eq-kpi-pill"[39m
        [36m>[39m
          [36m<span[39m
            [33mclass[39m=[32m"eq-kpi-label"[39m
          [36m>[39m
            [0mBest Sector[0m
          [36m</span>[39m
          [36m<span[39m
            [33mclass[39m=[32m"eq-kpi-value accent"[39m
          [36m>[39m
            [0mTechnology[0m
          [36m</span>[39m
          [36m<span[39m
            [33mclass[39m=[32m"eq-kpi-sub"[39m
          [36m>[39m
            [0m+[0m
            [0m5.3[0m
            [0m%[0m
          [36m</span>[39m
        [36m</div>[39m
        [36m<div[39m
          [33mclass[39m=[32m"eq-kpi-pill"[39m
        [36m>[39m
          [36m<span[39m
            [33mclass[39m=[32m"eq-kpi-label"[39m
          [36m>[39m
            [0mWorst Sector[0m
          [36m</span>[39m
          [36m<span[39m
            [33mclass[39m=[32m"eq-kpi-value"[39m
            [33mstyle[39m=[32m"color: rgb(239, 68, 68);"[39m
          [36m>[39m
            [0mEnergy[0m
          [36m</span>[39m
          [36m<span[39m
            [33mclass[39m=[32m"eq-kpi-sub"[39m
          [36m>[39m
            [0m-2.1[0m
            [0m%[0m
          [36m</span>[39m
        [36m</div>[39m
        [36m<div[39m
          [33mclass[39m=[32m"eq-kpi-pill"[39m
        [36m>[39m
          [36m<span[39m
            [33mclass[39m=[32m"eq-kpi-label"[39m
          [36m>[39m
            [0mSPY 1M[0m
          [36m</span>[39m
          [36m<span[39m
            [33mclass[39m=[32m"eq-kpi-value positive"[39m
          [36m>[39m
            [0m+[0m
            [0m3.2[0m
            [0m%[0m
          [36m</span>[39m
        [36m</div>[39m
        [36m<div[39m
          [33mclass[39m=[32m"eq-kpi-pill"[39m
        [36m>[39m
          [36m<span[39m
            [33mclass[39m=[32m"eq-kpi-label"[39m
          [36m>[39m
            [0mOutperforming[0m
          [36m</span>[39m
          [36m<span[39m
            [33mclass[39m=[32m"eq-kpi-value accent"[39m
          [36m>[39m
            [0m4[0m
          [36m</span>[39m
          [36m<span[39m
            [33mclass[39m=[32m"eq-kpi-sub"[39m
          [36m>[39m
            [0mof [0m
            [0m11[0m
            [0m sectors[0m
          [36m</span>[39m
        [36m</div>[39m
      [36m</div>[39m
      [36m<div[39m
        [33mclass[39m=[32m"eq-two-col"[39m
      [36m>[39m
        [36m<div[39m
          [33mclass[39m=[32m"eq-chart-panel"[39m
        [36m>[39m
          [36m<div[39m
            [33mclass[39m=[32m"eq-chart-title"[39m
          [36m>[39m
            [0mETF Performance[0m
          [36m</div>[39m
          [36m<div[39m
            [33mclass[39m=[32m"eq-chart-subtitle"[39m
          [36m>[39m
            [0m1M return vs SPY benchmark · indigo = outperforming[0m
          [36m</div>[39m
          [36m<div[39m
            [33mclass[39m=[32m"eq-chart-wrap"[39m
          [36m>[39m
            [36m<div[39m
              [33mstyle[39m=[32m"height: 100%; width: 100%; min-height: 100%; min-width: 0px; position: relative; 
overflow: hidden; cursor: pointer;"[39m
            [36m/>[39m
          [36m</div>[39m
        [36m</div>[39m
        [36m<div[39m
          [33mclass[39m=[32m"eq-chart-panel"[39m
        [36m>[39m
          [36m<div[39m
            [33mclass[39m=[32m"eq-chart-title"[39m
          [36m>[39m
            [0mRotation Quadrant[0m
          [36m</div>[39m
          [36m<div[39m
            [33mclass[39m=[32m"eq-chart-subtitle"[39m
          [36m>[39m
            [0mX = 1M · Y = 3M · top-right = Leading · top-left = Improving[0m
          [36m</div>[39m
          [36m<div[39m
            [33mclass[39m=[32m"eq-chart-wrap"[39m
          [36m>[39m
            [36m<div[39m
              [33mstyle[39m=[32m"height: 100%; width: 100%; min-height: 100%; min-width: 0px; position: relative; 
overflow: hidden; cursor: pointer;"[39m
            [36m/>[39m
          [36m</div>[39m
        [36m</div>[39m
      [36m</div>[39m
    [36m</div>[39m
  [36m</div>[39m
[36m</body>[39m
 ❯ Object.getElementError node_modules/@testing-library/dom/dist/config.js:37:19
 ❯ node_modules/@testing-library/dom/dist/query-helpers.js:76:38
 ❯ node_modules/@testing-library/dom/dist/query-helpers.js:109:15
 ❯ src/__tests__/equitiesDeepDive/SectorRotation.test.jsx:26:19
     24|   it('renders 2 echarts instances', () => {
     25|     render(<SectorRotation sectorData={sectorData} />);
     26|     expect(screen.getAllByTestId('echarts-mock')).toHaveLength(2);
       |                   ^
     27|   });
     28|

⎯⎯⎯⎯⎯⎯⎯⎯⎯⎯⎯⎯⎯⎯⎯⎯⎯⎯⎯⎯⎯[65/113]⎯

 FAIL  src/__tests__/equitiesDeepDive/ShortInterest.test.jsx > ShortInterest > renders 2 echarts instances
TestingLibraryElementError: Unable to find an element by: [data-testid="echarts-mock"]

Ignored nodes: comments, script, style
[36m<body>[39m
  [36m<div>[39m
    [36m<div[39m
      [33mclass[39m=[32m"eq-panel"[39m
    [36m>[39m
      [36m<div[39m
        [33mclass[39m=[32m"eq-panel-header"[39m
      [36m>[39m
        [36m<span[39m
          [33mclass[39m=[32m"eq-panel-title"[39m
        [36m>[39m
          [0mShort Interest[0m
        [36m</span>[39m
        [36m<span[39m
          [33mclass[39m=[32m"eq-panel-subtitle"[39m
        [36m>[39m
          [0mShort float % · squeeze candidates: short &gt;10% + positive 1W momentum[0m
        [36m</span>[39m
      [36m</div>[39m
      [36m<div[39m
        [33mclass[39m=[32m"eq-kpi-strip"[39m
      [36m>[39m
        [36m<div[39m
          [33mclass[39m=[32m"eq-kpi-pill"[39m
        [36m>[39m
          [36m<span[39m
            [33mclass[39m=[32m"eq-kpi-label"[39m
          [36m>[39m
            [0mMost Shorted[0m
          [36m</span>[39m
          [36m<span[39m
            [33mclass[39m=[32m"eq-kpi-value"[39m
            [33mstyle[39m=[32m"color: rgb(239, 68, 68);"[39m
          [36m>[39m
            [0mCVNA[0m
          [36m</span>[39m
          [36m<span[39m
            [33mclass[39m=[32m"eq-kpi-sub"[39m
          [36m>[39m
            [0m28.4[0m
            [0m%[0m
          [36m</span>[39m
        [36m</div>[39m
        [36m<div[39m
          [33mclass[39m=[32m"eq-kpi-pill"[39m
        [36m>[39m
          [36m<span[39m
            [33mclass[39m=[32m"eq-kpi-label"[39m
          [36m>[39m
            [0mAvg Short Float[0m
          [36m</span>[39m
          [36m<span[39m
            [33mclass[39m=[32m"eq-kpi-value accent"[39m
          [36m>[39m
            [0m16.7[0m
            [0m%[0m
          [36m</span>[39m
        [36m</div>[39m
        [36m<div[39m
          [33mclass[39m=[32m"eq-kpi-pill"[39m
        [36m>[39m
          [36m<span[39m
            [33mclass[39m=[32m"eq-kpi-label"[39m
          [36m>[39m
            [0mShort &gt; 20%[0m
          [36m</span>[39m
          [36m<span[39m
            [33mclass[39m=[32m"eq-kpi-value"[39m
            [33mstyle[39m=[32m"color: rgb(239, 68, 68);"[39m
          [36m>[39m
            [0m4[0m
          [36m</span>[39m
          [36m<span[39m
            [33mclass[39m=[32m"eq-kpi-sub"[39m
          [36m>[39m
            [0mof [0m
            [0m20[0m
          [36m</span>[39m
        [36m</div>[39m
        [36m<div[39m
          [33mclass[39m=[32m"eq-kpi-pill"[39m
        [36m>[39m
          [36m<span[39m
            [33mclass[39m=[32m"eq-kpi-label"[39m
          [36m>[39m
            [0mAvg Days to Cover[0m
          [36m</span>[39m
          [36m<span[39m
            [33mclass[39m=[32m"eq-kpi-value accent"[39m
          [36m>[39m
            [0m2.4d[0m
          [36m</span>[39m
        [36m</div>[39m
      [36m</div>[39m
      [36m<div[39m
        [33mclass[39m=[32m"eq-two-col"[39m
      [36m>[39m
        [36m<div[39m
          [33mclass[39m=[32m"eq-chart-panel"[39m
        [36m>[39m
          [36m<div[39m
            [33mclass[39m=[32m"eq-chart-title"[39m
          [36m>[39m
            [0mMost Shorted[0m
          [36m</div>[39m
          [36m<div[39m
            [33mclass[39m=[32m"eq-chart-subtitle"[39m
          [36m>[39m
            [0mRed &gt;20% · amber 10–20% · green &lt;10%[0m
          [36m</div>[39m
          [36m<div[39m
            [33mclass[39m=[32m"eq-chart-wrap"[39m
          [36m>[39m
            [36m<div[39m
              [33mstyle[39m=[32m"height: 100%; width: 100%; min-height: 100%; min-width: 0px; position: relative; 
overflow: hidden; cursor: pointer;"[39m
            [36m/>[39m
          [36m</div>[39m
        [36m</div>[39m
        [36m<div[39m
          [33mclass[39m=[32m"eq-chart-panel"[39m
        [36m>[39m
          [36m<div[39m
            [33mclass[39m=[32m"eq-chart-title"[39m
          [36m>[39m
            [0mSqueeze Watch[0m
          [36m</div>[39m
          [36m<div[39m
            [33mclass[39m=[32m"eq-chart-subtitle"[39m
          [36m>[39m
            [0mX = short float · Y = 1W return · size = market cap · short &gt;10%[0m
          [36m</div>[39m
          [36m<div[39m
            [33mclass[39m=[32m"eq-chart-wrap"[39m
          [36m>[39m
            [36m<div[39m
              [33mstyle[39m=[32m"height: 100%; width: 100%; min-height: 100%; min-width: 0px; position: relative; 
overflow: hidden; cursor: pointer;"[39m
            [36m/>[39m
          [36m</div>[39m
        [36m</div>[39m
      [36m</div>[39m
    [36m</div>[39m
  [36m</div>[39m
[36m</body>[39m
 ❯ Object.getElementError node_modules/@testing-library/dom/dist/config.js:37:19
 ❯ node_modules/@testing-library/dom/dist/query-helpers.js:76:38
 ❯ node_modules/@testing-library/dom/dist/query-helpers.js:109:15
 ❯ src/__tests__/equitiesDeepDive/ShortInterest.test.jsx:26:19
     24|   it('renders 2 echarts instances', () => {
     25|     render(<ShortInterest shortData={shortData} />);
     26|     expect(screen.getAllByTestId('echarts-mock')).toHaveLength(2);
       |                   ^
     27|   });
     28|

⎯⎯⎯⎯⎯⎯⎯⎯⎯⎯⎯⎯⎯⎯⎯⎯⎯⎯⎯⎯⎯[66/113]⎯

 FAIL  src/__tests__/equitiesDeepDive/useEquityDeepDiveData.test.js > useEquityDeepDiveData > returns sectorData with 
12 sectors on mock fallback
TypeError: Cannot read properties of null (reading 'sectors')
 ❯ src/__tests__/equitiesDeepDive/useEquityDeepDiveData.test.js:16:38
     14|     const { result } = renderHook(() => useEquityDeepDiveData());
     15|     await waitFor(() => expect(result.current.isLoading).toBe(false));
     16|     expect(result.current.sectorData.sectors).toHaveLength(12);
       |                                      ^
     17|     expect(result.current.sectorData.sectors[0]).toMatchObject({
     18|       code: expect.any(String),

⎯⎯⎯⎯⎯⎯⎯⎯⎯⎯⎯⎯⎯⎯⎯⎯⎯⎯⎯⎯⎯[67/113]⎯

 FAIL  src/__tests__/equitiesDeepDive/useEquityDeepDiveData.test.js > useEquityDeepDiveData > returns factorData with 
inFavor and 20 stocks on mock fallback
TypeError: Cannot read properties of null (reading 'stocks')
 ❯ src/__tests__/equitiesDeepDive/useEquityDeepDiveData.test.js:29:38
     27|     const { result } = renderHook(() => useEquityDeepDiveData());
     28|     await waitFor(() => expect(result.current.isLoading).toBe(false));
     29|     expect(result.current.factorData.stocks).toHaveLength(20);
       |                                      ^
     30|     expect(result.current.factorData.inFavor).toMatchObject({
     31|       value: expect.any(Number),

⎯⎯⎯⎯⎯⎯⎯⎯⎯⎯⎯⎯⎯⎯⎯⎯⎯⎯⎯⎯⎯[68/113]⎯

 FAIL  src/__tests__/equitiesDeepDive/useEquityDeepDiveData.test.js > useEquityDeepDiveData > returns earningsData 
with upcoming events and beatRates on mock fallback
TypeError: Cannot read properties of null (reading 'upcoming')
 ❯ src/__tests__/equitiesDeepDive/useEquityDeepDiveData.test.js:40:40
     38|     const { result } = renderHook(() => useEquityDeepDiveData());
     39|     await waitFor(() => expect(result.current.isLoading).toBe(false));
     40|     expect(result.current.earningsData.upcoming.length).toBeGreaterTha…
       |                                        ^
     41|     expect(result.current.earningsData.beatRates.length).toBeGreaterTh…
     42|   });

⎯⎯⎯⎯⎯⎯⎯⎯⎯⎯⎯⎯⎯⎯⎯⎯⎯⎯⎯⎯⎯[69/113]⎯

 FAIL  src/__tests__/equitiesDeepDive/useEquityDeepDiveData.test.js > useEquityDeepDiveData > returns shortData with 
20 mostShorted entries on mock fallback
TypeError: Cannot read properties of null (reading 'mostShorted')
 ❯ src/__tests__/equitiesDeepDive/useEquityDeepDiveData.test.js:48:37
     46|     const { result } = renderHook(() => useEquityDeepDiveData());
     47|     await waitFor(() => expect(result.current.isLoading).toBe(false));
     48|     expect(result.current.shortData.mostShorted).toHaveLength(20);
       |                                     ^
     49|     expect(result.current.shortData.mostShorted[0]).toMatchObject({
     50|       ticker: expect.any(String),

⎯⎯⎯⎯⎯⎯⎯⎯⎯⎯⎯⎯⎯⎯⎯⎯⎯⎯⎯⎯⎯[70/113]⎯

 FAIL  src/__tests__/equitiesDeepDive/useEquityDeepDiveData.test.js > useEquityDeepDiveData > sets isLive true and 
replaces sectorData when server responds with sufficient data
AssertionError: expected '2026-04-05 19:14:46' to be '2026-04-05' // Object.is equality

Expected: "2026-04-05"
Received: "2026-04-05 19:14:46"

 ❯ src/__tests__/equitiesDeepDive/useEquityDeepDiveData.test.js:71:40
     69|     const { result } = renderHook(() => useEquityDeepDiveData());
     70|     await waitFor(() => expect(result.current.isLive).toBe(true));
     71|     expect(result.current.lastUpdated).toBe('2026-04-05');
       |                                        ^
     72|     expect(result.current.sectorData.sectors[0].code).toBe('X0');
     73|   });

⎯⎯⎯⎯⎯⎯⎯⎯⎯⎯⎯⎯⎯⎯⎯⎯⎯⎯⎯⎯⎯[71/113]⎯

 FAIL  src/__tests__/equitiesDeepDive/useEquityDeepDiveData.test.js > useEquityDeepDiveData > guard: does not apply 
live sectorData when sectors length < 8
AssertionError: expected [ { code: 'SPY', …(6) } ] to have a length of 12 but got 1

- Expected
+ Received

- 12
+ 1

 ❯ src/__tests__/equitiesDeepDive/useEquityDeepDiveData.test.js:92:47
     90|     const { result } = renderHook(() => useEquityDeepDiveData());
     91|     await waitFor(() => expect(result.current.isLoading).toBe(false));
     92|     expect(result.current.sectorData.sectors).toHaveLength(12);
       |                                               ^
     93|     expect(result.current.isLive).toBe(false);
     94|   });

⎯⎯⎯⎯⎯⎯⎯⎯⎯⎯⎯⎯⎯⎯⎯⎯⎯⎯⎯⎯⎯[72/113]⎯

 FAIL  src/__tests__/globalMacro/CentralBankRates.test.jsx > CentralBankRates > renders 2 echarts instances
TestingLibraryElementError: Unable to find an element by: [data-testid="echarts-mock"]

Ignored nodes: comments, script, style
[36m<body>[39m
  [36m<div>[39m
    [36m<div[39m
      [33mclass[39m=[32m"mac-panel"[39m
    [36m>[39m
      [36m<div[39m
        [33mclass[39m=[32m"mac-panel-header"[39m
      [36m>[39m
        [36m<span[39m
          [33mclass[39m=[32m"mac-panel-title"[39m
        [36m>[39m
          [0mPolicy Rates[0m
        [36m</span>[39m
        [36m<span[39m
          [33mclass[39m=[32m"mac-panel-subtitle"[39m
        [36m>[39m
          [0mRanked + 5-year history · FRED + central bank sources[0m
        [36m</span>[39m
      [36m</div>[39m
      [36m<div[39m
        [33mclass[39m=[32m"mac-kpi-strip"[39m
      [36m>[39m
        [36m<div[39m
          [33mclass[39m=[32m"mac-kpi-pill"[39m
        [36m>[39m
          [36m<span[39m
            [33mclass[39m=[32m"mac-kpi-label"[39m
          [36m>[39m
            [0mHighest Rate[0m
          [36m</span>[39m
          [36m<span[39m
            [33mclass[39m=[32m"mac-kpi-value"[39m
            [33mstyle[39m=[32m"color: rgb(239, 68, 68);"[39m
          [36m>[39m
            [0mMexico[0m
          [36m</span>[39m
          [36m<span[39m
            [33mclass[39m=[32m"mac-kpi-sub"[39m
          [36m>[39m
            [0m11.00[0m
            [0m%[0m
          [36m</span>[39m
        [36m</div>[39m
        [36m<div[39m
          [33mclass[39m=[32m"mac-kpi-pill"[39m
        [36m>[39m
          [36m<span[39m
            [33mclass[39m=[32m"mac-kpi-label"[39m
          [36m>[39m
            [0mLowest Rate[0m
          [36m</span>[39m
          [36m<span[39m
            [33mclass[39m=[32m"mac-kpi-value accent"[39m
          [36m>[39m
            [0mJapan[0m
          [36m</span>[39m
          [36m<span[39m
            [33mclass[39m=[32m"mac-kpi-sub"[39m
          [36m>[39m
            [0m0.10[0m
            [0m%[0m
          [36m</span>[39m
        [36m</div>[39m
        [36m<div[39m
          [33mclass[39m=[32m"mac-kpi-pill"[39m
        [36m>[39m
          [36m<span[39m
            [33mclass[39m=[32m"mac-kpi-label"[39m
          [36m>[39m
            [0mAvg Rate[0m
          [36m</span>[39m
          [36m<span[39m
            [33mclass[39m=[32m"mac-kpi-value accent"[39m
          [36m>[39m
            [0m4.95[0m
            [0m%[0m
          [36m</span>[39m
        [36m</div>[39m
        [36m<div[39m
          [33mclass[39m=[32m"mac-kpi-pill"[39m
        [36m>[39m
          [36m<span[39m
            [33mclass[39m=[32m"mac-kpi-label"[39m
          [36m>[39m
            [0mRate ≤ 2%[0m
          [36m</span>[39m
          [36m<span[39m
            [33mclass[39m=[32m"mac-kpi-value accent"[39m
          [36m>[39m
            [0m1[0m
          [36m</span>[39m
          [36m<span[39m
            [33mclass[39m=[32m"mac-kpi-sub"[39m
          [36m>[39m
            [0mof [0m
            [0m12[0m
          [36m</span>[39m
        [36m</div>[39m
      [36m</div>[39m
      [36m<div[39m
        [33mclass[39m=[32m"mac-two-row"[39m
      [36m>[39m
        [36m<div[39m
          [33mclass[39m=[32m"mac-chart-panel"[39m
        [36m>[39m
          [36m<div[39m
            [33mclass[39m=[32m"mac-chart-title"[39m
          [36m>[39m
            [0mCurrent Rates — Ranked[0m
          [36m</div>[39m
          [36m<div[39m
            [33mclass[39m=[32m"mac-chart-subtitle"[39m
          [36m>[39m
            [0mHighest to lowest · green &lt;3% · amber 3–6% · red &gt;6%[0m
          [36m</div>[39m
          [36m<div[39m
            [33mclass[39m=[32m"mac-chart-wrap"[39m
          [36m>[39m
            [36m<div[39m
              [33mstyle[39m=[32m"height: 100%; width: 100%; min-height: 100%; min-width: 0px; position: relative; 
overflow: hidden; cursor: pointer;"[39m
            [36m/>[39m
          [36m</div>[39m
        [36m</div>[39m
        [36m<div[39m
          [33mclass[39m=[32m"mac-chart-panel"[39m
        [36m>[39m
          [36m<div[39m
            [33mclass[39m=[32m"mac-chart-title"[39m
          [36m>[39m
            [0m5-Year Rate History[0m
          [36m</div>[39m
          [36m<div[39m
            [33mclass[39m=[32m"mac-chart-subtitle"[39m
          [36m>[39m
            [0mG7 + Australia + Sweden · dashed line = 2% neutral rate[0m
          [36m</div>[39m
          [36m<div[39m
            [33mclass[39m=[32m"mac-chart-wrap"[39m
          [36m>[39m
            [36m<div[39m
              [33mstyle[39m=[32m"height: 100%; width: 100%; min-height: 100%; min-width: 0px; position: relative; 
overflow: hidden; cursor: pointer;"[39m
            [36m/>[39m
          [36m</div>[39m
        [36m</div>[39m
      [36m</div>[39m
    [36m</div>[39m
  [36m</div>[39m
[36m</body>[39m
 ❯ Object.getElementError node_modules/@testing-library/dom/dist/config.js:37:19
 ❯ node_modules/@testing-library/dom/dist/query-helpers.js:76:38
 ❯ node_modules/@testing-library/dom/dist/query-helpers.js:109:15
 ❯ src/__tests__/globalMacro/CentralBankRates.test.jsx:26:19
     24|   it('renders 2 echarts instances', () => {
     25|     render(<CentralBankRates centralBankData={centralBankData} />);
     26|     expect(screen.getAllByTestId('echarts-mock')).toHaveLength(2);
       |                   ^
     27|   });
     28|

⎯⎯⎯⎯⎯⎯⎯⎯⎯⎯⎯⎯⎯⎯⎯⎯⎯⎯⎯⎯⎯[73/113]⎯

 FAIL  src/__tests__/globalMacro/DebtMonitor.test.jsx > DebtMonitor > renders 2 echarts instances
TestingLibraryElementError: Unable to find an element by: [data-testid="echarts-mock"]

Ignored nodes: comments, script, style
[36m<body>[39m
  [36m<div>[39m
    [36m<div[39m
      [33mclass[39m=[32m"mac-panel"[39m
    [36m>[39m
      [36m<div[39m
        [33mclass[39m=[32m"mac-panel-header"[39m
      [36m>[39m
        [36m<span[39m
          [33mclass[39m=[32m"mac-panel-title"[39m
        [36m>[39m
          [0mDebt Monitor[0m
        [36m</span>[39m
        [36m<span[39m
          [33mclass[39m=[32m"mac-panel-subtitle"[39m
        [36m>[39m
          [0m2023[0m
          [0m data — World Bank · Maastricht reference lines at 60% and 100%[0m
        [36m</span>[39m
      [36m</div>[39m
      [36m<div[39m
        [33mclass[39m=[32m"mac-kpi-strip"[39m
      [36m>[39m
        [36m<div[39m
          [33mclass[39m=[32m"mac-kpi-pill"[39m
        [36m>[39m
          [36m<span[39m
            [33mclass[39m=[32m"mac-kpi-label"[39m
          [36m>[39m
            [0mHighest Debt[0m
          [36m</span>[39m
          [36m<span[39m
            [33mclass[39m=[32m"mac-kpi-value"[39m
            [33mstyle[39m=[32m"color: rgb(239, 68, 68);"[39m
          [36m>[39m
            [0mJapan[0m
          [36m</span>[39m
          [36m<span[39m
            [33mclass[39m=[32m"mac-kpi-sub"[39m
          [36m>[39m
            [0m261[0m
            [0m% GDP[0m
          [36m</span>[39m
        [36m</div>[39m
        [36m<div[39m
          [33mclass[39m=[32m"mac-kpi-pill"[39m
        [36m>[39m
          [36m<span[39m
            [33mclass[39m=[32m"mac-kpi-label"[39m
          [36m>[39m
            [0mLargest Surplus[0m
          [36m</span>[39m
          [36m<span[39m
            [33mclass[39m=[32m"mac-kpi-value accent"[39m
          [36m>[39m
            [0mSweden[0m
          [36m</span>[39m
          [36m<span[39m
            [33mclass[39m=[32m"mac-kpi-sub"[39m
          [36m>[39m
            [0m+[0m
            [0m5.5[0m
            [0m%[0m
          [36m</span>[39m
        [36m</div>[39m
        [36m<div[39m
          [33mclass[39m=[32m"mac-kpi-pill"[39m
        [36m>[39m
          [36m<span[39m
            [33mclass[39m=[32m"mac-kpi-label"[39m
          [36m>[39m
            [0mDebt &gt; 90%[0m
          [36m</span>[39m
          [36m<span[39m
            [33mclass[39m=[32m"mac-kpi-value"[39m
            [33mstyle[39m=[32m"color: rgb(239, 68, 68);"[39m
          [36m>[39m
            [0m5[0m
          [36m</span>[39m
          [36m<span[39m
            [33mclass[39m=[32m"mac-kpi-sub"[39m
          [36m>[39m
            [0mof [0m
            [0m12[0m
          [36m</span>[39m
        [36m</div>[39m
        [36m<div[39m
          [33mclass[39m=[32m"mac-kpi-pill"[39m
        [36m>[39m
          [36m<span[39m
            [33mclass[39m=[32m"mac-kpi-label"[39m
          [36m>[39m
            [0mAvg Debt/GDP[0m
          [36m</span>[39m
          [36m<span[39m
            [33mclass[39m=[32m"mac-kpi-value accent"[39m
          [36m>[39m
            [0m94[0m
            [0m%[0m
          [36m</span>[39m
        [36m</div>[39m
      [36m</div>[39m
      [36m<div[39m
        [33mclass[39m=[32m"mac-two-col"[39m
      [36m>[39m
        [36m<div[39m
          [33mclass[39m=[32m"mac-chart-panel"[39m
        [36m>[39m
          [36m<div[39m
            [33mclass[39m=[32m"mac-chart-title"[39m
          [36m>[39m
            [0mGovernment Debt (% of GDP)[0m
          [36m</div>[39m
          [36m<div[39m
            [33mclass[39m=[32m"mac-chart-subtitle"[39m
          [36m>[39m
            [0mGreen &lt;60% · amber 60–90% · red &gt;90% (Maastricht criteria)[0m
          [36m</div>[39m
          [36m<div[39m
            [33mclass[39m=[32m"mac-chart-wrap"[39m
          [36m>[39m
            [36m<div[39m
              [33mstyle[39m=[32m"height: 100%; width: 100%; min-height: 100%; min-width: 0px; position: relative; 
overflow: hidden; cursor: pointer;"[39m
            [36m/>[39m
          [36m</div>[39m
        [36m</div>[39m
        [36m<div[39m
          [33mclass[39m=[32m"mac-chart-panel"[39m
        [36m>[39m
          [36m<div[39m
            [33mclass[39m=[32m"mac-chart-title"[39m
          [36m>[39m
            [0mCurrent Account Balance (% of GDP)[0m
          [36m</div>[39m
          [36m<div[39m
            [33mclass[39m=[32m"mac-chart-subtitle"[39m
          [36m>[39m
            [0mTeal = surplus · red = deficit · sorted surplus to deficit[0m
          [36m</div>[39m
          [36m<div[39m
            [33mclass[39m=[32m"mac-chart-wrap"[39m
          [36m>[39m
            [36m<div[39m
              [33mstyle[39m=[32m"height: 100%; width: 100%; min-height: 100%; min-width: 0px; position: relative; 
overflow: hidden; cursor: pointer;"[39m
            [36m/>[39m
          [36m</div>[39m
        [36m</div>[39m
      [36m</div>[39m
      [36m<div[39m
        [33mclass[39m=[32m"mac-panel-footer"[39m
      [36m>[39m
        [0mSource: World Bank · Annual data · CA positive = capital exporter, negative = importer · Yield spread: 
FRED T10Y2Y[0m
      [36m</div>[39m
    [36m</div>[39m
  [36m</div>[39m
[36m</body>[39m
 ❯ Object.getElementError node_modules/@testing-library/dom/dist/config.js:37:19
 ❯ node_modules/@testing-library/dom/dist/query-helpers.js:76:38
 ❯ node_modules/@testing-library/dom/dist/query-helpers.js:109:15
 ❯ src/__tests__/globalMacro/DebtMonitor.test.jsx:26:19
     24|   it('renders 2 echarts instances', () => {
     25|     render(<DebtMonitor debtData={debtData} />);
     26|     expect(screen.getAllByTestId('echarts-mock')).toHaveLength(2);
       |                   ^
     27|   });
     28|

⎯⎯⎯⎯⎯⎯⎯⎯⎯⎯⎯⎯⎯⎯⎯⎯⎯⎯⎯⎯⎯[74/113]⎯

 FAIL  src/__tests__/globalMacro/GlobalMacroMarket.test.jsx > GlobalMacroMarket > renders unified dashboard after 
loading
TestingLibraryElementError: Unable to find an element with the text: /country scorecard/i. This could be because the 
text is broken up by multiple elements. In this case, you can provide a function for your text matcher to make your 
matcher more flexible.

Ignored nodes: comments, script, style
[36m<body>[39m
  [36m<div>[39m
    [36m<div[39m
      [33mclass[39m=[32m"skeleton-market"[39m
    [36m>[39m
      [36m<div[39m
        [33mclass[39m=[32m"skeleton-header"[39m
      [36m>[39m
        [36m<div[39m
          [33mclass[39m=[32m"skeleton skeleton-tab"[39m
        [36m/>[39m
        [36m<div[39m
          [33mclass[39m=[32m"skeleton skeleton-tab"[39m
        [36m/>[39m
        [36m<div[39m
          [33mclass[39m=[32m"skeleton skeleton-tab"[39m
        [36m/>[39m
        [36m<div[39m
          [33mclass[39m=[32m"skeleton skeleton-tab"[39m
        [36m/>[39m
      [36m</div>[39m
      [36m<div[39m
        [33mclass[39m=[32m"skeleton skeleton-status"[39m
      [36m/>[39m
      [36m<div[39m
        [33mclass[39m=[32m"skeleton-kpi-strip"[39m
      [36m>[39m
        [36m<div[39m
          [33mclass[39m=[32m"skeleton skeleton-kpi"[39m
        [36m/>[39m
        [36m<div[39m
          [33mclass[39m=[32m"skeleton skeleton-kpi"[39m
        [36m/>[39m
        [36m<div[39m
          [33mclass[39m=[32m"skeleton skeleton-kpi"[39m
        [36m/>[39m
        [36m<div[39m
          [33mclass[39m=[32m"skeleton skeleton-kpi"[39m
        [36m/>[39m
      [36m</div>[39m
      [36m<div[39m
        [33mclass[39m=[32m"skeleton-row"[39m
      [36m>[39m
        [36m<div[39m
          [33mclass[39m=[32m"skeleton skeleton-chart"[39m
        [36m/>[39m
        [36m<div[39m
          [33mclass[39m=[32m"skeleton skeleton-chart"[39m
        [36m/>[39m
      [36m</div>[39m
      [36m<div[39m
        [33mclass[39m=[32m"skeleton skeleton-table"[39m
      [36m/>[39m
      [36m<div[39m
        [33mclass[39m=[32m"skeleton skeleton-footer"[39m
      [36m/>[39m
    [36m</div>[39m
  [36m</div>[39m
[36m</body>[39m
 ❯ Object.getElementError node_modules/@testing-library/dom/dist/config.js:37:19
 ❯ node_modules/@testing-library/dom/dist/query-helpers.js:76:38
 ❯ node_modules/@testing-library/dom/dist/query-helpers.js:52:17
 ❯ node_modules/@testing-library/dom/dist/query-helpers.js:95:19
 ❯ src/__tests__/globalMacro/GlobalMacroMarket.test.jsx:16:19
     14|     await waitFor(() => expect(screen.queryByText(/loading/i)).not.toB…
     15|     // Dashboard shows country scorecard section
     16|     expect(screen.getByText(/country scorecard/i)).toBeInTheDocument();
       |                   ^
     17|   });
     18|

⎯⎯⎯⎯⎯⎯⎯⎯⎯⎯⎯⎯⎯⎯⎯⎯⎯⎯⎯⎯⎯[75/113]⎯

 FAIL  src/__tests__/globalMacro/GlobalMacroMarket.test.jsx > GlobalMacroMarket > shows KPI strip with global metrics
TestingLibraryElementError: Unable to find an element with the text: /g7 gdp/i. This could be because the text is 
broken up by multiple elements. In this case, you can provide a function for your text matcher to make your matcher 
more flexible.

Ignored nodes: comments, script, style
[36m<body>[39m
  [36m<div>[39m
    [36m<div[39m
      [33mclass[39m=[32m"skeleton-market"[39m
    [36m>[39m
      [36m<div[39m
        [33mclass[39m=[32m"skeleton-header"[39m
      [36m>[39m
        [36m<div[39m
          [33mclass[39m=[32m"skeleton skeleton-tab"[39m
        [36m/>[39m
        [36m<div[39m
          [33mclass[39m=[32m"skeleton skeleton-tab"[39m
        [36m/>[39m
        [36m<div[39m
          [33mclass[39m=[32m"skeleton skeleton-tab"[39m
        [36m/>[39m
        [36m<div[39m
          [33mclass[39m=[32m"skeleton skeleton-tab"[39m
        [36m/>[39m
      [36m</div>[39m
      [36m<div[39m
        [33mclass[39m=[32m"skeleton skeleton-status"[39m
      [36m/>[39m
      [36m<div[39m
        [33mclass[39m=[32m"skeleton-kpi-strip"[39m
      [36m>[39m
        [36m<div[39m
          [33mclass[39m=[32m"skeleton skeleton-kpi"[39m
        [36m/>[39m
        [36m<div[39m
          [33mclass[39m=[32m"skeleton skeleton-kpi"[39m
        [36m/>[39m
        [36m<div[39m
          [33mclass[39m=[32m"skeleton skeleton-kpi"[39m
        [36m/>[39m
        [36m<div[39m
          [33mclass[39m=[32m"skeleton skeleton-kpi"[39m
        [36m/>[39m
      [36m</div>[39m
      [36m<div[39m
        [33mclass[39m=[32m"skeleton-row"[39m
      [36m>[39m
        [36m<div[39m
          [33mclass[39m=[32m"skeleton skeleton-chart"[39m
        [36m/>[39m
        [36m<div[39m
          [33mclass[39m=[32m"skeleton skeleton-chart"[39m
        [36m/>[39m
      [36m</div>[39m
      [36m<div[39m
        [33mclass[39m=[32m"skeleton skeleton-table"[39m
      [36m/>[39m
      [36m<div[39m
        [33mclass[39m=[32m"skeleton skeleton-footer"[39m
      [36m/>[39m
    [36m</div>[39m
  [36m</div>[39m
[36m</body>[39m
 ❯ Object.getElementError node_modules/@testing-library/dom/dist/config.js:37:19
 ❯ node_modules/@testing-library/dom/dist/query-helpers.js:76:38
 ❯ node_modules/@testing-library/dom/dist/query-helpers.js:52:17
 ❯ node_modules/@testing-library/dom/dist/query-helpers.js:95:19
 ❯ src/__tests__/globalMacro/GlobalMacroMarket.test.jsx:23:19
     21|     await waitFor(() => expect(screen.queryByText(/loading/i)).not.toB…
     22|     // KPI strip shows key indicators
     23|     expect(screen.getByText(/g7 gdp/i)).toBeInTheDocument();
       |                   ^
     24|     expect(screen.getByText(/global cpi/i)).toBeInTheDocument();
     25|   });

⎯⎯⎯⎯⎯⎯⎯⎯⎯⎯⎯⎯⎯⎯⎯⎯⎯⎯⎯⎯⎯[76/113]⎯

 FAIL  src/__tests__/globalMacro/GlobalMacroMarket.test.jsx > GlobalMacroMarket > shows compact scorecard table with 
countries
TestingLibraryElementError: Unable to find an element with the text: GDP. This could be because the text is broken up 
by multiple elements. In this case, you can provide a function for your text matcher to make your matcher more 
flexible.

Ignored nodes: comments, script, style
[36m<body>[39m
  [36m<div>[39m
    [36m<div[39m
      [33mclass[39m=[32m"skeleton-market"[39m
    [36m>[39m
      [36m<div[39m
        [33mclass[39m=[32m"skeleton-header"[39m
      [36m>[39m
        [36m<div[39m
          [33mclass[39m=[32m"skeleton skeleton-tab"[39m
        [36m/>[39m
        [36m<div[39m
          [33mclass[39m=[32m"skeleton skeleton-tab"[39m
        [36m/>[39m
        [36m<div[39m
          [33mclass[39m=[32m"skeleton skeleton-tab"[39m
        [36m/>[39m
        [36m<div[39m
          [33mclass[39m=[32m"skeleton skeleton-tab"[39m
        [36m/>[39m
      [36m</div>[39m
      [36m<div[39m
        [33mclass[39m=[32m"skeleton skeleton-status"[39m
      [36m/>[39m
      [36m<div[39m
        [33mclass[39m=[32m"skeleton-kpi-strip"[39m
      [36m>[39m
        [36m<div[39m
          [33mclass[39m=[32m"skeleton skeleton-kpi"[39m
        [36m/>[39m
        [36m<div[39m
          [33mclass[39m=[32m"skeleton skeleton-kpi"[39m
        [36m/>[39m
        [36m<div[39m
          [33mclass[39m=[32m"skeleton skeleton-kpi"[39m
        [36m/>[39m
        [36m<div[39m
          [33mclass[39m=[32m"skeleton skeleton-kpi"[39m
        [36m/>[39m
      [36m</div>[39m
      [36m<div[39m
        [33mclass[39m=[32m"skeleton-row"[39m
      [36m>[39m
        [36m<div[39m
          [33mclass[39m=[32m"skeleton skeleton-chart"[39m
        [36m/>[39m
        [36m<div[39m
          [33mclass[39m=[32m"skeleton skeleton-chart"[39m
        [36m/>[39m
      [36m</div>[39m
      [36m<div[39m
        [33mclass[39m=[32m"skeleton skeleton-table"[39m
      [36m/>[39m
      [36m<div[39m
        [33mclass[39m=[32m"skeleton skeleton-footer"[39m
      [36m/>[39m
    [36m</div>[39m
  [36m</div>[39m
[36m</body>[39m
 ❯ Object.getElementError node_modules/@testing-library/dom/dist/config.js:37:19
 ❯ node_modules/@testing-library/dom/dist/query-helpers.js:76:38
 ❯ node_modules/@testing-library/dom/dist/query-helpers.js:52:17
 ❯ node_modules/@testing-library/dom/dist/query-helpers.js:95:19
 ❯ src/__tests__/globalMacro/GlobalMacroMarket.test.jsx:31:19
     29|     await waitFor(() => expect(screen.queryByText(/loading/i)).not.toB…
     30|     // Scorecard shows country flags and metrics
     31|     expect(screen.getByText('GDP')).toBeInTheDocument();
       |                   ^
     32|     expect(screen.getByText('CPI')).toBeInTheDocument();
     33|   });

⎯⎯⎯⎯⎯⎯⎯⎯⎯⎯⎯⎯⎯⎯⎯⎯⎯⎯⎯⎯⎯[77/113]⎯

 FAIL  src/__tests__/globalMacro/GlobalMacroMarket.test.jsx > GlobalMacroMarket > shows chart panels with GDP, CPI, 
Rates, Debt
TestingLibraryElementError: Unable to find an element with the text: /gdp growth/i. This could be because the text is 
broken up by multiple elements. In this case, you can provide a function for your text matcher to make your matcher 
more flexible.

Ignored nodes: comments, script, style
[36m<body>[39m
  [36m<div>[39m
    [36m<div[39m
      [33mclass[39m=[32m"skeleton-market"[39m
    [36m>[39m
      [36m<div[39m
        [33mclass[39m=[32m"skeleton-header"[39m
      [36m>[39m
        [36m<div[39m
          [33mclass[39m=[32m"skeleton skeleton-tab"[39m
        [36m/>[39m
        [36m<div[39m
          [33mclass[39m=[32m"skeleton skeleton-tab"[39m
        [36m/>[39m
        [36m<div[39m
          [33mclass[39m=[32m"skeleton skeleton-tab"[39m
        [36m/>[39m
        [36m<div[39m
          [33mclass[39m=[32m"skeleton skeleton-tab"[39m
        [36m/>[39m
      [36m</div>[39m
      [36m<div[39m
        [33mclass[39m=[32m"skeleton skeleton-status"[39m
      [36m/>[39m
      [36m<div[39m
        [33mclass[39m=[32m"skeleton-kpi-strip"[39m
      [36m>[39m
        [36m<div[39m
          [33mclass[39m=[32m"skeleton skeleton-kpi"[39m
        [36m/>[39m
        [36m<div[39m
          [33mclass[39m=[32m"skeleton skeleton-kpi"[39m
        [36m/>[39m
        [36m<div[39m
          [33mclass[39m=[32m"skeleton skeleton-kpi"[39m
        [36m/>[39m
        [36m<div[39m
          [33mclass[39m=[32m"skeleton skeleton-kpi"[39m
        [36m/>[39m
      [36m</div>[39m
      [36m<div[39m
        [33mclass[39m=[32m"skeleton-row"[39m
      [36m>[39m
        [36m<div[39m
          [33mclass[39m=[32m"skeleton skeleton-chart"[39m
        [36m/>[39m
        [36m<div[39m
          [33mclass[39m=[32m"skeleton skeleton-chart"[39m
        [36m/>[39m
      [36m</div>[39m
      [36m<div[39m
        [33mclass[39m=[32m"skeleton skeleton-table"[39m
      [36m/>[39m
      [36m<div[39m
        [33mclass[39m=[32m"skeleton skeleton-footer"[39m
      [36m/>[39m
    [36m</div>[39m
  [36m</div>[39m
[36m</body>[39m
 ❯ Object.getElementError node_modules/@testing-library/dom/dist/config.js:37:19
 ❯ node_modules/@testing-library/dom/dist/query-helpers.js:76:38
 ❯ node_modules/@testing-library/dom/dist/query-helpers.js:52:17
 ❯ node_modules/@testing-library/dom/dist/query-helpers.js:95:19
 ❯ src/__tests__/globalMacro/GlobalMacroMarket.test.jsx:39:19
     37|     await waitFor(() => expect(screen.queryByText(/loading/i)).not.toB…
     38|     // Chart panels are visible
     39|     expect(screen.getByText(/gdp growth/i)).toBeInTheDocument();
       |                   ^
     40|     expect(screen.getByText(/cpi inflation/i)).toBeInTheDocument();
     41|     expect(screen.getByText(/policy rates/i)).toBeInTheDocument();

⎯⎯⎯⎯⎯⎯⎯⎯⎯⎯⎯⎯⎯⎯⎯⎯⎯⎯⎯⎯⎯[78/113]⎯

 FAIL  src/__tests__/globalMacro/GlobalMacroMarket.test.jsx > GlobalMacroMarket > shows economic activity panel with 
CFNAI and OECD CLI
TestingLibraryElementError: Unable to find an element with the text: /economic activity/i. This could be because the 
text is broken up by multiple elements. In this case, you can provide a function for your text matcher to make your 
matcher more flexible.

Ignored nodes: comments, script, style
[36m<body>[39m
  [36m<div>[39m
    [36m<div[39m
      [33mclass[39m=[32m"skeleton-market"[39m
    [36m>[39m
      [36m<div[39m
        [33mclass[39m=[32m"skeleton-header"[39m
      [36m>[39m
        [36m<div[39m
          [33mclass[39m=[32m"skeleton skeleton-tab"[39m
        [36m/>[39m
        [36m<div[39m
          [33mclass[39m=[32m"skeleton skeleton-tab"[39m
        [36m/>[39m
        [36m<div[39m
          [33mclass[39m=[32m"skeleton skeleton-tab"[39m
        [36m/>[39m
        [36m<div[39m
          [33mclass[39m=[32m"skeleton skeleton-tab"[39m
        [36m/>[39m
      [36m</div>[39m
      [36m<div[39m
        [33mclass[39m=[32m"skeleton skeleton-status"[39m
      [36m/>[39m
      [36m<div[39m
        [33mclass[39m=[32m"skeleton-kpi-strip"[39m
      [36m>[39m
        [36m<div[39m
          [33mclass[39m=[32m"skeleton skeleton-kpi"[39m
        [36m/>[39m
        [36m<div[39m
          [33mclass[39m=[32m"skeleton skeleton-kpi"[39m
        [36m/>[39m
        [36m<div[39m
          [33mclass[39m=[32m"skeleton skeleton-kpi"[39m
        [36m/>[39m
        [36m<div[39m
          [33mclass[39m=[32m"skeleton skeleton-kpi"[39m
        [36m/>[39m
      [36m</div>[39m
      [36m<div[39m
        [33mclass[39m=[32m"skeleton-row"[39m
      [36m>[39m
        [36m<div[39m
          [33mclass[39m=[32m"skeleton skeleton-chart"[39m
        [36m/>[39m
        [36m<div[39m
          [33mclass[39m=[32m"skeleton skeleton-chart"[39m
        [36m/>[39m
      [36m</div>[39m
      [36m<div[39m
        [33mclass[39m=[32m"skeleton skeleton-table"[39m
      [36m/>[39m
      [36m<div[39m
        [33mclass[39m=[32m"skeleton skeleton-footer"[39m
      [36m/>[39m
    [36m</div>[39m
  [36m</div>[39m
[36m</body>[39m
 ❯ Object.getElementError node_modules/@testing-library/dom/dist/config.js:37:19
 ❯ node_modules/@testing-library/dom/dist/query-helpers.js:76:38
 ❯ node_modules/@testing-library/dom/dist/query-helpers.js:52:17
 ❯ node_modules/@testing-library/dom/dist/query-helpers.js:95:19
 ❯ src/__tests__/globalMacro/GlobalMacroMarket.test.jsx:48:19
     46|     render(<GlobalMacroMarket />);
     47|     await waitFor(() => expect(screen.queryByText(/loading/i)).not.toB…
     48|     expect(screen.getByText(/economic activity/i)).toBeInTheDocument();
       |                   ^
     49|     expect(screen.getByText(/oecd leading/i)).toBeInTheDocument();
     50|   });

⎯⎯⎯⎯⎯⎯⎯⎯⎯⎯⎯⎯⎯⎯⎯⎯⎯⎯⎯⎯⎯[79/113]⎯

 FAIL  src/__tests__/globalMacro/GlobalMacroMarket.test.jsx > GlobalMacroMarket > shows mock data status when server 
unavailable
TestingLibraryElementError: Unable to find an element with the text: /mock data/i. This could be because the text is 
broken up by multiple elements. In this case, you can provide a function for your text matcher to make your matcher 
more flexible.

Ignored nodes: comments, script, style
[36m<body>[39m
  [36m<div>[39m
    [36m<div[39m
      [33mclass[39m=[32m"skeleton-market"[39m
    [36m>[39m
      [36m<div[39m
        [33mclass[39m=[32m"skeleton-header"[39m
      [36m>[39m
        [36m<div[39m
          [33mclass[39m=[32m"skeleton skeleton-tab"[39m
        [36m/>[39m
        [36m<div[39m
          [33mclass[39m=[32m"skeleton skeleton-tab"[39m
        [36m/>[39m
        [36m<div[39m
          [33mclass[39m=[32m"skeleton skeleton-tab"[39m
        [36m/>[39m
        [36m<div[39m
          [33mclass[39m=[32m"skeleton skeleton-tab"[39m
        [36m/>[39m
      [36m</div>[39m
      [36m<div[39m
        [33mclass[39m=[32m"skeleton skeleton-status"[39m
      [36m/>[39m
      [36m<div[39m
        [33mclass[39m=[32m"skeleton-kpi-strip"[39m
      [36m>[39m
        [36m<div[39m
          [33mclass[39m=[32m"skeleton skeleton-kpi"[39m
        [36m/>[39m
        [36m<div[39m
          [33mclass[39m=[32m"skeleton skeleton-kpi"[39m
        [36m/>[39m
        [36m<div[39m
          [33mclass[39m=[32m"skeleton skeleton-kpi"[39m
        [36m/>[39m
        [36m<div[39m
          [33mclass[39m=[32m"skeleton skeleton-kpi"[39m
        [36m/>[39m
      [36m</div>[39m
      [36m<div[39m
        [33mclass[39m=[32m"skeleton-row"[39m
      [36m>[39m
        [36m<div[39m
          [33mclass[39m=[32m"skeleton skeleton-chart"[39m
        [36m/>[39m
        [36m<div[39m
          [33mclass[39m=[32m"skeleton skeleton-chart"[39m
        [36m/>[39m
      [36m</div>[39m
      [36m<div[39m
        [33mclass[39m=[32m"skeleton skeleton-table"[39m
      [36m/>[39m
      [36m<div[39m
        [33mclass[39m=[32m"skeleton skeleton-footer"[39m
      [36m/>[39m
    [36m</div>[39m
  [36m</div>[39m
[36m</body>[39m
 ❯ Object.getElementError node_modules/@testing-library/dom/dist/config.js:37:19
 ❯ node_modules/@testing-library/dom/dist/query-helpers.js:76:38
 ❯ node_modules/@testing-library/dom/dist/query-helpers.js:109:15
 ❯ src/__tests__/globalMacro/GlobalMacroMarket.test.jsx:55:19
     53|     render(<GlobalMacroMarket />);
     54|     await waitFor(() => expect(screen.queryByText(/loading/i)).not.toB…
     55|     expect(screen.getAllByText(/mock data/i).length).toBeGreaterThan(0…
       |                   ^
     56|   });
     57|

⎯⎯⎯⎯⎯⎯⎯⎯⎯⎯⎯⎯⎯⎯⎯⎯⎯⎯⎯⎯⎯[80/113]⎯

 FAIL  src/__tests__/globalMacro/GlobalMacroMarket.test.jsx > GlobalMacroMarket > shows country detail panel on row 
click
AssertionError: expected 0 to be greater than 0
 ❯ src/__tests__/globalMacro/GlobalMacroMarket.test.jsx:63:34
     61|     // Scorecard rows are clickable - verify they exist
     62|     const scorecardRows = document.querySelectorAll('.mac-scorecard-ro…
     63|     expect(scorecardRows.length).toBeGreaterThan(0);
       |                                  ^
     64|   });
     65| });

⎯⎯⎯⎯⎯⎯⎯⎯⎯⎯⎯⎯⎯⎯⎯⎯⎯⎯⎯⎯⎯[81/113]⎯

 FAIL  src/__tests__/globalMacro/GrowthInflation.test.jsx > GrowthInflation > renders 2 echarts instances
TestingLibraryElementError: Unable to find an element by: [data-testid="echarts-mock"]

Ignored nodes: comments, script, style
[36m<body>[39m
  [36m<div>[39m
    [36m<div[39m
      [33mclass[39m=[32m"mac-panel"[39m
    [36m>[39m
      [36m<div[39m
        [33mclass[39m=[32m"mac-panel-header"[39m
      [36m>[39m
        [36m<span[39m
          [33mclass[39m=[32m"mac-panel-title"[39m
        [36m>[39m
          [0mGrowth & Inflation[0m
        [36m</span>[39m
        [36m<span[39m
          [33mclass[39m=[32m"mac-panel-subtitle"[39m
        [36m>[39m
          [0m2023[0m
          [0m annual data — World Bank[0m
        [36m</span>[39m
      [36m</div>[39m
      [36m<div[39m
        [33mclass[39m=[32m"mac-kpi-strip"[39m
      [36m>[39m
        [36m<div[39m
          [33mclass[39m=[32m"mac-kpi-pill"[39m
        [36m>[39m
          [36m<span[39m
            [33mclass[39m=[32m"mac-kpi-label"[39m
          [36m>[39m
            [0mFastest Growing[0m
          [36m</span>[39m
          [36m<span[39m
            [33mclass[39m=[32m"mac-kpi-value accent"[39m
          [36m>[39m
            [0mIndia[0m
          [36m</span>[39m
          [36m<span[39m
            [33mclass[39m=[32m"mac-kpi-sub"[39m
          [36m>[39m
            [0m8.2[0m
            [0m%[0m
          [36m</span>[39m
        [36m</div>[39m
        [36m<div[39m
          [33mclass[39m=[32m"mac-kpi-pill"[39m
        [36m>[39m
          [36m<span[39m
            [33mclass[39m=[32m"mac-kpi-label"[39m
          [36m>[39m
            [0mLowest CPI[0m
          [36m</span>[39m
          [36m<span[39m
            [33mclass[39m=[32m"mac-kpi-value accent"[39m
          [36m>[39m
            [0mChina[0m
          [36m</span>[39m
          [36m<span[39m
            [33mclass[39m=[32m"mac-kpi-sub"[39m
          [36m>[39m
            [0m0.2[0m
            [0m%[0m
          [36m</span>[39m
        [36m</div>[39m
        [36m<div[39m
          [33mclass[39m=[32m"mac-kpi-pill"[39m
        [36m>[39m
          [36m<span[39m
            [33mclass[39m=[32m"mac-kpi-label"[39m
          [36m>[39m
            [0mAbove 2% Target[0m
          [36m</span>[39m
          [36m<span[39m
            [33mclass[39m=[32m"mac-kpi-value"[39m
            [33mstyle[39m=[32m"color: rgb(239, 68, 68);"[39m
          [36m>[39m
            [0m11[0m
          [36m</span>[39m
          [36m<span[39m
            [33mclass[39m=[32m"mac-kpi-sub"[39m
          [36m>[39m
            [0mof [0m
            [0m12[0m
          [36m</span>[39m
        [36m</div>[39m
        [36m<div[39m
          [33mclass[39m=[32m"mac-kpi-pill"[39m
        [36m>[39m
          [36m<span[39m
            [33mclass[39m=[32m"mac-kpi-label"[39m
          [36m>[39m
            [0mAdv−EM GDP Gap[0m
          [36m</span>[39m
          [36m<span[39m
            [33mclass[39m=[32m"mac-kpi-value negative"[39m
          [36m>[39m
            [0m-3.0[0m
            [0mpp[0m
          [36m</span>[39m
        [36m</div>[39m
      [36m</div>[39m
      [36m<div[39m
        [33mclass[39m=[32m"mac-two-col"[39m
      [36m>[39m
        [36m<div[39m
          [33mclass[39m=[32m"mac-chart-panel"[39m
        [36m>[39m
          [36m<div[39m
            [33mclass[39m=[32m"mac-chart-title"[39m
          [36m>[39m
            [0mGDP Growth (%)[0m
          [36m</div>[39m
          [36m<div[39m
            [33mclass[39m=[32m"mac-chart-subtitle"[39m
          [36m>[39m
            [0mRanked highest to lowest · teal = positive · red = contraction[0m
          [36m</div>[39m
          [36m<div[39m
            [33mclass[39m=[32m"mac-chart-wrap"[39m
          [36m>[39m
            [36m<div[39m
              [33mstyle[39m=[32m"height: 100%; width: 100%; min-height: 100%; min-width: 0px; position: relative; 
overflow: hidden; cursor: pointer;"[39m
            [36m/>[39m
          [36m</div>[39m
        [36m</div>[39m
        [36m<div[39m
          [33mclass[39m=[32m"mac-chart-panel"[39m
        [36m>[39m
          [36m<div[39m
            [33mclass[39m=[32m"mac-chart-title"[39m
          [36m>[39m
            [0mCPI Inflation (%)[0m
          [36m</div>[39m
          [36m<div[39m
            [33mclass[39m=[32m"mac-chart-subtitle"[39m
          [36m>[39m
            [0mRanked highest to lowest · teal = on target (1–3%) · amber = elevated · red = high[0m
          [36m</div>[39m
          [36m<div[39m
            [33mclass[39m=[32m"mac-chart-wrap"[39m
          [36m>[39m
            [36m<div[39m
              [33mstyle[39m=[32m"height: 100%; width: 100%; min-height: 100%; min-width: 0px; position: relative; 
overflow: hidden; cursor: pointer;"[39m
            [36m/>[39m
          [36m</div>[39m
        [36m</div>[39m
      [36m</div>[39m
    [36m</div>[39m
  [36m</div>[39m
[36m</body>[39m
 ❯ Object.getElementError node_modules/@testing-library/dom/dist/config.js:37:19
 ❯ node_modules/@testing-library/dom/dist/query-helpers.js:76:38
 ❯ node_modules/@testing-library/dom/dist/query-helpers.js:109:15
 ❯ src/__tests__/globalMacro/GrowthInflation.test.jsx:31:19
     29|   it('renders 2 echarts instances', () => {
     30|     render(<GrowthInflation growthInflationData={growthInflationData} …
     31|     expect(screen.getAllByTestId('echarts-mock')).toHaveLength(2);
       |                   ^
     32|   });
     33| });

⎯⎯⎯⎯⎯⎯⎯⎯⎯⎯⎯⎯⎯⎯⎯⎯⎯⎯⎯⎯⎯[82/113]⎯

 FAIL  src/__tests__/globalMacro/useGlobalMacroData.test.js > useGlobalMacroData > returns scorecardData with 12 
countries on mock fallback
AssertionError: Target cannot be null or undefined.
 ❯ src/__tests__/globalMacro/useGlobalMacroData.test.js:16:42
     14|     const { result } = renderHook(() => useGlobalMacroData());
     15|     await waitFor(() => expect(result.current.isLoading).toBe(false));
     16|     expect(result.current.scorecardData).toHaveLength(12);
       |                                          ^
     17|     expect(result.current.scorecardData[0]).toMatchObject({
     18|       code: expect.any(String),

⎯⎯⎯⎯⎯⎯⎯⎯⎯⎯⎯⎯⎯⎯⎯⎯⎯⎯⎯⎯⎯[83/113]⎯

 FAIL  src/__tests__/globalMacro/useGlobalMacroData.test.js > useGlobalMacroData > returns growthInflationData with 
year and 12 countries on mock fallback
TypeError: Cannot read properties of null (reading 'year')
 ❯ src/__tests__/globalMacro/useGlobalMacroData.test.js:29:47
     27|     const { result } = renderHook(() => useGlobalMacroData());
     28|     await waitFor(() => expect(result.current.isLoading).toBe(false));
     29|     expect(result.current.growthInflationData.year).toBeGreaterThan(20…
       |                                               ^
     30|     expect(result.current.growthInflationData.countries).toHaveLength(…
     31|   });

⎯⎯⎯⎯⎯⎯⎯⎯⎯⎯⎯⎯⎯⎯⎯⎯⎯⎯⎯⎯⎯[84/113]⎯

 FAIL  src/__tests__/globalMacro/useGlobalMacroData.test.js > useGlobalMacroData > returns centralBankData with 12 
current rates and 7 history series on mock fallback
TypeError: Cannot read properties of null (reading 'current')
 ❯ src/__tests__/globalMacro/useGlobalMacroData.test.js:37:43
     35|     const { result } = renderHook(() => useGlobalMacroData());
     36|     await waitFor(() => expect(result.current.isLoading).toBe(false));
     37|     expect(result.current.centralBankData.current).toHaveLength(12);
       |                                           ^
     38|     expect(result.current.centralBankData.history.series).toHaveLength…
     39|     expect(result.current.centralBankData.history.dates).toHaveLength(…

⎯⎯⎯⎯⎯⎯⎯⎯⎯⎯⎯⎯⎯⎯⎯⎯⎯⎯⎯⎯⎯[85/113]⎯

 FAIL  src/__tests__/globalMacro/useGlobalMacroData.test.js > useGlobalMacroData > returns debtData with 12 countries 
on mock fallback
TypeError: Cannot read properties of null (reading 'countries')
 ❯ src/__tests__/globalMacro/useGlobalMacroData.test.js:46:36
     44|     const { result } = renderHook(() => useGlobalMacroData());
     45|     await waitFor(() => expect(result.current.isLoading).toBe(false));
     46|     expect(result.current.debtData.countries).toHaveLength(12);
       |                                    ^
     47|     expect(result.current.debtData.countries[0]).toMatchObject({
     48|       code: expect.any(String),

⎯⎯⎯⎯⎯⎯⎯⎯⎯⎯⎯⎯⎯⎯⎯⎯⎯⎯⎯⎯⎯[86/113]⎯

 FAIL  src/__tests__/globalMacro/useGlobalMacroData.test.js > useGlobalMacroData > sets isLive true and replaces data 
when server responds with sufficient data
AssertionError: expected '2026-04-04 19:14:46' to be '2026-04-04' // Object.is equality

Expected: "2026-04-04"
Received: "2026-04-04 19:14:46"

 ❯ src/__tests__/globalMacro/useGlobalMacroData.test.js:77:40
     75|     const { result } = renderHook(() => useGlobalMacroData());
     76|     await waitFor(() => expect(result.current.isLive).toBe(true));
     77|     expect(result.current.lastUpdated).toBe('2026-04-04');
       |                                        ^
     78|     expect(result.current.scorecardData[0].code).toBe('C0');
     79|   });

⎯⎯⎯⎯⎯⎯⎯⎯⎯⎯⎯⎯⎯⎯⎯⎯⎯⎯⎯⎯⎯[87/113]⎯

 FAIL  src/__tests__/globalMacro/useGlobalMacroData.test.js > useGlobalMacroData > guard: does not apply live data 
when scorecardData length < 8
AssertionError: expected [ { code: 'US', …(8) } ] to have a length of 12 but got 1

- Expected
+ Received

- 12
+ 1

 ❯ src/__tests__/globalMacro/useGlobalMacroData.test.js:99:42
     97|     await waitFor(() => expect(result.current.isLoading).toBe(false));
     98|     // scorecardData guard (< 8) prevents replacement — should keep 12…
     99|     expect(result.current.scorecardData).toHaveLength(12);
       |                                          ^
    100|     expect(result.current.isLive).toBe(false); // no dataset replaced,…
    101|   });

⎯⎯⎯⎯⎯⎯⎯⎯⎯⎯⎯⎯⎯⎯⎯⎯⎯⎯⎯⎯⎯[88/113]⎯

 FAIL  src/__tests__/insurance/InsuranceMarket.test.jsx > InsuranceMarket > renders unified dashboard after loading
TestingLibraryElementError: Unable to find an element with the text: Combined Ratio. This could be because the text is 
broken up by multiple elements. In this case, you can provide a function for your text matcher to make your matcher 
more flexible.

Ignored nodes: comments, script, style
[36m<body>[39m
  [36m<div>[39m
    [36m<div[39m
      [33mclass[39m=[32m"skeleton-market"[39m
    [36m>[39m
      [36m<div[39m
        [33mclass[39m=[32m"skeleton-header"[39m
      [36m>[39m
        [36m<div[39m
          [33mclass[39m=[32m"skeleton skeleton-tab"[39m
        [36m/>[39m
        [36m<div[39m
          [33mclass[39m=[32m"skeleton skeleton-tab"[39m
        [36m/>[39m
        [36m<div[39m
          [33mclass[39m=[32m"skeleton skeleton-tab"[39m
        [36m/>[39m
        [36m<div[39m
          [33mclass[39m=[32m"skeleton skeleton-tab"[39m
        [36m/>[39m
      [36m</div>[39m
      [36m<div[39m
        [33mclass[39m=[32m"skeleton skeleton-status"[39m
      [36m/>[39m
      [36m<div[39m
        [33mclass[39m=[32m"skeleton-kpi-strip"[39m
      [36m>[39m
        [36m<div[39m
          [33mclass[39m=[32m"skeleton skeleton-kpi"[39m
        [36m/>[39m
        [36m<div[39m
          [33mclass[39m=[32m"skeleton skeleton-kpi"[39m
        [36m/>[39m
        [36m<div[39m
          [33mclass[39m=[32m"skeleton skeleton-kpi"[39m
        [36m/>[39m
        [36m<div[39m
          [33mclass[39m=[32m"skeleton skeleton-kpi"[39m
        [36m/>[39m
      [36m</div>[39m
      [36m<div[39m
        [33mclass[39m=[32m"skeleton-row"[39m
      [36m>[39m
        [36m<div[39m
          [33mclass[39m=[32m"skeleton skeleton-chart"[39m
        [36m/>[39m
        [36m<div[39m
          [33mclass[39m=[32m"skeleton skeleton-chart"[39m
        [36m/>[39m
      [36m</div>[39m
      [36m<div[39m
        [33mclass[39m=[32m"skeleton skeleton-table"[39m
      [36m/>[39m
      [36m<div[39m
        [33mclass[39m=[32m"skeleton skeleton-footer"[39m
      [36m/>[39m
    [36m</div>[39m
  [36m</div>[39m
[36m</body>[39m
 ❯ Object.getElementError node_modules/@testing-library/dom/dist/config.js:37:19
 ❯ node_modules/@testing-library/dom/dist/query-helpers.js:76:38
 ❯ node_modules/@testing-library/dom/dist/query-helpers.js:109:15
 ❯ src/__tests__/insurance/InsuranceMarket.test.jsx:16:42
     14|     await waitFor(() => expect(screen.queryByText(/loading/i)).not.toB…
     15|     // Dashboard shows sidebar with Combined Ratio section
     16|     const combinedRatioSections = screen.getAllByText('Combined Ratio'…
       |                                          ^
     17|     expect(combinedRatioSections.length).toBeGreaterThan(0);
     18|   });

⎯⎯⎯⎯⎯⎯⎯⎯⎯⎯⎯⎯⎯⎯⎯⎯⎯⎯⎯⎯⎯[89/113]⎯

 FAIL  src/__tests__/insurance/InsuranceMarket.test.jsx > InsuranceMarket > shows sidebar with key metrics
AssertionError: expected 0 to be greater than 0
 ❯ src/__tests__/insurance/InsuranceMarket.test.jsx:25:42
     23|     // Sidebar shows Combined Ratio section if data available
     24|     const combinedRatioSections = screen.queryAllByText('Combined Rati…
     25|     expect(combinedRatioSections.length).toBeGreaterThan(0);
       |                                          ^
     26|   });
     27|

⎯⎯⎯⎯⎯⎯⎯⎯⎯⎯⎯⎯⎯⎯⎯⎯⎯⎯⎯⎯⎯[90/113]⎯

 FAIL  src/__tests__/insurance/InsuranceMarket.test.jsx > InsuranceMarket > shows content grid with all sections 
visible
TestingLibraryElementError: Unable to find an element with the text: HY OAS Spread. This could be because the text is 
broken up by multiple elements. In this case, you can provide a function for your text matcher to make your matcher 
more flexible.

Ignored nodes: comments, script, style
[36m<body>[39m
  [36m<div>[39m
    [36m<div[39m
      [33mclass[39m=[32m"skeleton-market"[39m
    [36m>[39m
      [36m<div[39m
        [33mclass[39m=[32m"skeleton-header"[39m
      [36m>[39m
        [36m<div[39m
          [33mclass[39m=[32m"skeleton skeleton-tab"[39m
        [36m/>[39m
        [36m<div[39m
          [33mclass[39m=[32m"skeleton skeleton-tab"[39m
        [36m/>[39m
        [36m<div[39m
          [33mclass[39m=[32m"skeleton skeleton-tab"[39m
        [36m/>[39m
        [36m<div[39m
          [33mclass[39m=[32m"skeleton skeleton-tab"[39m
        [36m/>[39m
      [36m</div>[39m
      [36m<div[39m
        [33mclass[39m=[32m"skeleton skeleton-status"[39m
      [36m/>[39m
      [36m<div[39m
        [33mclass[39m=[32m"skeleton-kpi-strip"[39m
      [36m>[39m
        [36m<div[39m
          [33mclass[39m=[32m"skeleton skeleton-kpi"[39m
        [36m/>[39m
        [36m<div[39m
          [33mclass[39m=[32m"skeleton skeleton-kpi"[39m
        [36m/>[39m
        [36m<div[39m
          [33mclass[39m=[32m"skeleton skeleton-kpi"[39m
        [36m/>[39m
        [36m<div[39m
          [33mclass[39m=[32m"skeleton skeleton-kpi"[39m
        [36m/>[39m
      [36m</div>[39m
      [36m<div[39m
        [33mclass[39m=[32m"skeleton-row"[39m
      [36m>[39m
        [36m<div[39m
          [33mclass[39m=[32m"skeleton skeleton-chart"[39m
        [36m/>[39m
        [36m<div[39m
          [33mclass[39m=[32m"skeleton skeleton-chart"[39m
        [36m/>[39m
      [36m</div>[39m
      [36m<div[39m
        [33mclass[39m=[32m"skeleton skeleton-table"[39m
      [36m/>[39m
      [36m<div[39m
        [33mclass[39m=[32m"skeleton skeleton-footer"[39m
      [36m/>[39m
    [36m</div>[39m
  [36m</div>[39m
[36m</body>[39m
 ❯ Object.getElementError node_modules/@testing-library/dom/dist/config.js:37:19
 ❯ node_modules/@testing-library/dom/dist/query-helpers.js:76:38
 ❯ node_modules/@testing-library/dom/dist/query-helpers.js:52:17
 ❯ node_modules/@testing-library/dom/dist/query-helpers.js:95:19
 ❯ src/__tests__/insurance/InsuranceMarket.test.jsx:33:31
     31|     // All content is visible without tabs - check for various panels
     32|     // HY OAS Spread chart should appear in main content
     33|     const hyOasPanel = screen.getByText('HY OAS Spread');
       |                               ^
     34|     expect(hyOasPanel).toBeInTheDocument();
     35|   });

⎯⎯⎯⎯⎯⎯⎯⎯⎯⎯⎯⎯⎯⎯⎯⎯⎯⎯⎯⎯⎯[91/113]⎯

 FAIL  src/__tests__/insurance/InsuranceMarket.test.jsx > InsuranceMarket > shows mock data status when server 
unavailable
TestingLibraryElementError: Unable to find an element with the text: /mock data/i. This could be because the text is 
broken up by multiple elements. In this case, you can provide a function for your text matcher to make your matcher 
more flexible.

Ignored nodes: comments, script, style
[36m<body>[39m
  [36m<div>[39m
    [36m<div[39m
      [33mclass[39m=[32m"skeleton-market"[39m
    [36m>[39m
      [36m<div[39m
        [33mclass[39m=[32m"skeleton-header"[39m
      [36m>[39m
        [36m<div[39m
          [33mclass[39m=[32m"skeleton skeleton-tab"[39m
        [36m/>[39m
        [36m<div[39m
          [33mclass[39m=[32m"skeleton skeleton-tab"[39m
        [36m/>[39m
        [36m<div[39m
          [33mclass[39m=[32m"skeleton skeleton-tab"[39m
        [36m/>[39m
        [36m<div[39m
          [33mclass[39m=[32m"skeleton skeleton-tab"[39m
        [36m/>[39m
      [36m</div>[39m
      [36m<div[39m
        [33mclass[39m=[32m"skeleton skeleton-status"[39m
      [36m/>[39m
      [36m<div[39m
        [33mclass[39m=[32m"skeleton-kpi-strip"[39m
      [36m>[39m
        [36m<div[39m
          [33mclass[39m=[32m"skeleton skeleton-kpi"[39m
        [36m/>[39m
        [36m<div[39m
          [33mclass[39m=[32m"skeleton skeleton-kpi"[39m
        [36m/>[39m
        [36m<div[39m
          [33mclass[39m=[32m"skeleton skeleton-kpi"[39m
        [36m/>[39m
        [36m<div[39m
          [33mclass[39m=[32m"skeleton skeleton-kpi"[39m
        [36m/>[39m
      [36m</div>[39m
      [36m<div[39m
        [33mclass[39m=[32m"skeleton-row"[39m
      [36m>[39m
        [36m<div[39m
          [33mclass[39m=[32m"skeleton skeleton-chart"[39m
        [36m/>[39m
        [36m<div[39m
          [33mclass[39m=[32m"skeleton skeleton-chart"[39m
        [36m/>[39m
      [36m</div>[39m
      [36m<div[39m
        [33mclass[39m=[32m"skeleton skeleton-table"[39m
      [36m/>[39m
      [36m<div[39m
        [33mclass[39m=[32m"skeleton skeleton-footer"[39m
      [36m/>[39m
    [36m</div>[39m
  [36m</div>[39m
[36m</body>[39m
 ❯ Object.getElementError node_modules/@testing-library/dom/dist/config.js:37:19
 ❯ node_modules/@testing-library/dom/dist/query-helpers.js:76:38
 ❯ node_modules/@testing-library/dom/dist/query-helpers.js:109:15
 ❯ src/__tests__/insurance/InsuranceMarket.test.jsx:41:37
     39|     await waitFor(() => expect(screen.queryByText(/loading/i)).not.toB…
     40|     // Multiple components may show mock data status
     41|     const mockDataElements = screen.getAllByText(/mock data/i);
       |                                     ^
     42|     expect(mockDataElements.length).toBeGreaterThan(0);
     43|   });

⎯⎯⎯⎯⎯⎯⎯⎯⎯⎯⎯⎯⎯⎯⎯⎯⎯⎯⎯⎯⎯[92/113]⎯

 FAIL  src/__tests__/insurance/useInsuranceData.test.js > useInsuranceData > returns mock catBondSpreads on initial 
render
AssertionError: expected false to be true // Object.is equality

- Expected
+ Received

- true
+ false

 ❯ src/__tests__/insurance/useInsuranceData.test.js:22:58
     20|     const { result } = renderHook(() => useInsuranceData());
     21|     await waitFor(() => expect(result.current.isLoading).toBe(false));
     22|     expect(Array.isArray(result.current.catBondSpreads)).toBe(true);
       |                                                          ^
     23|     expect(result.current.catBondSpreads.length).toBeGreaterThanOrEqua…
     24|     expect(result.current.catBondSpreads[0]).toMatchObject({

⎯⎯⎯⎯⎯⎯⎯⎯⎯⎯⎯⎯⎯⎯⎯⎯⎯⎯⎯⎯⎯[93/113]⎯

 FAIL  src/__tests__/insurance/useInsuranceData.test.js > useInsuranceData > returns mock combinedRatioData on server 
failure
TypeError: Cannot read properties of null (reading 'quarters')
 ❯ src/__tests__/insurance/useInsuranceData.test.js:36:59
     34|     const { result } = renderHook(() => useInsuranceData());
     35|     await waitFor(() => expect(result.current.isLoading).toBe(false));
     36|     expect(Array.isArray(result.current.combinedRatioData.quarters)).t…
       |                                                           ^
     37|     expect(result.current.combinedRatioData.quarters.length).toBeGreat…
     38|     expect(result.current.isLive).toBe(false);

⎯⎯⎯⎯⎯⎯⎯⎯⎯⎯⎯⎯⎯⎯⎯⎯⎯⎯⎯⎯⎯[94/113]⎯

 FAIL  src/__tests__/insurance/useInsuranceData.test.js > useInsuranceData > returns mock reserveAdequacyData on 
server failure
TypeError: Cannot read properties of null (reading 'lines')
 ❯ src/__tests__/insurance/useInsuranceData.test.js:46:37
     44|     await waitFor(() => expect(result.current.isLoading).toBe(false));
     45|     const { reserveAdequacyData } = result.current;
     46|     const len = reserveAdequacyData.lines.length;
       |                                     ^
     47|     expect(len).toBeGreaterThanOrEqual(4);
     48|     expect(reserveAdequacyData.reserves.length).toBe(len);

⎯⎯⎯⎯⎯⎯⎯⎯⎯⎯⎯⎯⎯⎯⎯⎯⎯⎯⎯⎯⎯[95/113]⎯

 FAIL  src/__tests__/insurance/useInsuranceData.test.js > useInsuranceData > uses live combinedRatioData when server 
responds
AssertionError: expected '2026-04-04 19:14:46' to be '2026-04-04' // Object.is equality

Expected: "2026-04-04"
Received: "2026-04-04 19:14:46"

 ❯ src/__tests__/insurance/useInsuranceData.test.js:72:40
     70|     expect(result.current.combinedRatioData.lines['Progressive']).toEq…
     71|     expect(result.current.isLive).toBe(true);
     72|     expect(result.current.lastUpdated).toBe('2026-04-04');
       |                                        ^
     73|   });
     74|

⎯⎯⎯⎯⎯⎯⎯⎯⎯⎯⎯⎯⎯⎯⎯⎯⎯⎯⎯⎯⎯[96/113]⎯

 FAIL  src/__tests__/insurance/useInsuranceData.test.js > useInsuranceData > scales catBondSpreads when hyOAS is 
provided
TypeError: Cannot read properties of null (reading 'forEach')
 ❯ src/__tests__/insurance/useInsuranceData.test.js:89:35
     87|     // hyOAS 700 / baseline 350 = factor 2.0, so spreads should double
     88|     const originalSpreads = [620, 580, 840, 710, 390, 450, 760, 310, 9…
     89|     result.current.catBondSpreads.forEach((bond, i) => {
       |                                   ^
     90|       expect(bond.spread).toBe(Math.round(originalSpreads[i] * 2));
     91|     });

⎯⎯⎯⎯⎯⎯⎯⎯⎯⎯⎯⎯⎯⎯⎯⎯⎯⎯⎯⎯⎯[97/113]⎯

 FAIL  src/__tests__/insurance/useInsuranceData.test.js > useInsuranceData > returns reinsurancePricing array with 
required fields
AssertionError: expected false to be true // Object.is equality

- Expected
+ Received

- true
+ false

 ❯ src/__tests__/insurance/useInsuranceData.test.js:99:47
     97|     await waitFor(() => expect(result.current.isLoading).toBe(false));
     98|     const { reinsurancePricing } = result.current;
     99|     expect(Array.isArray(reinsurancePricing)).toBe(true);
       |                                               ^
    100|     expect(reinsurancePricing.length).toBeGreaterThanOrEqual(8);
    101|     expect(reinsurancePricing[0]).toMatchObject({

⎯⎯⎯⎯⎯⎯⎯⎯⎯⎯⎯⎯⎯⎯⎯⎯⎯⎯⎯⎯⎯[98/113]⎯

 FAIL  src/__tests__/realEstate/PriceIndex.test.jsx > PriceIndex > renders the echarts chart
TestingLibraryElementError: Unable to find an element by: [data-testid="echarts-mock"]

Ignored nodes: comments, script, style
[36m<body>[39m
  [36m<div>[39m
    [36m<div[39m
      [33mclass[39m=[32m"re-panel"[39m
    [36m>[39m
      [36m<div[39m
        [33mclass[39m=[32m"re-panel-header"[39m
      [36m>[39m
        [36m<span[39m
          [33mclass[39m=[32m"re-panel-title"[39m
        [36m>[39m
          [0mPrice Index[0m
        [36m</span>[39m
        [36m<span[39m
          [33mclass[39m=[32m"re-panel-subtitle"[39m
        [36m>[39m
          [0m2[0m
          [0m markets · quarterly · indexed to 100[0m
        [36m</span>[39m
      [36m</div>[39m
      [36m<div[39m
        [33mclass[39m=[32m"re-kpi-strip"[39m
      [36m>[39m
        [36m<div[39m
          [33mclass[39m=[32m"re-kpi-pill"[39m
        [36m>[39m
          [36m<span[39m
            [33mclass[39m=[32m"re-kpi-label"[39m
          [36m>[39m
            [0mUS Index[0m
          [36m</span>[39m
          [36m<span[39m
            [33mclass[39m=[32m"re-kpi-value"[39m
          [36m>[39m
            [0m205[0m
          [36m</span>[39m
        [36m</div>[39m
        [36m<div[39m
          [33mclass[39m=[32m"re-kpi-pill"[39m
        [36m>[39m
          [36m<span[39m
            [33mclass[39m=[32m"re-kpi-label"[39m
          [36m>[39m
            [0mFrom Peak[0m
          [36m</span>[39m
          [36m<span[39m
            [33mclass[39m=[32m"re-kpi-value negative"[39m
          [36m>[39m
            [0m-2.4[0m
            [0m%[0m
          [36m</span>[39m
        [36m</div>[39m
      [36m</div>[39m
      [36m<div[39m
        [33mclass[39m=[32m"re-wide-narrow"[39m
      [36m>[39m
        [36m<div[39m
          [33mclass[39m=[32m"re-chart-panel"[39m
        [36m>[39m
          [36m<div[39m
            [33mclass[39m=[32m"re-chart-title"[39m
          [36m>[39m
            [0mGlobal House Price Indices (BIS)[0m
          [36m</div>[39m
          [36m<div[39m
            [33mclass[39m=[32m"re-mini-chart"[39m
          [36m>[39m
            [36m<div[39m
              [33mstyle[39m=[32m"height: 100%; width: 100%; min-height: 100%; min-width: 0px; position: relative; 
overflow: hidden; cursor: pointer;"[39m
            [36m/>[39m
          [36m</div>[39m
        [36m</div>[39m
        [36m<div[39m
          [33mclass[39m=[32m"re-chart-panel"[39m
        [36m>[39m
          [36m<div[39m
            [33mclass[39m=[32m"re-chart-title"[39m
          [36m>[39m
            [0mUS Metro Indices (Case-Shiller)[0m
          [36m</div>[39m
          [36m<div[39m
            [33mstyle[39m=[32m"flex: 1 1 0%; display: flex; align-items: center; justify-content: center; color: 
rgb(71, 85, 105); font-size: 11px;"[39m
          [36m>[39m
            [0mMetro data not available[0m
          [36m</div>[39m
        [36m</div>[39m
      [36m</div>[39m
      [36m<div[39m
        [33mclass[39m=[32m"re-panel-footer"[39m
      [36m>[39m
        [0mBIS Index base = 100 · Source: national statistical agencies + S&P CoreLogic Case-Shiller[0m
      [36m</div>[39m
    [36m</div>[39m
  [36m</div>[39m
[36m</body>[39m
 ❯ Object.getElementError node_modules/@testing-library/dom/dist/config.js:37:19
 ❯ node_modules/@testing-library/dom/dist/query-helpers.js:76:38
 ❯ node_modules/@testing-library/dom/dist/query-helpers.js:52:17
 ❯ node_modules/@testing-library/dom/dist/query-helpers.js:95:19
 ❯ src/__tests__/realEstate/PriceIndex.test.jsx:20:19
     18|   it('renders the echarts chart', () => {
     19|     render(<PriceIndex priceIndexData={mockData} />);
     20|     expect(screen.getByTestId('echarts-mock')).toBeInTheDocument();
       |                   ^
     21|   });
     22|

⎯⎯⎯⎯⎯⎯⎯⎯⎯⎯⎯⎯⎯⎯⎯⎯⎯⎯⎯⎯⎯[99/113]⎯

 FAIL  src/__tests__/realEstate/RealEstateMarket.test.jsx > RealEstateMarket > renders unified dashboard after loading
TestingLibraryElementError: Unable to find an element with the text: /Case-Shiller/i. This could be because the text 
is broken up by multiple elements. In this case, you can provide a function for your text matcher to make your matcher 
more flexible.

Ignored nodes: comments, script, style
[36m<body>[39m
  [36m<div>[39m
    [36m<div[39m
      [33mclass[39m=[32m"skeleton-market"[39m
    [36m>[39m
      [36m<div[39m
        [33mclass[39m=[32m"skeleton-header"[39m
      [36m>[39m
        [36m<div[39m
          [33mclass[39m=[32m"skeleton skeleton-tab"[39m
        [36m/>[39m
        [36m<div[39m
          [33mclass[39m=[32m"skeleton skeleton-tab"[39m
        [36m/>[39m
        [36m<div[39m
          [33mclass[39m=[32m"skeleton skeleton-tab"[39m
        [36m/>[39m
        [36m<div[39m
          [33mclass[39m=[32m"skeleton skeleton-tab"[39m
        [36m/>[39m
      [36m</div>[39m
      [36m<div[39m
        [33mclass[39m=[32m"skeleton skeleton-status"[39m
      [36m/>[39m
      [36m<div[39m
        [33mclass[39m=[32m"skeleton-kpi-strip"[39m
      [36m>[39m
        [36m<div[39m
          [33mclass[39m=[32m"skeleton skeleton-kpi"[39m
        [36m/>[39m
        [36m<div[39m
          [33mclass[39m=[32m"skeleton skeleton-kpi"[39m
        [36m/>[39m
        [36m<div[39m
          [33mclass[39m=[32m"skeleton skeleton-kpi"[39m
        [36m/>[39m
        [36m<div[39m
          [33mclass[39m=[32m"skeleton skeleton-kpi"[39m
        [36m/>[39m
      [36m</div>[39m
      [36m<div[39m
        [33mclass[39m=[32m"skeleton-row"[39m
      [36m>[39m
        [36m<div[39m
          [33mclass[39m=[32m"skeleton skeleton-chart"[39m
        [36m/>[39m
        [36m<div[39m
          [33mclass[39m=[32m"skeleton skeleton-chart"[39m
        [36m/>[39m
      [36m</div>[39m
      [36m<div[39m
        [33mclass[39m=[32m"skeleton skeleton-table"[39m
      [36m/>[39m
      [36m<div[39m
        [33mclass[39m=[32m"skeleton skeleton-footer"[39m
      [36m/>[39m
    [36m</div>[39m
  [36m</div>[39m
[36m</body>[39m
 ❯ Object.getElementError node_modules/@testing-library/dom/dist/config.js:37:19
 ❯ node_modules/@testing-library/dom/dist/query-helpers.js:76:38
 ❯ node_modules/@testing-library/dom/dist/query-helpers.js:109:15
 ❯ src/__tests__/realEstate/RealEstateMarket.test.jsx:16:40
     14|     await waitFor(() => expect(screen.queryByText(/loading/i)).not.toB…
     15|     // Dashboard shows Case-Shiller section (may appear multiple times)
     16|     const caseShillerElements = screen.getAllByText(/Case-Shiller/i);
       |                                        ^
     17|     expect(caseShillerElements.length).toBeGreaterThan(0);
     18|   });

⎯⎯⎯⎯⎯⎯⎯⎯⎯⎯⎯⎯⎯⎯⎯⎯⎯⎯⎯⎯[100/113]⎯

 FAIL  src/__tests__/realEstate/RealEstateMarket.test.jsx > RealEstateMarket > shows sidebar with key metrics
TestingLibraryElementError: Unable to find an element with the text: Home Prices. This could be because the text is 
broken up by multiple elements. In this case, you can provide a function for your text matcher to make your matcher 
more flexible.

Ignored nodes: comments, script, style
[36m<body>[39m
  [36m<div>[39m
    [36m<div[39m
      [33mclass[39m=[32m"skeleton-market"[39m
    [36m>[39m
      [36m<div[39m
        [33mclass[39m=[32m"skeleton-header"[39m
      [36m>[39m
        [36m<div[39m
          [33mclass[39m=[32m"skeleton skeleton-tab"[39m
        [36m/>[39m
        [36m<div[39m
          [33mclass[39m=[32m"skeleton skeleton-tab"[39m
        [36m/>[39m
        [36m<div[39m
          [33mclass[39m=[32m"skeleton skeleton-tab"[39m
        [36m/>[39m
        [36m<div[39m
          [33mclass[39m=[32m"skeleton skeleton-tab"[39m
        [36m/>[39m
      [36m</div>[39m
      [36m<div[39m
        [33mclass[39m=[32m"skeleton skeleton-status"[39m
      [36m/>[39m
      [36m<div[39m
        [33mclass[39m=[32m"skeleton-kpi-strip"[39m
      [36m>[39m
        [36m<div[39m
          [33mclass[39m=[32m"skeleton skeleton-kpi"[39m
        [36m/>[39m
        [36m<div[39m
          [33mclass[39m=[32m"skeleton skeleton-kpi"[39m
        [36m/>[39m
        [36m<div[39m
          [33mclass[39m=[32m"skeleton skeleton-kpi"[39m
        [36m/>[39m
        [36m<div[39m
          [33mclass[39m=[32m"skeleton skeleton-kpi"[39m
        [36m/>[39m
      [36m</div>[39m
      [36m<div[39m
        [33mclass[39m=[32m"skeleton-row"[39m
      [36m>[39m
        [36m<div[39m
          [33mclass[39m=[32m"skeleton skeleton-chart"[39m
        [36m/>[39m
        [36m<div[39m
          [33mclass[39m=[32m"skeleton skeleton-chart"[39m
        [36m/>[39m
      [36m</div>[39m
      [36m<div[39m
        [33mclass[39m=[32m"skeleton skeleton-table"[39m
      [36m/>[39m
      [36m<div[39m
        [33mclass[39m=[32m"skeleton skeleton-footer"[39m
      [36m/>[39m
    [36m</div>[39m
  [36m</div>[39m
[36m</body>[39m
 ❯ Object.getElementError node_modules/@testing-library/dom/dist/config.js:37:19
 ❯ node_modules/@testing-library/dom/dist/query-helpers.js:76:38
 ❯ node_modules/@testing-library/dom/dist/query-helpers.js:52:17
 ❯ node_modules/@testing-library/dom/dist/query-helpers.js:95:19
 ❯ src/__tests__/realEstate/RealEstateMarket.test.jsx:24:38
     22|     await waitFor(() => expect(screen.queryByText(/loading/i)).not.toB…
     23|     // Sidebar shows Home Prices section
     24|     const homePricesSection = screen.getByText('Home Prices');
       |                                      ^
     25|     expect(homePricesSection).toBeInTheDocument();
     26|   });

⎯⎯⎯⎯⎯⎯⎯⎯⎯⎯⎯⎯⎯⎯⎯⎯⎯⎯⎯⎯[101/113]⎯

 FAIL  src/__tests__/realEstate/RealEstateMarket.test.jsx > RealEstateMarket > shows content grid with all sections 
visible
TestingLibraryElementError: Unable to find an element with the text: /Case-Shiller/i. This could be because the text 
is broken up by multiple elements. In this case, you can provide a function for your text matcher to make your matcher 
more flexible.

Ignored nodes: comments, script, style
[36m<body>[39m
  [36m<div>[39m
    [36m<div[39m
      [33mclass[39m=[32m"skeleton-market"[39m
    [36m>[39m
      [36m<div[39m
        [33mclass[39m=[32m"skeleton-header"[39m
      [36m>[39m
        [36m<div[39m
          [33mclass[39m=[32m"skeleton skeleton-tab"[39m
        [36m/>[39m
        [36m<div[39m
          [33mclass[39m=[32m"skeleton skeleton-tab"[39m
        [36m/>[39m
        [36m<div[39m
          [33mclass[39m=[32m"skeleton skeleton-tab"[39m
        [36m/>[39m
        [36m<div[39m
          [33mclass[39m=[32m"skeleton skeleton-tab"[39m
        [36m/>[39m
      [36m</div>[39m
      [36m<div[39m
        [33mclass[39m=[32m"skeleton skeleton-status"[39m
      [36m/>[39m
      [36m<div[39m
        [33mclass[39m=[32m"skeleton-kpi-strip"[39m
      [36m>[39m
        [36m<div[39m
          [33mclass[39m=[32m"skeleton skeleton-kpi"[39m
        [36m/>[39m
        [36m<div[39m
          [33mclass[39m=[32m"skeleton skeleton-kpi"[39m
        [36m/>[39m
        [36m<div[39m
          [33mclass[39m=[32m"skeleton skeleton-kpi"[39m
        [36m/>[39m
        [36m<div[39m
          [33mclass[39m=[32m"skeleton skeleton-kpi"[39m
        [36m/>[39m
      [36m</div>[39m
      [36m<div[39m
        [33mclass[39m=[32m"skeleton-row"[39m
      [36m>[39m
        [36m<div[39m
          [33mclass[39m=[32m"skeleton skeleton-chart"[39m
        [36m/>[39m
        [36m<div[39m
          [33mclass[39m=[32m"skeleton skeleton-chart"[39m
        [36m/>[39m
      [36m</div>[39m
      [36m<div[39m
        [33mclass[39m=[32m"skeleton skeleton-table"[39m
      [36m/>[39m
      [36m<div[39m
        [33mclass[39m=[32m"skeleton skeleton-footer"[39m
      [36m/>[39m
    [36m</div>[39m
  [36m</div>[39m
[36m</body>[39m
 ❯ Object.getElementError node_modules/@testing-library/dom/dist/config.js:37:19
 ❯ node_modules/@testing-library/dom/dist/query-helpers.js:76:38
 ❯ node_modules/@testing-library/dom/dist/query-helpers.js:109:15
 ❯ src/__tests__/realEstate/RealEstateMarket.test.jsx:33:40
     31|     // All content is visible without tabs - check for various panels
     32|     // Case-Shiller appears in sidebar and as a chart panel
     33|     const caseShillerElements = screen.getAllByText(/Case-Shiller/i);
       |                                        ^
     34|     expect(caseShillerElements.length).toBeGreaterThan(0);
     35|   });

⎯⎯⎯⎯⎯⎯⎯⎯⎯⎯⎯⎯⎯⎯⎯⎯⎯⎯⎯⎯[102/113]⎯

 FAIL  src/__tests__/realEstate/RealEstateMarket.test.jsx > RealEstateMarket > shows mock data status when server 
unavailable
TestingLibraryElementError: Unable to find an element with the text: /mock data/i. This could be because the text is 
broken up by multiple elements. In this case, you can provide a function for your text matcher to make your matcher 
more flexible.

Ignored nodes: comments, script, style
[36m<body>[39m
  [36m<div>[39m
    [36m<div[39m
      [33mclass[39m=[32m"skeleton-market"[39m
    [36m>[39m
      [36m<div[39m
        [33mclass[39m=[32m"skeleton-header"[39m
      [36m>[39m
        [36m<div[39m
          [33mclass[39m=[32m"skeleton skeleton-tab"[39m
        [36m/>[39m
        [36m<div[39m
          [33mclass[39m=[32m"skeleton skeleton-tab"[39m
        [36m/>[39m
        [36m<div[39m
          [33mclass[39m=[32m"skeleton skeleton-tab"[39m
        [36m/>[39m
        [36m<div[39m
          [33mclass[39m=[32m"skeleton skeleton-tab"[39m
        [36m/>[39m
      [36m</div>[39m
      [36m<div[39m
        [33mclass[39m=[32m"skeleton skeleton-status"[39m
      [36m/>[39m
      [36m<div[39m
        [33mclass[39m=[32m"skeleton-kpi-strip"[39m
      [36m>[39m
        [36m<div[39m
          [33mclass[39m=[32m"skeleton skeleton-kpi"[39m
        [36m/>[39m
        [36m<div[39m
          [33mclass[39m=[32m"skeleton skeleton-kpi"[39m
        [36m/>[39m
        [36m<div[39m
          [33mclass[39m=[32m"skeleton skeleton-kpi"[39m
        [36m/>[39m
        [36m<div[39m
          [33mclass[39m=[32m"skeleton skeleton-kpi"[39m
        [36m/>[39m
      [36m</div>[39m
      [36m<div[39m
        [33mclass[39m=[32m"skeleton-row"[39m
      [36m>[39m
        [36m<div[39m
          [33mclass[39m=[32m"skeleton skeleton-chart"[39m
        [36m/>[39m
        [36m<div[39m
          [33mclass[39m=[32m"skeleton skeleton-chart"[39m
        [36m/>[39m
      [36m</div>[39m
      [36m<div[39m
        [33mclass[39m=[32m"skeleton skeleton-table"[39m
      [36m/>[39m
      [36m<div[39m
        [33mclass[39m=[32m"skeleton skeleton-footer"[39m
      [36m/>[39m
    [36m</div>[39m
  [36m</div>[39m
[36m</body>[39m
 ❯ Object.getElementError node_modules/@testing-library/dom/dist/config.js:37:19
 ❯ node_modules/@testing-library/dom/dist/query-helpers.js:76:38
 ❯ node_modules/@testing-library/dom/dist/query-helpers.js:109:15
 ❯ src/__tests__/realEstate/RealEstateMarket.test.jsx:41:37
     39|     await waitFor(() => expect(screen.queryByText(/loading/i)).not.toB…
     40|     // Multiple components may show mock data status
     41|     const mockDataElements = screen.getAllByText(/mock data/i);
       |                                     ^
     42|     expect(mockDataElements.length).toBeGreaterThan(0);
     43|   });

⎯⎯⎯⎯⎯⎯⎯⎯⎯⎯⎯⎯⎯⎯⎯⎯⎯⎯⎯⎯[103/113]⎯

 FAIL  src/__tests__/realEstate/useRealEstateData.test.js > useRealEstateData > returns mock reitData on server failure
AssertionError: expected false to be true // Object.is equality

- Expected
+ Received

- true
+ false

 ❯ src/__tests__/realEstate/useRealEstateData.test.js:16:37
     14|     await waitFor(() => expect(result.current.isLoading).toBe(false));
     15|     const { reitData } = result.current;
     16|     expect(Array.isArray(reitData)).toBe(true);
       |                                     ^
     17|     expect(reitData.length).toBeGreaterThanOrEqual(8);
     18|     expect(result.current.isLive).toBe(false);

⎯⎯⎯⎯⎯⎯⎯⎯⎯⎯⎯⎯⎯⎯⎯⎯⎯⎯⎯⎯[104/113]⎯

 FAIL  src/__tests__/realEstate/useRealEstateData.test.js > useRealEstateData > returns mock priceIndexData on server 
failure
TypeError: Cannot read properties of null (reading 'US')
 ❯ src/__tests__/realEstate/useRealEstateData.test.js:26:27
     24|     await waitFor(() => expect(result.current.isLoading).toBe(false));
     25|     const { priceIndexData } = result.current;
     26|     expect(priceIndexData.US).toBeDefined();
       |                           ^
     27|     expect(Array.isArray(priceIndexData.US.dates)).toBe(true);
     28|     expect(priceIndexData.US.values.length).toBe(priceIndexData.US.dat…

⎯⎯⎯⎯⎯⎯⎯⎯⎯⎯⎯⎯⎯⎯⎯⎯⎯⎯⎯⎯[105/113]⎯

 FAIL  src/__tests__/realEstate/useRealEstateData.test.js > useRealEstateData > always returns mock affordabilityData 
and capRateData on fallback
TypeError: Cannot read properties of null (reading 'current')
 ❯ src/__tests__/realEstate/useRealEstateData.test.js:66:45
     64|     await waitFor(() => expect(result.current.isLoading).toBe(false));
     65|     expect(result.current.affordabilityData).toBeDefined();
     66|     expect(result.current.affordabilityData.current).toBeDefined();
       |                                             ^
     67|     expect(result.current.affordabilityData.current.medianPrice).toBeG…
     68|     expect(Array.isArray(result.current.capRateData)).toBe(true);

⎯⎯⎯⎯⎯⎯⎯⎯⎯⎯⎯⎯⎯⎯⎯⎯⎯⎯⎯⎯[106/113]⎯

 FAIL  src/__tests__/sentiment/useSentimentData.test.js > useSentimentData > returns fearGreedData with 252-entry 
history on mock fallback
TypeError: Cannot read properties of null (reading 'history')
 ❯ src/__tests__/sentiment/useSentimentData.test.js:17:41
     15|     const { result } = renderHook(() => useSentimentData());
     16|     await waitFor(() => expect(result.current.isLoading).toBe(false));
     17|     expect(result.current.fearGreedData.history.length).toBeGreaterTha…
       |                                         ^
     18|     expect(result.current.fearGreedData.score).toBeGreaterThanOrEqual(…
     19|     expect(result.current.fearGreedData.indicators).toHaveLength(5);

⎯⎯⎯⎯⎯⎯⎯⎯⎯⎯⎯⎯⎯⎯⎯⎯⎯⎯⎯⎯[107/113]⎯

 FAIL  src/__tests__/sentiment/useSentimentData.test.js > useSentimentData > returns cftcData with 6 currencies and 
correct groups on mock fallback
TypeError: Cannot read properties of null (reading 'currencies')
 ❯ src/__tests__/sentiment/useSentimentData.test.js:26:36
     24|     const { result } = renderHook(() => useSentimentData());
     25|     await waitFor(() => expect(result.current.isLoading).toBe(false));
     26|     expect(result.current.cftcData.currencies).toHaveLength(6);
       |                                    ^
     27|     expect(result.current.cftcData.equities).toHaveLength(2);
     28|     expect(result.current.cftcData.rates).toHaveLength(1);

⎯⎯⎯⎯⎯⎯⎯⎯⎯⎯⎯⎯⎯⎯⎯⎯⎯⎯⎯⎯[108/113]⎯

 FAIL  src/__tests__/sentiment/useSentimentData.test.js > useSentimentData > returns riskData with 6 signals of 
correct shape on mock fallback
TypeError: Cannot read properties of null (reading 'signals')
 ❯ src/__tests__/sentiment/useSentimentData.test.js:39:36
     37|     const { result } = renderHook(() => useSentimentData());
     38|     await waitFor(() => expect(result.current.isLoading).toBe(false));
     39|     expect(result.current.riskData.signals).toHaveLength(6);
       |                                    ^
     40|     expect(result.current.riskData.signals[0]).toMatchObject({
     41|       name: expect.any(String),

 Test Files  34 failed | 15 passed (49)
      Tests  113 failed | 184 passed (297)
   Start at  19:14:41
   Duration  14.95s (transform 9.98s, setup 13.17s, import 28.90s, tests 18.45s, environment 121.73s)


⎯⎯⎯⎯⎯⎯⎯⎯⎯⎯⎯⎯⎯⎯⎯⎯⎯⎯⎯⎯[109/113]⎯

 FAIL  src/__tests__/sentiment/useSentimentData.test.js > useSentimentData > returns returnsData with 8 assets all 
having ret1d and ret1m on mock fallback
TypeError: Cannot read properties of null (reading 'assets')
 ❯ src/__tests__/sentiment/useSentimentData.test.js:51:39
     49|     const { result } = renderHook(() => useSentimentData());
     50|     await waitFor(() => expect(result.current.isLoading).toBe(false));
     51|     expect(result.current.returnsData.assets).toHaveLength(8);
       |                                       ^
     52|     result.current.returnsData.assets.forEach(a => {
     53|       expect(typeof a.ret1d).toBe('number');

⎯⎯⎯⎯⎯⎯⎯⎯⎯⎯⎯⎯⎯⎯⎯⎯⎯⎯⎯⎯[110/113]⎯

 FAIL  src/__tests__/sentiment/useSentimentData.test.js > useSentimentData > sets isLive true and replaces data when 
server responds with valid payload
AssertionError: expected '2026-04-05 19:14:46' to be '2026-04-05' // Object.is equality

Expected: "2026-04-05"
Received: "2026-04-05 19:14:46"

 ❯ src/__tests__/sentiment/useSentimentData.test.js:99:40
     97|     await waitFor(() => expect(result.current.isLive).toBe(true));
     98|     expect(result.current.fearGreedData.score).toBe(62);
     99|     expect(result.current.lastUpdated).toBe('2026-04-05');
       |                                        ^
    100|   });
    101|

⎯⎯⎯⎯⎯⎯⎯⎯⎯⎯⎯⎯⎯⎯⎯⎯⎯⎯⎯⎯[111/113]⎯

 FAIL  src/__tests__/sentiment/useSentimentData.test.js > useSentimentData > guard: does not apply cftcData when 
currencies.length < 4
AssertionError: expected [ { code: 'EUR', name: 'Euro', …(4) } ] to have a length of 6 but got 1

- Expected
+ Received

- 6
+ 1

 ❯ src/__tests__/sentiment/useSentimentData.test.js:116:48
    114|     const { result } = renderHook(() => useSentimentData());
    115|     await waitFor(() => expect(result.current.isLoading).toBe(false));
    116|     expect(result.current.cftcData.currencies).toHaveLength(6); // moc…
       |                                                ^
    117|     expect(result.current.isLive).toBe(false);
    118|   });

⎯⎯⎯⎯⎯⎯⎯⎯⎯⎯⎯⎯⎯⎯⎯⎯⎯⎯⎯⎯[112/113]⎯

 FAIL  src/__tests__/sentiment/useSentimentData.test.js > useSentimentData > exposes fetchedOn and isCurrent
AssertionError: expected '2026-04-05 19:14:46' to be '2026-04-05' // Object.is equality

Expected: "2026-04-05"
Received: "2026-04-05 19:14:46"

 ❯ src/__tests__/sentiment/useSentimentData.test.js:139:38
    137|     const { result } = renderHook(() => useSentimentData());
    138|     await waitFor(() => expect(result.current.isLoading).toBe(false));
    139|     expect(result.current.fetchedOn).toBe('2026-04-05');
       |                                      ^
    140|     expect(result.current.isCurrent).toBe(true);
    141|   });

⎯⎯⎯⎯⎯⎯⎯⎯⎯⎯⎯⎯⎯⎯⎯⎯⎯⎯⎯⎯[113/113]⎯

